******************************************************************************
                  TI ARM Linker Unix v15.12.1                  
******************************************************************************
>> Linked Tue Aug 30 12:57:34 2016

OUTPUT FILE NAME:   <doubi_mouse.out>
ENTRY POINT SYMBOL: "_c_int00"  address: 0000b641


MEMORY CONFIGURATION

         name            origin    length      used     unused   attr    fill
----------------------  --------  ---------  --------  --------  ----  --------
  FLASH                 00000000   00040000  00010b9e  0002f462  R  X
  SRAM                  20000000   00008000  000059d3  0000262d  RW X


SEGMENT ALLOCATION MAP

run origin  load origin   length   init length attrs members
----------  ----------- ---------- ----------- ----- -------
00000000    00000000    00010ba4   00010ba4    r-x
  00000000    00000000    0000003c   0000003c    r-- .resetVecs
  00000040    00000040    0000e05a   0000e05a    r-x .text
  0000e09c    0000e09c    000026bc   000026bc    r-- .const
  00010758    00010758    0000044c   0000044c    r-- .cinit
20000000    20000000    000059d4   00000000    rw-
  20000000    20000000    00000360   00000000    rw- .vecs
  20000360    20000360    00004b30   00000000    rw- .bss
  20004e90    20004e90    00000743   00000000    rw- .data
  200055d4    200055d4    00000400   00000000    rw- .stack


SECTION ALLOCATION MAP

 output                                  attributes/
section   page    origin      length       input sections
--------  ----  ----------  ----------   ----------------
.text      0    00000040    0000e05a     
                  00000040    00001110     rtsv7M4_T_le_v4SPD16_eabi.lib : _printfi.obj (.text)
                  00001150    00000ed4     IrCorr.obj (.text:_ZN5TskIr14doIrCorrectionEv)
                  00002024    00000588     rtsv7M4_T_le_v4SPD16_eabi.lib : e_powf.obj (.text)
                  000025ac    0000046c     TskMotor.obj (.text:_ZN8TskMotor4taskEjj)
                  00002a18    00000430     sysbios.aem4f : BIOS.obj (.text:ti_sysbios_family_arm_m3_Hwi_excDumpRegs__I)
                  00002e48    0000034c     ti.targets.arm.rtsarm.aem4f : System.oem4f (.text:xdc_runtime_System_doPrint__I)
                  00003194    00000324     rtsv7M4_T_le_v4SPD16_eabi.lib : trgdrv.obj (.text)
                  000034b8    000002d5     TskTop.obj (.text:_ZN6TskTop8modeNameENS_9MouseMode8ModeTypeEPc)
                  0000378d    00000001     --HOLE-- [fill = 0]
                  0000378e    00000002     rtsv7M4_T_le_v4SPD16_eabi.lib : i_div0.obj (.text)
                  00003790    000002d4     TskTop.obj (.text:_ZN6TskTop9irMonitorEv)
                  00003a64    000002b4     TskIr.obj (.text:_ZN5TskIr7irCalcsEv)
                  00003d18    000002ac     sysbios.aem4f : BIOS.obj (.text:ti_sysbios_knl_Semaphore_pend__E)
                  00003fc4    00000286     IrCorr.obj (.text:_ZN5TskIr11linEquSolveEPfi)
                  0000424a    00000006     driverlib.lib : gpio.obj (.text:GPIOIntClear)
                  00004250    00000274     sysbios.aem4f : BIOS.obj (.text:ti_sysbios_knl_Task_Instance_finalize__E)
                  000044c4    00000004     driverlib.lib : i2c.obj (.text:I2CMasterControl)
                  000044c8    00000254     sysbios.aem4f : BIOS.obj (.text:ti_sysbios_heaps_HeapMem_free__E)
                  0000471c    0000024c     TskIr.obj (.text:_ZN5TskIr4taskEjj)
                  00004968    00000248     sysbios.aem4f : BIOS.obj (.text:ti_sysbios_heaps_HeapMem_alloc__E)
                  00004bb0    0000021c                   : BIOS.obj (.text:ti_sysbios_family_arm_lm4_Timer_Instance_init__E)
                  00004dcc    0000020c     drivers_tivaware.aem4f : UARTTiva.oem4f (.text:UARTTiva_open)
                  00004fd8    000001fc     sysbios.aem4f : BIOS.obj (.text:ti_sysbios_family_arm_m3_Hwi_excHandlerMax__I)
                  000051d4    000001f4     rtsv7M4_T_le_v4SPD16_eabi.lib : ull_div_t2.obj (.text)
                  000053c8    000001f4     sysbios.aem4f : BIOS.obj (.text:ti_sysbios_knl_Task_Instance_init__E)
                  000055bc    000001ec     rtsv7M4_T_le_v4SPD16_eabi.lib : e_logf.obj (.text)
                  000057a8    000001dc                                   : e_expf.obj (.text)
                  00005984    00000004     driverlib.lib : i2c.obj (.text:I2CMasterDataGet)
                  00005988    000001d4     sysbios.aem4f : BIOS.obj (.text:ti_sysbios_knl_Task_sleep__E)
                  00005b5c    000001c0     TskTop.obj (.text:_ZN6TskTop13encImuMonitorEv)
                  00005d1c    000001b6     rtsv7M4_T_le_v4SPD16_eabi.lib : fd_add_t2.obj (.text)
                  00005ed2    00000002                                   : newhandler.obj (.text)
                  00005ed4    000001a8     WheelEnc.obj (.text:_Z12WheelEncInitv)
                  0000607c    00000180     TskIr.obj (.text:_ZN5TskIr9irDetInitEv)
                  000061fc    0000017c     IrCorr.obj (.text:_ZN5TskIr11irApprox2ndEPfS0_iS0_)
                  00006378    00000178     Imu.obj (.text:_Z7ImuInitv)
                  000064f0    00000174     Imu.obj (.text:_Z12ImuGetValuesR11__ImuValues)
                  00006664    00000004     driverlib.lib : i2c.obj (.text:I2CMasterDataPut)
                  00006668    00000174     sysbios.aem4f : BIOS.obj (.text:ti_sysbios_family_arm_m3_Hwi_excBusFault__I)
                  000067dc    00000004     driverlib.lib : uart.obj (.text:UARTIntClear)
                  000067e0    00000164     sysbios.aem4f : BIOS.obj (.text:ti_sysbios_family_arm_m3_Hwi_excUsageFault__I)
                  00006944    00000160     TskTop.obj (.text:_ZN6TskTop4taskEjj)
                  00006aa4    00000004     empty_pem4f.oem4f (.text:ti_sysbios_BIOS_RtsGateProxy_enter__E)
                  00006aa8    00000160     sysbios.aem4f : BIOS.obj (.text:ti_sysbios_knl_Mailbox_Instance_init__E)
                  00006c08    00000154     Pid.obj (.text:_ZN3Pid4TickEf)
                  00006d5c    00000150     drivers_tivaware.aem4f : GPIOTiva.oem4f (.text:GPIO_setConfig)
                  00006eac    00000004     empty_pem4f.oem4f (.text:ti_sysbios_BIOS_RtsGateProxy_leave__E)
                  00006eb0    00000148     sysbios.aem4f : BIOS.obj (.text:ti_sysbios_family_arm_m3_Hwi_excMemFault__I)
                  00006ff8    0000013c                   : BIOS.obj (.text:ti_sysbios_heaps_HeapMem_Instance_init__E)
                  00007134    00000136     rtsv7M4_T_le_v4SPD16_eabi.lib : fd_div_t2.obj (.text)
                  0000726a    00000130     driverlib.lib : gpio.obj (.text:GPIOPadConfigSet)
                  0000739a    00000002     empty_pem4f.oem4f (.text:ti_sysbios_BIOS_nullFunc__I)
                  0000739c    00000128     TskIr.obj (.text:_ZN5TskIr13irTimerHookerEj)
                  000074c4    00000124     TskIr.obj (.text:_ZN5TskIr11WaitIrTouchEhii)
                  000075e8    0000011c     sysbios.aem4f : BIOS.obj (.text:ti_sysbios_knl_Clock_Instance_init__E)
                  00007704    00000118     ti.targets.arm.rtsarm.aem4f : Error.oem4f (.text:xdc_runtime_Error_policyDefault__E)
                  0000781c    00000004     sysbios.aem4f : BIOS.obj (.text:ti_sysbios_family_arm_lm4_Timer_masterEnable__I)
                  00007820    00000108                   : BIOS.obj (.text:ti_sysbios_family_arm_lm4_Timer_start__E)
                  00007928    00000100     Boot.aem4f : Boot_sysctl.oem4f (.text:ti_catalog_arm_cortexm4_tiva_ce_Boot_sysCtlClockSetI__I)
                  00007a28    00000100     ti.targets.arm.rtsarm.aem4f : Core-mem.oem4f (.text:xdc_runtime_Core_createObject__I)
                  00007b28    000000fc     rtsv7M4_T_le_v4SPD16_eabi.lib : fd_mul_t2.obj (.text)
                  00007c24    000000fc                                   : s_scalbn.obj (.text)
                  00007d20    000000f8     sysbios.aem4f : BIOS.obj (.text:ti_sysbios_utils_Load_updateThreadContexts__E)
                  00007e18    000000f8     ti.targets.arm.rtsarm.aem4f : Startup.oem4f (.text:xdc_runtime_Startup_startMods__I)
                  00007f10    000000f8     empty_pem4f.oem4f (.text:xdc_runtime_System_printfExtend__I)
                  00008008    000000f4     sysbios.aem4f : m3_Hwi_asm.obj (.text:ti_sysbios_family_arm_m3_Hwi_dispatch__I)
                  000080fc    00000004     empty_pem4f.oem4f (.text:ti_sysbios_family_arm_m3_Hwi_delete)
                  00008100    000000ec     sysbios.aem4f : BIOS.obj (.text:ti_sysbios_knl_Semaphore_post__E)
                  000081ec    00000004     empty_pem4f.oem4f (.text:ti_sysbios_family_arm_m3_Hwi_destruct)
                  000081f0    000000ec     sysbios.aem4f : BIOS.obj (.text:ti_sysbios_knl_Task_postInit__I)
                  000082dc    000000e0     drivers_tivaware.aem4f : I2CTiva.oem4f (.text:I2CTiva_open)
                  000083bc    00000004     empty_pem4f.oem4f (.text:ti_sysbios_family_arm_m3_TaskSupport_Module__startupDone__S)
                  000083c0    000000d8     sysbios.aem4f : BIOS.obj (.text:ti_sysbios_family_arm_lm4_TimestampProvider_get32__E)
                  00008498    000000d6     drivers_tivaware.aem4f : I2CTiva.oem4f (.text:I2CTiva_hwiFxn)
                  0000856e    00000002     empty_pem4f.oem4f (.text:xdc_runtime_Startup_reset__I)
                  00008570    000000d4     rtsv7M4_T_le_v4SPD16_eabi.lib : s_scalbnf.obj (.text)
                  00008644    000000cc     DbgUart.obj (.text:_Z11InitDbgUartv)
                  00008710    000000cc     ti.targets.arm.rtsarm.aem4f : Core-smem.oem4f (.text:xdc_runtime_Core_constructObject__I)
                  000087dc    000000c8     TskIr.obj (.text:_ZN5TskIr11TestIrTouchEhii)
                  000088a4    000000c0     TskTop.obj (.text:_ZN6TskTop14doIrCorrectionEv)
                  00008964    000000bc     rtsv7M4_T_le_v4SPD16_eabi.lib : typeinfo_.obj (.text)
                  00008a20    000000bc     sysbios.aem4f : BIOS.obj (.text:ti_sysbios_family_arm_m3_Hwi_excDebugMon__I)
                  00008adc    00000004     empty_pem4f.oem4f (.text:ti_sysbios_hal_Hwi_HwiProxy_delete)
                  00008ae0    000000bc     sysbios.aem4f : BIOS.obj (.text:ti_sysbios_family_arm_m3_Hwi_excHardFault__I)
                  00008b9c    00000004     empty_pem4f.oem4f (.text:ti_sysbios_hal_Timer_TimerProxy_delete)
                  00008ba0    000000b4     sysbios.aem4f : BIOS.obj (.text:ti_sysbios_gates_GateMutex_enter__E)
                  00008c54    00000004     empty_pem4f.oem4f (.text:ti_sysbios_hal_Timer_TimerProxy_start__E)
                  00008c58    000000b4     sysbios.aem4f : BIOS.obj (.text:ti_sysbios_knl_Task_checkStacks__E)
                  00008d0c    000000b0     WheelEnc.obj (.text:_Z14WheelEncGetVelRVfS0_)
                  00008dbc    000000b0     TskMotor.obj (.text:_ZN8TskMotor4InitEv)
                  00008e6c    00000004     empty_pem4f.oem4f (.text:ti_sysbios_heaps_HeapMem_Module_GateProxy_enter__E)
                  00008e70    000000b0     sysbios.aem4f : BIOS.obj (.text:ti_sysbios_utils_Load_idleFxn__E)
                  00008f20    000000ac     drivers_tivaware.aem4f : UARTTiva.oem4f (.text:readTaskBlocking)
                  00008fcc    00000004     empty_pem4f.oem4f (.text:ti_sysbios_heaps_HeapMem_Module_GateProxy_leave__E)
                  00008fd0    000000ac     sysbios.aem4f : BIOS.obj (.text:ti_sysbios_family_arm_lm4_Timer_enableTiva__I)
                  0000907c    00000004     empty_pem4f.oem4f (.text:ti_sysbios_knl_Clock_TimerProxy_getMaxTicks__E)
                  00009080    000000a4     sysbios.aem4f : BIOS.obj (.text:ti_sysbios_knl_Clock_Instance_finalize__E)
                  00009124    000000a0     auto_init.aem4f : auto_init.oem4f (.text)
                  000091c4    000000a0     ti.targets.arm.rtsarm.aem4f : Text.oem4f (.text:xdc_runtime_Text_putMod__E)
                  00009264    0000009c     MotorPwm.obj (.text:_Z15MotorPwmSetDutyss)
                  00009300    0000009c     Kalman1Var.obj (.text:_ZN10Kalman1Var7CorrectEf)
                  0000939c    0000009c     rtsv7M4_T_le_v4SPD16_eabi.lib : memcpy_t2.obj (.text)
                  00009438    0000009c     sysbios.aem4f : BIOS.obj (.text:ti_sysbios_knl_Semaphore_Instance_init__E)
                  000094d4    00000004     empty_pem4f.oem4f (.text:ti_sysbios_knl_Clock_TimerProxy_getPeriod__E)
                  000094d8    0000009c     sysbios.aem4f : BIOS.obj (.text:ti_sysbios_knl_Task_schedule__I)
                  00009574    0000009a     ti.targets.arm.rtsarm.aem4f : Text.oem4f (.text:xdc_runtime_Text_putSite__E)
                  0000960e    00000098     drivers_tivaware.aem4f : UARTTiva.oem4f (.text:UARTTiva_readPolling)
                  000096a6    00000002     --HOLE-- [fill = 0]
                  000096a8    00000098     MotorPwm.obj (.text:_Z12MotorPwmInitv)
                  00009740    00000098     Boot.aem4f : Boot.oem4f (.text:ti_catalog_arm_cortexm4_tiva_ce_Boot_sysCtlClockSet__E)
                  000097d8    00000094     drivers_tivaware.aem4f : UARTTiva.oem4f (.text:UARTTiva_write)
                  0000986c    00000094     IrCorr.obj (.text:_ZN5TskIr9ReadFlashEjPhi)
                  00009900    00000094     sysbios.aem4f : BIOS.obj (.text:ti_sysbios_family_arm_m3_Hwi_Instance_init__E)
                  00009994    00000004     empty_pem4f.oem4f (.text:ti_sysbios_knl_Clock_destruct)
                  00009998    00000094     sysbios.aem4f : BIOS.obj (.text:ti_sysbios_family_arm_m3_Hwi_initNVIC__E)
                  00009a2c    00000090     Pid.obj (.text:_ZN3PidC1Efffffff)
                  00009abc    00000004     empty_pem4f.oem4f (.text:ti_sysbios_knl_Queue_destruct)
                  00009ac0    00000090     sysbios.aem4f : BIOS.obj (.text:ti_sysbios_knl_Task_Module_startup__E)
                  00009b50    00000090                   : BIOS.obj (.text:ti_sysbios_knl_Task_exit__E)
                  00009be0    00000090                   : BIOS.obj (.text:ti_sysbios_knl_Task_startCore__E)
                  00009c70    00000090                   : BIOS.obj (.text:ti_sysbios_utils_Load_startup__E)
                  00009d00    0000008c     drivers_tivaware.aem4f : GPIOTiva.oem4f (.text:GPIO_init)
                  00009d8c    0000008c                            : UARTTiva.oem4f (.text:UARTTiva_control)
                  00009e18    0000008c     sysbios.aem4f : BIOS.obj (.text:ti_sysbios_family_arm_lm4_Timer_enableTimers__I)
                  00009ea4    0000008c                   : m3_TaskSupport_asm.obj (.text:ti_sysbios_family_arm_m3_TaskSupport_buildTaskStack)
                  00009f30    0000008c                   : BIOS.obj (.text:ti_sysbios_knl_Mailbox_pend__E)
                  00009fbc    0000008a     drivers_tivaware.aem4f : UARTTiva.oem4f (.text:readIsrTextBlocking)
                  0000a046    00000002     --HOLE-- [fill = 0]
                  0000a048    00000088     sysbios.aem4f : BIOS.obj (.text:ti_sysbios_knl_Mailbox_post__E)
                  0000a0d0    00000086     rtsv7M4_T_le_v4SPD16_eabi.lib : fd_cmp_t2.obj (.text:__aeabi_cdcmple)
                  0000a156    00000086                                   : fd_cmp_t2.obj (.text:__aeabi_cdrcmple)
                  0000a1dc    00000004     empty_pem4f.oem4f (.text:ti_sysbios_knl_Semaphore_destruct)
                  0000a1e0    00000084     sysbios.aem4f : BIOS.obj (.text:ti_sysbios_family_arm_m3_Hwi_postInit__I)
                  0000a264    00000004     ti.targets.arm.rtsarm.aem4f : Error.oem4f (.text:xdc_runtime_Error_getSite__E)
                  0000a268    00000084     sysbios.aem4f : BIOS.obj (.text:ti_sysbios_utils_Load_updateLoads__E)
                  0000a2ec    00000082     drivers_tivaware.aem4f : UARTTiva.oem4f (.text:readIsrTextCallback)
                  0000a36e    00000002     --HOLE-- [fill = 0]
                  0000a370    00000080     rtsv7M4_T_le_v4SPD16_eabi.lib : s_floorf.obj (.text)
                  0000a3f0    00000080     sysbios.aem4f : BIOS.obj (.text:ti_sysbios_family_arm_lm4_Timer_disableTiva__I)
                  0000a470    0000007e     drivers_tivaware.aem4f : I2CTiva.oem4f (.text:I2CTiva_transfer)
                  0000a4ee    0000007a                            : UARTTiva.oem4f (.text:readTaskCallback)
                  0000a568    0000007a     rtsv7M4_T_le_v4SPD16_eabi.lib : memset_t2.obj (.text)
                  0000a5e2    00000006     driverlib.lib : gpio.obj (.text:GPIOPinWrite)
                  0000a5e8    00000074     sysbios.aem4f : BIOS.obj (.text:ti_sysbios_knl_Clock_start__E)
                  0000a65c    00000070     DbgUart.obj (.text:_Z14DbgUartPutLinePcb)
                  0000a6cc    00000070     TskIr.obj (.text:_ZN5TskIr4InitEv)
                  0000a73c    00000004     empty_pem4f.oem4f (.text:xdc_runtime_System_Module_GateProxy_enter__E)
                  0000a740    00000070     sysbios.aem4f : BIOS.obj (.text:ti_sysbios_knl_Mailbox_Instance_finalize__E)
                  0000a7b0    0000006e     rtsv7M4_T_le_v4SPD16_eabi.lib : fd_tos_t2.obj (.text)
                  0000a81e    0000006e                                   : s_roundf.obj (.text)
                  0000a88c    0000006d     ti.targets.arm.rtsarm.aem4f : System.oem4f (.text:xdc_runtime_System_formatNum__I)
                  0000a8f9    00000003     --HOLE-- [fill = 0]
                  0000a8fc    0000006c     empty_pem4f.oem4f (.text:ti_sysbios_family_arm_lm4_Timer_Object__create__S)
                  0000a968    0000006c     empty_pem4f.oem4f (.text:ti_sysbios_family_arm_m3_Hwi_Object__create__S)
                  0000a9d4    00000004     empty_pem4f.oem4f (.text:xdc_runtime_System_Module_GateProxy_leave__E)
                  0000a9d8    0000006c     sysbios.aem4f : BIOS.obj (.text:ti_sysbios_knl_Clock_workFunc__E)
                  0000aa44    00000004     ti.targets.arm.rtsarm.aem4f : System.oem4f (.text:xdc_runtime_System_aprintf_va__F)
                  0000aa48    0000006c     sysbios.aem4f : BIOS.obj (.text:ti_sysbios_knl_Swi_restoreHwi__E)
                  0000aab4    00000004     ti.targets.arm.rtsarm.aem4f : System.oem4f (.text:xdc_runtime_System_printf_va__F)
                  0000aab8    0000006c     sysbios.aem4f : BIOS.obj (.text:ti_sysbios_utils_Load_taskCreateHook__E)
                  0000ab24    0000006c     drivers_tivaware.aem4f : UARTTiva.oem4f (.text:writeData)
                  0000ab90    0000006c     ti.targets.arm.rtsarm.aem4f : Error.oem4f (.text:xdc_runtime_Error_print__E)
                  0000abfc    0000006c                                 : Memory.oem4f (.text:xdc_runtime_Memory_alloc__E)
                  0000ac68    0000006a     rtsv7M4_T_le_v4SPD16_eabi.lib : copy_decompress_rle.obj (.text)
                  0000acd2    00000002     --HOLE-- [fill = 0]
                  0000acd4    00000068                                   : trgmsg.obj (.text)
                  0000ad3c    00000004     --HOLE-- [fill = 0]
                  0000ad40    00000068     sysbios.aem4f : BIOS.obj (.text:ti_sysbios_utils_Load_addTask__E)
                  0000ada8    00000066     ti.targets.arm.rtsarm.aem4f : Core-mem.oem4f (.text:xdc_runtime_Core_deleteObject__I)
                  0000ae0e    00000002     --HOLE-- [fill = 0]
                  0000ae10    00000064     drivers_tivaware.aem4f : GPIOTiva.oem4f (.text:GPIO_hwiIntFxn)
                  0000ae74    00000064     rtsv7M4_T_le_v4SPD16_eabi.lib : s_frexp.obj (.text)
                  0000aed8    00000064     sysbios.aem4f : BIOS.obj (.text:ti_sysbios_family_arm_lm4_Timer_Module_startup__E)
                  0000af3c    00000064     empty_pem4f.oem4f (.text:ti_sysbios_family_arm_m3_Hwi_create)
                  0000afa0    00000064     empty_pem4f.oem4f (.text:ti_sysbios_hal_Hwi_create)
                  0000b004    00000064     empty_pem4f.oem4f (.text:ti_sysbios_hal_Timer_create)
                  0000b068    00000064     empty_pem4f.oem4f (.text:ti_sysbios_knl_Mailbox_create)
                  0000b0cc    00000062     drivers_tivaware.aem4f : I2CTiva.oem4f (.text:I2CTiva_primeTransfer)
                  0000b12e    00000002     --HOLE-- [fill = 0]
                  0000b130    00000060     rtsv7M4_T_le_v4SPD16_eabi.lib : sprintf.obj (.text)
                  0000b190    00000060     sysbios.aem4f : BIOS.obj (.text:ti_sysbios_utils_Load_updateCurrentThreadTime__E)
                  0000b1f0    0000005e     drivers_tivaware.aem4f : UARTTiva.oem4f (.text:readIsrBinaryBlocking)
                  0000b24e    00000002     --HOLE-- [fill = 0]
                  0000b250    0000005c     Kalman1Var.obj (.text:_ZN10Kalman1VarC1Efffffff)
                  0000b2ac    0000005c     TskMotor.obj (.text:_ZN5QueueIN8TskMotor8VelOmegaEE2DeERS1_)
                  0000b308    0000005c     IrCorr.obj (.text:_ZN5TskIr16programFlashWordEjj)
                  0000b364    00000004     --HOLE-- [fill = 0]
                  0000b368    0000005c     sysbios.aem4f : BIOS.obj (.text:ti_sysbios_knl_Swi_run__I)
                  0000b3c4    00000004     --HOLE-- [fill = 0]
                  0000b3c8    0000005c                   : BIOS.obj (.text:ti_sysbios_knl_Swi_schedule__I)
                  0000b424    0000005c     empty_pem4f.oem4f (.text:ti_sysbios_knl_Task_create)
                  0000b480    0000005c     sysbios.aem4f : BIOS.obj (.text:ti_sysbios_knl_Task_unblockI__E)
                  0000b4dc    0000005b     ti.targets.arm.rtsarm.aem4f : Text.oem4f (.text:xdc_runtime_Text_putLab__E)
                  0000b537    00000001     --HOLE-- [fill = 0]
                  0000b538    00000058     Kalman1Var.obj (.text:_ZN10Kalman1Var7PredictEf)
                  0000b590    00000058     TskTop.obj (.text:_ZN6TskTop4InitEv)
                  0000b5e8    00000058     TskTop.obj (.text:_ZN6TskTop7SetLedsEh)
                  0000b640    00000058     boot.aem4f : boot.oem4f (.text)
                  0000b698    00000058     sysbios.aem4f : BIOS.obj (.text:ti_sysbios_family_arm_lm4_Timer_Instance_finalize__E)
                  0000b6f0    00000058     empty_pem4f.oem4f (.text:ti_sysbios_family_arm_m3_Hwi_construct)
                  0000b748    00000058     sysbios.aem4f : m3_Hwi_asm_switch.obj (.text:ti_sysbios_family_arm_m3_Hwi_initStacks__E)
                  0000b7a0    00000056     driverlib.lib : gpio.obj (.text:GPIOIntTypeSet)
                  0000b7f6    00000056     rtsv7M4_T_le_v4SPD16_eabi.lib : ltoa.obj (.text)
                  0000b84c    00000054     dbmouse_chassis.obj (.text:DBMOUSE_initGPIO)
                  0000b8a0    00000054     drivers_tivaware.aem4f : UARTTiva.oem4f (.text:readIsrBinaryCallback)
                  0000b8f4    00000054     rtsv7M4_T_le_v4SPD16_eabi.lib : exit.obj (.text)
                  0000b948    00000054     sysbios.aem4f : BIOS.obj (.text:ti_sysbios_family_arm_lm4_Timer_initDevice__I)
                  0000b99c    00000004     --HOLE-- [fill = 0]
                  0000b9a0    00000054                   : BIOS.obj (.text:ti_sysbios_family_arm_m3_Hwi_dispatchC__I)
                  0000b9f4    00000004     --HOLE-- [fill = 0]
                  0000b9f8    00000054                   : BIOS.obj (.text:ti_sysbios_utils_Load_taskSwitchHook__E)
                  0000ba4c    00000054     ti.targets.arm.rtsarm.aem4f : Assert.oem4f (.text:xdc_runtime_Assert_raise__I)
                  0000baa0    00000050     drivers_tivaware.aem4f : GPIOTiva.oem4f (.text:GPIO_setCallback)
                  0000baf0    00000050                            : GPIOTiva.oem4f (.text:GPIO_write)
                  0000bb40    00000050                            : UARTTiva.oem4f (.text:UARTTiva_writeCancel)
                  0000bb90    00000050     sysbios.aem4f : BIOS.obj (.text:ti_sysbios_family_arm_m3_Hwi_Module_startup__E)
                  0000bbe0    00000050                   : BIOS.obj (.text:ti_sysbios_utils_Load_logLoads__I)
                  0000bc30    00000050     ti.targets.arm.rtsarm.aem4f : Startup.oem4f (.text:xdc_runtime_Startup_exec__E)
                  0000bc80    00000050                                 : Text.oem4f (.text:xdc_runtime_Text_visitRope2__I)
                  0000bcd0    0000004c     drivers_tivaware.aem4f : UARTTiva.oem4f (.text:UARTTiva_close)
                  0000bd1c    0000004c     IrCorr.obj (.text:_ZN5TskIr15eraseFlashBlockEi)
                  0000bd68    0000004c     rtsv7M4_T_le_v4SPD16_eabi.lib : atoi.obj (.text)
                  0000bdb4    0000004c                                   : cpy_tbl.obj (.text)
                  0000be00    0000004c     sysbios.aem4f : BIOS.obj (.text:ti_sysbios_heaps_HeapMem_getStats__E)
                  0000be4c    00000004     --HOLE-- [fill = 0]
                  0000be50    0000004c                   : BIOS.obj (.text:ti_sysbios_knl_Swi_runLoop__I)
                  0000be9c    00000004     --HOLE-- [fill = 0]
                  0000bea0    0000004c                   : BIOS.obj (.text:ti_sysbios_knl_Task_allBlockedFunction__I)
                  0000beec    00000048     driverlib.lib : gpio.obj (.text:GPIOPinConfigure)
                  0000bf34    00000048                   : i2c.obj (.text:I2CMasterInitExpClk)
                  0000bf7c    00000048     TskMotor.obj (.text:_ZN8TskMotor8saturateEfff)
                  0000bfc4    00000048     rtsv7M4_T_le_v4SPD16_eabi.lib : fd_toi_t2.obj (.text)
                  0000c00c    00000004     --HOLE-- [fill = 0]
                  0000c010    00000048     sysbios.aem4f : BIOS.obj (.text:ti_sysbios_family_arm_m3_Hwi_disableInterrupt__E)
                  0000c058    00000048                   : BIOS.obj (.text:ti_sysbios_family_arm_m3_Hwi_enableInterrupt__E)
                  0000c0a0    00000048                   : BIOS.obj (.text:ti_sysbios_family_arm_m3_Hwi_excReserved__I)
                  0000c0e8    00000048                   : BIOS.obj (.text:ti_sysbios_knl_Mailbox_Module_startup__E)
                  0000c130    00000048                   : BIOS.obj (.text:ti_sysbios_utils_Load_taskDeleteHook__E)
                  0000c178    00000046     drivers_tivaware.aem4f : RingBuf.oem4f (.text:RingBuf_put)
                  0000c1be    00000046     ti.targets.arm.rtsarm.aem4f : Core-params.oem4f (.text:xdc_runtime_Core_assignParams__I)
                  0000c204    00000004     --HOLE-- [fill = 0]
                  0000c208    00000044     sysbios.aem4f : BIOS.obj (.text:ti_sysbios_family_arm_lm4_Timer_isrStub__E)
                  0000c24c    00000004     --HOLE-- [fill = 0]
                  0000c250    00000044                   : BIOS.obj (.text:ti_sysbios_family_arm_m3_Hwi_getStackInfo__E)
                  0000c294    00000004     --HOLE-- [fill = 0]
                  0000c298    00000044                   : BIOS.obj (.text:ti_sysbios_knl_Mailbox_postInit__I)
                  0000c2dc    00000004     --HOLE-- [fill = 0]
                  0000c2e0    00000044                   : BIOS.obj (.text:ti_sysbios_knl_Swi_post__E)
                  0000c324    00000004     --HOLE-- [fill = 0]
                  0000c328    00000044                   : BIOS.obj (.text:ti_sysbios_utils_Load_removeTask__E)
                  0000c36c    00000044     ti.targets.arm.rtsarm.aem4f : Error.oem4f (.text:xdc_runtime_Error_setX__E)
                  0000c3b0    00000044                                 : SysMin.oem4f (.text:xdc_runtime_SysMin_flush__E)
                  0000c3f4    00000044                                 : Text.oem4f (.text:xdc_runtime_Text_xprintf__I)
                  0000c438    00000042     driverlib.lib : uart.obj (.text:UARTConfigSetExpClk)
                  0000c47a    00000042     drivers_tivaware.aem4f : UARTTiva.oem4f (.text:UARTTiva_hwiIntFxn)
                  0000c4bc    00000042                            : UARTTiva.oem4f (.text:UARTTiva_writePolling)
                  0000c4fe    00000002     --HOLE-- [fill = 0]
                  0000c500    00000040     dbmouse_chassis.obj (.text:DBMOUSE_initGeneral)
                  0000c540    00000040     drivers_tivaware.aem4f : RingBuf.oem4f (.text:RingBuf_get)
                  0000c580    00000040                            : UARTTiva.oem4f (.text:UARTTiva_read)
                  0000c5c0    00000040     TskMotor.obj (.text:_ZN5QueueIN8TskMotor8VelOmegaEE3LenEv)
                  0000c600    00000040     rtsv7M4_T_le_v4SPD16_eabi.lib : u_divt2.obj (.text)
                  0000c640    00000040     sysbios.aem4f : BIOS.obj (.text:ti_sysbios_family_arm_lm4_Timer_startup__E)
                  0000c680    0000003c     dbmouse_chassis.obj (.text:DBMOUSE_initI2C)
                  0000c6bc    00000004     --HOLE-- [fill = 0]
                  0000c6c0    0000003c     sysbios.aem4f : BIOS.obj (.text:ti_sysbios_family_arm_m3_Hwi_excSvCall__I)
                  0000c6fc    00000004     --HOLE-- [fill = 0]
                  0000c700    0000003c                   : BIOS.obj (.text:ti_sysbios_heaps_HeapMem_init__I)
                  0000c73c    00000004     --HOLE-- [fill = 0]
                  0000c740    0000003c                   : BIOS.obj (.text:ti_sysbios_knl_Swi_restore__E)
                  0000c77c    0000003a     drivers_tivaware.aem4f : I2CTiva.oem4f (.text:I2CTiva_completeTransfer)
                  0000c7b6    0000003a     IrCorr.obj (.text:_ZN5TskIr12programFlashEjPji)
                  0000c7f0    00000038     drivers_tivaware.aem4f : I2C.oem4f (.text:I2C_init)
                  0000c828    00000038                            : UART.oem4f (.text:UART_init)
                  0000c860    00000038     rtsv7M4_T_le_v4SPD16_eabi.lib : fs_tod_t2.obj (.text)
                  0000c898    00000038     sysbios.aem4f : BIOS.obj (.text:ti_sysbios_family_arm_m3_Hwi_excNoIsr__I)
                  0000c8d0    00000038                   : BIOS.obj (.text:ti_sysbios_knl_Task_processVitalTaskFlag__I)
                  0000c908    00000038     ti.targets.arm.rtsarm.aem4f : SysMin.oem4f (.text:xdc_runtime_SysMin_putch__E)
                  0000c940    00000038                                 : System.oem4f (.text:xdc_runtime_System_atexit__E)
                  0000c978    00000036     drivers_tivaware.aem4f : I2CTiva.oem4f (.text:I2CTiva_close)
                  0000c9ae    00000036                            : UARTTiva.oem4f (.text:UARTTiva_readCancel)
                  0000c9e4    00000034     dbmouse_chassis.obj (.text:DBMOUSE_initUART)
                  0000ca18    00000034     driverlib.lib : sysctl.obj (.text:SysCtlPeripheralEnable)
                  0000ca4c    00000034     MotorPwm.obj (.text:_Z13MotorPwmCoastv)
                  0000ca80    00000034     TskIr.obj (.text:_ZN5TskIr10irDetStartEv)
                  0000cab4    00000034     TskIr.obj (.text:__isnormalf)
                  0000cae8    00000034     sysbios.aem4f : BIOS.obj (.text:ti_sysbios_family_arm_lm4_Timer_setPeriodMicroSecs__E)
                  0000cb1c    00000004     --HOLE-- [fill = 0]
                  0000cb20    00000034                   : BIOS.obj (.text:ti_sysbios_family_arm_m3_Hwi_Instance_finalize__E)
                  0000cb54    00000004     --HOLE-- [fill = 0]
                  0000cb58    00000034                   : BIOS.obj (.text:ti_sysbios_family_arm_m3_Hwi_excNmi__I)
                  0000cb8c    00000004     --HOLE-- [fill = 0]
                  0000cb90    00000034                   : BIOS.obj (.text:ti_sysbios_hal_Hwi_checkStack)
                  0000cbc4    00000034     empty_pem4f.oem4f (.text:ti_sysbios_knl_Clock_construct)
                  0000cbf8    00000034     empty_pem4f.oem4f (.text:ti_sysbios_knl_Semaphore_create)
                  0000cc2c    00000034     ti.targets.arm.rtsarm.aem4f : Core-label.oem4f (.text:xdc_runtime_Core_assignLabel__I)
                  0000cc60    00000033                                 : Text.oem4f (.text:xdc_runtime_Text_printVisFxn__I)
                  0000cc93    00000005     --HOLE-- [fill = 0]
                  0000cc98    00000032     sysbios.aem4f : BIOS.obj (.text:ti_sysbios_hal_Hwi_initStack)
                  0000ccca    00000006     driverlib.lib : i2c.obj (.text:I2CMasterIntDisable)
                  0000ccd0    00000032     sysbios.aem4f : BIOS.obj (.text:ti_sysbios_knl_Semaphore_pendTimeout__I)
                  0000cd02    00000002     --HOLE-- [fill = 0]
                  0000cd04    00000030     drivers_tivaware.aem4f : I2C.oem4f (.text:I2C_open)
                  0000cd34    00000030                            : UART.oem4f (.text:UART_open)
                  0000cd64    00000030     WheelEnc.obj (.text:_Z6qeiISRj)
                  0000cd94    00000030     rtsv7M4_T_le_v4SPD16_eabi.lib : new_.obj (.text)
                  0000cdc4    00000030     empty_pem4f.oem4f (.text:ti_sysbios_BIOS_atExitFunc__I)
                  0000cdf4    00000004     --HOLE-- [fill = 0]
                  0000cdf8    00000030     sysbios.aem4f : BIOS.obj (.text:ti_sysbios_family_arm_lm4_Timer_stop__E)
                  0000ce28    00000030                   : BIOS.obj (.text:ti_sysbios_family_arm_m3_TaskSupport_start__E)
                  0000ce58    00000030     empty_pem4f.oem4f (.text:ti_sysbios_gates_GateHwi_Object__create__S)
                  0000ce88    00000030     empty_pem4f.oem4f (.text:ti_sysbios_gates_GateMutex_Object__create__S)
                  0000ceb8    00000030     empty_pem4f.oem4f (.text:ti_sysbios_heaps_HeapMem_Object__create__S)
                  0000cee8    00000030     empty_pem4f.oem4f (.text:ti_sysbios_knl_Semaphore_construct)
                  0000cf18    00000030     ti.targets.arm.rtsarm.aem4f : SysMin.oem4f (.text:xdc_runtime_SysMin_abort__E)
                  0000cf48    00000030                                 : System.oem4f (.text:xdc_runtime_System_processAtExit__E)
                  0000cf78    0000002e     empty_pem4f.oem4f (.text:malloc)
                  0000cfa6    0000002e     rtsv7M4_T_le_v4SPD16_eabi.lib : i_tofd_t2.obj (.text)
                  0000cfd4    0000002c     empty_pem4f.oem4f (.text:ti_sysbios_knl_Clock_doTick__I)
                  0000d000    0000002c     empty_pem4f.oem4f (.text:ti_sysbios_knl_Queue_construct)
                  0000d02c    00000004     --HOLE-- [fill = 0]
                  0000d030    0000002c     sysbios.aem4f : BIOS.obj (.text:ti_sysbios_knl_Task_restore__E)
                  0000d05c    0000002c     ti.targets.arm.rtsarm.aem4f : Text.oem4f (.text:xdc_runtime_Text_cordText__E)
                  0000d088    0000002a     driverlib.lib : gpio.obj (.text:GPIODirModeSet)
                  0000d0b2    0000002a     ti.targets.arm.rtsarm.aem4f : System.oem4f (.text:xdc_runtime_System_putchar__I)
                  0000d0dc    00000028     TskMotor.obj (.text:_ZN5QueueIN8TskMotor8VelOmegaEEC1Ei)
                  0000d104    00000028     rtsv7M4_T_le_v4SPD16_eabi.lib : e_sqrtf.obj (.text)
                  0000d12c    00000028     empty_pem4f.oem4f (.text:ti_sysbios_BIOS_startFunc__I)
                  0000d154    00000004     --HOLE-- [fill = 0]
                  0000d158    00000028     sysbios.aem4f : BIOS.obj (.text:ti_sysbios_hal_Hwi_Instance_init__E)
                  0000d180    00000028                   : BIOS.obj (.text:ti_sysbios_hal_Timer_Instance_init__E)
                  0000d1a8    00000028                   : BIOS.obj (.text:ti_sysbios_knl_Swi_Module_startup__E)
                  0000d1d0    00000026                   : m3_Hwi_asm.obj (.text:ti_sysbios_family_arm_m3_Hwi_pendSV__I)
                  0000d1f6    00000026     ti.targets.arm.rtsarm.aem4f : System.oem4f (.text:xdc_runtime_System_avprintf__E)
                  0000d21c    00000024     TskIr.obj (.text:_ZN5TskIr9irDistFwdEv)
                  0000d240    00000024     empty_pem4f.oem4f (.text:ti_sysbios_BIOS_errorRaiseHook__I)
                  0000d264    00000024     empty_pem4f.oem4f (.text:ti_sysbios_BIOS_registerRTSLock__I)
                  0000d288    00000024     empty_pem4f.oem4f (.text:ti_sysbios_BIOS_removeRTSLock__I)
                  0000d2ac    00000024     empty_pem4f.oem4f (.text:ti_sysbios_gates_GateMutex_Object__delete__S)
                  0000d2d0    00000024     sysbios.aem4f : BIOS.obj (.text:ti_sysbios_knl_Clock_Module_startup__E)
                  0000d2f4    00000004     --HOLE-- [fill = 0]
                  0000d2f8    00000024                   : BIOS.obj (.text:ti_sysbios_knl_Task_restoreHwi__E)
                  0000d31c    00000024     ti.targets.arm.rtsarm.aem4f : System.oem4f (.text:xdc_runtime_System_vprintf__E)
                  0000d340    00000022     sysbios.aem4f : BIOS.obj (.text:ti_sysbios_family_arm_lm4_Timer_write__I)
                  0000d362    00000022     empty_pem4f.oem4f (.text:xdc_runtime_SysMin_output__I)
                  0000d384    00000020     TskIr.obj (.text:_ZN5TskIr8adcStartEi)
                  0000d3a4    00000020     TskTop.obj (.text:_ZN6TskTop14dbgPutModeNameENS_9MouseMode8ModeTypeE)
                  0000d3c4    00000020     TskMotor.obj (.text:_ZN8TskMotor8VelOmegaC1Eff)
                  0000d3e4    00000020     empty_pem4f.oem4f (.text:ti_sysbios_BIOS_rtsLock__I)
                  0000d404    00000020     empty_pem4f.oem4f (.text:ti_sysbios_family_arm_lm4_Timer_Object__delete__S)
                  0000d424    00000020     empty_pem4f.oem4f (.text:ti_sysbios_family_arm_m3_Hwi_Object__delete__S)
                  0000d444    00000004     --HOLE-- [fill = 0]
                  0000d448    00000020     sysbios.aem4f : BIOS.obj (.text:ti_sysbios_family_arm_m3_Hwi_clearInterrupt__E)
                  0000d468    00000020                   : m3_Hwi_asm.obj (.text:ti_sysbios_family_arm_m3_Hwi_excHandlerAsm__I)
                  0000d488    00000020                   : BIOS.obj (.text:ti_sysbios_family_arm_m3_Hwi_excHandler__I)
                  0000d4a8    00000020     empty_pem4f.oem4f (.text:ti_sysbios_gates_GateHwi_Object__delete__S)
                  0000d4c8    00000020     empty_pem4f.oem4f (.text:ti_sysbios_heaps_HeapMem_Object__delete__S)
                  0000d4e8    00000020     empty_pem4f.oem4f (.text:ti_sysbios_knl_Clock_Object__destruct__S)
                  0000d508    00000020     sysbios.aem4f : BIOS.obj (.text:ti_sysbios_knl_Idle_run__E)
                  0000d528    00000020     empty_pem4f.oem4f (.text:ti_sysbios_knl_Semaphore_Object__destruct__S)
                  0000d548    00000020     ti.targets.arm.rtsarm.aem4f : Registry.oem4f (.text:xdc_runtime_Registry_findById__E)
                  0000d568    00000020                                 : SysMin.oem4f (.text:xdc_runtime_SysMin_Module_startup__E)
                  0000d588    0000001e     TskMotor.obj (.text:_ZN5QueueIN8TskMotor8VelOmegaEE5ClearEv)
                  0000d5a6    0000001e     dbmouse.obj (.text:main)
                  0000d5c4    0000001e     sysbios.aem4f : m3_Hwi_asm_switch.obj (.text:ti_sysbios_family_xxx_Hwi_switchAndRunFunc)
                  0000d5e2    00000002     --HOLE-- [fill = 0]
                  0000d5e4    0000001c     driverlib.lib : uart.obj (.text:UARTDisable)
                  0000d600    0000001c     Pid.obj (.text:_ZN3Pid5ResetEv)
                  0000d61c    0000001c     drivers_tivaware.aem4f : GPIOTiva.oem4f (.text:getGpioIntIndex)
                  0000d638    0000001c     rtsv7M4_T_le_v4SPD16_eabi.lib : memccpy.obj (.text)
                  0000d654    0000001c     empty_pem4f.oem4f (.text:ti_sysbios_family_arm_m3_Hwi_Object__destruct__S)
                  0000d670    0000001c     sysbios.aem4f : BIOS.obj (.text:ti_sysbios_gates_GateMutex_Instance_init__E)
                  0000d68c    0000001c     empty_pem4f.oem4f (.text:ti_sysbios_hal_Hwi_HwiProxy_create)
                  0000d6a8    0000001c     empty_pem4f.oem4f (.text:ti_sysbios_hal_Timer_TimerProxy_create)
                  0000d6c4    0000001c     empty_pem4f.oem4f (.text:ti_sysbios_knl_Queue_Object__destruct__S)
                  0000d6e0    0000001c     sysbios.aem4f : BIOS.obj (.text:ti_sysbios_knl_Queue_put__E)
                  0000d6fc    00000004     --HOLE-- [fill = 0]
                  0000d700    0000001c                   : BIOS.obj (.text:ti_sysbios_knl_Task_enter__I)
                  0000d71c    0000001c     ti.targets.arm.rtsarm.aem4f : Error.oem4f (.text:xdc_runtime_Error_raiseX__E)
                  0000d738    0000001c                                 : Memory.oem4f (.text:xdc_runtime_Memory_valloc__E)
                  0000d754    0000001c                                 : SysMin.oem4f (.text:xdc_runtime_SysMin_exit__E)
                  0000d770    0000001c                                 : System.oem4f (.text:xdc_runtime_System_abort__E)
                  0000d78c    0000001a     empty_pem4f.oem4f (.text:ti_sysbios_family_arm_m3_Hwi_Handle__label__S)
                  0000d7a6    0000001a     empty_pem4f.oem4f (.text:ti_sysbios_gates_GateHwi_Handle__label__S)
                  0000d7c0    0000001a     empty_pem4f.oem4f (.text:ti_sysbios_gates_GateMutex_Handle__label__S)
                  0000d7da    0000001a     empty_pem4f.oem4f (.text:ti_sysbios_heaps_HeapMem_Handle__label__S)
                  0000d7f4    0000001a     empty_pem4f.oem4f (.text:ti_sysbios_knl_Swi_Handle__label__S)
                  0000d80e    0000001a     empty_pem4f.oem4f (.text:ti_sysbios_knl_Task_Handle__label__S)
                  0000d828    0000001a     sysbios.aem4f : BIOS.obj (.text:ti_sysbios_knl_Task_sleepTimeout__I)
                  0000d842    0000001a     empty_pem4f.oem4f (.text:xdc_runtime_System_aprintf__E)
                  0000d85c    0000001a     empty_pem4f.oem4f (.text:xdc_runtime_System_printf__E)
                  0000d876    00000002     --HOLE-- [fill = 0]
                  0000d878    00000018     drivers_tivaware.aem4f : UART.oem4f (.text:UART_Params_init)
                  0000d890    00000018     Imu.obj (.text:_Z12ImuStartReadv)
                  0000d8a8    00000018     DbgUart.obj (.text:_Z14dbgUartWriteCbP11UART_ConfigPvj)
                  0000d8c0    00000018     Imu.obj (.text:_Z14iicImuCallbackP10I2C_ConfigP15I2C_Transactionb)
                  0000d8d8    00000018     empty_pem4f.oem4f (.text:free)
                  0000d8f0    00000018     rtsv7M4_T_le_v4SPD16_eabi.lib : args_main.obj (.text)
                  0000d908    00000018     empty_pem4f.oem4f (.text:ti_sysbios_BIOS_rtsUnlock__I)
                  0000d920    00000018     empty_pem4f.oem4f (.text:ti_sysbios_family_arm_lm4_Timer_Module__startupDone__F)
                  0000d938    00000018     empty_pem4f.oem4f (.text:ti_sysbios_family_arm_m3_Hwi_Module__startupDone__F)
                  0000d950    00000018     sysbios.aem4f : m3_TaskSupport_asm.obj (.text:ti_sysbios_family_arm_m3_TaskSupport_swap__E)
                  0000d968    00000018                   : BIOS.obj (.text:ti_sysbios_gates_GateMutex_leave__E)
                  0000d980    00000018     ti.targets.arm.rtsarm.aem4f : Error.oem4f (.text:xdc_runtime_Error_check__E)
                  0000d998    00000018                                 : System.oem4f (.text:xdc_runtime_System_exit__E)
                  0000d9b0    00000018                                 : Text.oem4f (.text:xdc_runtime_Text_ropeText__E)
                  0000d9c8    00000016     driverlib.lib : i2c.obj (.text:I2CMasterErr)
                  0000d9de    00000016     WheelEnc.obj (.text:_Z30ti_sysbios_hal_Hwi_Params_initP25ti_sysbios_hal_Hwi_Params)
                  0000d9f4    00000016     TskIr.obj (.text:_Z31ti_sysbios_knl_Task_Params_initP26ti_sysbios_knl_Task_Params)
                  0000da0a    00000016     TskMotor.obj (.text:_Z31ti_sysbios_knl_Task_Params_initP26ti_sysbios_knl_Task_Params)
                  0000da20    00000016     TskTop.obj (.text:_Z31ti_sysbios_knl_Task_Params_initP26ti_sysbios_knl_Task_Params)
                  0000da36    00000016     TskIr.obj (.text:_Z32ti_sysbios_hal_Timer_Params_initP27ti_sysbios_hal_Timer_Params)
                  0000da4c    00000016     DbgUart.obj (.text:_Z36ti_sysbios_knl_Semaphore_Params_initP31ti_sysbios_knl_Semaphore_Params)
                  0000da62    00000016     Imu.obj (.text:_Z36ti_sysbios_knl_Semaphore_Params_initP31ti_sysbios_knl_Semaphore_Params)
                  0000da78    00000016     TskIr.obj (.text:_Z36ti_sysbios_knl_Semaphore_Params_initP31ti_sysbios_knl_Semaphore_Params)
                  0000da8e    00000016     WheelEnc.obj (.text:_Z36ti_sysbios_knl_Semaphore_Params_initP31ti_sysbios_knl_Semaphore_Params)
                  0000daa4    00000016     Kalman1Var.obj (.text:_ZN10Kalman1VarD0Ev)
                  0000daba    00000016     rtsv7M4_T_le_v4SPD16_eabi.lib : strchr.obj (.text)
                  0000dad0    00000016     empty_pem4f.oem4f (.text:ti_sysbios_BIOS_exitFunc__I)
                  0000dae6    00000014     driverlib.lib : uart.obj (.text:UARTEnable)
                  0000dafa    00000002     --HOLE-- [fill = 0]
                  0000dafc    00000014     rtsv7M4_T_le_v4SPD16_eabi.lib : _lock.obj (.text)
                  0000db10    00000014                                   : s_copysign.obj (.text)
                  0000db24    00000014                                   : strcpy.obj (.text)
                  0000db38    00000014                                   : strlen.obj (.text)
                  0000db4c    00000014     empty_pem4f.oem4f (.text:ti_sysbios_family_arm_m3_Hwi_Object__get__S)
                  0000db60    00000014     sysbios.aem4f : BIOS.obj (.text:ti_sysbios_family_arm_m3_Hwi_switchFromBootStack__E)
                  0000db74    00000014     empty_pem4f.oem4f (.text:ti_sysbios_heaps_HeapMem_Object__get__S)
                  0000db88    00000014     empty_pem4f.oem4f (.text:ti_sysbios_knl_Swi_Object__get__S)
                  0000db9c    00000012     driverlib.lib : gpio.obj (.text:GPIOPinTypeGPIOInput)
                  0000dbae    00000012                   : gpio.obj (.text:GPIOPinTypeI2C)
                  0000dbc0    00000012                   : gpio.obj (.text:GPIOPinTypeI2CSCL)
                  0000dbd2    00000012                   : gpio.obj (.text:GPIOPinTypeUART)
                  0000dbe4    00000012     drivers_tivaware.aem4f : RingBuf.oem4f (.text:RingBuf_construct)
                  0000dbf6    00000012     rtsv7M4_T_le_v4SPD16_eabi.lib : s_copysignf.obj (.text)
                  0000dc08    00000012     sysbios.aem4f : BIOS.obj (.text:ti_sysbios_hal_Hwi_Module_startup__E)
                  0000dc1a    00000006     driverlib.lib : i2c.obj (.text:I2CMasterIntEnable)
                  0000dc20    00000012     sysbios.aem4f : BIOS.obj (.text:ti_sysbios_hal_Timer_Module_startup__E)
                  0000dc32    00000012     empty_pem4f.oem4f (.text:xdc_runtime_Startup_exec__I)
                  0000dc44    00000010     drivers_tivaware.aem4f : I2C.oem4f (.text:I2C_Params_init)
                  0000dc54    00000010                            : UARTTiva.oem4f (.text:readBlockingTimeout)
                  0000dc64    00000010     rtsv7M4_T_le_v4SPD16_eabi.lib : s_lroundf.obj (.text)
                  0000dc74    00000004     --HOLE-- [fill = 0]
                  0000dc78    00000010     sysbios.aem4f : BIOS.obj (.text:ti_sysbios_BIOS_getCpuFreq__E)
                  0000dc88    00000010                   : BIOS.obj (.text:ti_sysbios_BIOS_setThreadType__E)
                  0000dc98    00000010                   : BIOS.obj (.text:ti_sysbios_BIOS_start__E)
                  0000dca8    00000010                   : BIOS.obj (.text:ti_sysbios_family_arm_lm4_TimestampProvider_rolloverFunc__E)
                  0000dcb8    00000010                   : m3_TaskSupport_asm.obj (.text:ti_sysbios_family_arm_m3_TaskSupport_glue)
                  0000dcc8    00000010                   : BIOS.obj (.text:ti_sysbios_gates_GateMutex_Instance_finalize__E)
                  0000dcd8    00000010     empty_pem4f.oem4f (.text:ti_sysbios_hal_Hwi_HwiProxy_Object__create__S)
                  0000dce8    00000010     empty_pem4f.oem4f (.text:ti_sysbios_hal_Timer_TimerProxy_Object__create__S)
                  0000dcf8    00000010     empty_pem4f.oem4f (.text:ti_sysbios_knl_Mailbox_Object__get__S)
                  0000dd08    00000010     sysbios.aem4f : BIOS.obj (.text:ti_sysbios_knl_Semaphore_Instance_finalize__E)
                  0000dd18    00000010                   : BIOS.obj (.text:ti_sysbios_knl_Swi_disable__E)
                  0000dd28    00000010     empty_pem4f.oem4f (.text:ti_sysbios_knl_Task_Object__get__S)
                  0000dd38    00000010     sysbios.aem4f : BIOS.obj (.text:ti_sysbios_knl_Task_disable__E)
                  0000dd48    00000010     ti.targets.arm.rtsarm.aem4f : Gate.oem4f (.text:xdc_runtime_Gate_leaveSystem__E)
                  0000dd58    00000010                                 : Memory.oem4f (.text:xdc_runtime_Memory_free__E)
                  0000dd68    00000010                                 : SysMin.oem4f (.text:xdc_runtime_SysMin_ready__E)
                  0000dd78    00000010                                 : System.oem4f (.text:xdc_runtime_System_vsnprintf__E)
                  0000dd88    00000010     empty_pem4f.oem4f (.text:xdc_runtime_Text_visitRope__I)
                  0000dd98    0000000e     driverlib.lib : gpio.obj (.text:GPIOIntStatus)
                  0000dda6    0000000e                   : uart.obj (.text:UARTCharGetNonBlocking)
                  0000ddb4    0000000e                   : uart.obj (.text:UARTCharPutNonBlocking)
                  0000ddc2    0000000e     rtsv7M4_T_le_v4SPD16_eabi.lib : copy_decompress_none.obj (.text:decompress:none)
                  0000ddd0    0000000e     sysbios.aem4f : BIOS.obj (.text:ti_sysbios_knl_Idle_loop__E)
                  0000ddde    00000002     --HOLE-- [fill = 0]
                  0000dde0    0000000e                   : BIOS.obj (.text:ti_sysbios_knl_Queue_empty__E)
                  0000ddee    00000002     --HOLE-- [fill = 0]
                  0000ddf0    0000000c     empty_pem4f.oem4f (.text:.bootCodeSection:ti_catalog_arm_cortexm4_tiva_ce_Boot_init__I)
                  0000ddfc    0000000c     drivers_tivaware.aem4f : RingBuf.oem4f (.text:RingBuf_peek)
                  0000de08    0000000c     driverlib.lib : uart.obj (.text:UARTFlowControlSet)
                  0000de14    0000000c     drivers_tivaware.aem4f : UARTTiva.oem4f (.text:UARTTiva_init)
                  0000de20    0000000c     Kalman1Var.obj (.text:_ZN10Kalman1VarD1Ev)
                  0000de2c    0000000c     TskIr.obj (.text:_ZN5TskIr11adcReadCodeEv)
                  0000de38    0000000c     sysbios.aem4f : BIOS.obj (.text:ti_sysbios_family_arm_lm4_Timer_getMaxTicks__E)
                  0000de44    00000004     --HOLE-- [fill = 0]
                  0000de48    0000000c                   : BIOS.obj (.text:ti_sysbios_family_arm_lm4_TimestampProvider_startTimer__E)
                  0000de54    0000000c     empty_pem4f.oem4f (.text:ti_sysbios_family_arm_m3_Hwi_Params__init__S)
                  0000de60    0000000c     sysbios.aem4f : BIOS.obj (.text:ti_sysbios_family_arm_m3_Hwi_disableFxn__E)
                  0000de6c    00000004     --HOLE-- [fill = 0]
                  0000de70    0000000c                   : BIOS.obj (.text:ti_sysbios_family_arm_m3_TaskSupport_checkStack__E)
                  0000de7c    00000004     --HOLE-- [fill = 0]
                  0000de80    0000000c                   : BIOS.obj (.text:ti_sysbios_family_arm_m3_TaskSupport_getStackAlignment__E)
                  0000de8c    00000004     --HOLE-- [fill = 0]
                  0000de90    0000000c                   : BIOS.obj (.text:ti_sysbios_gates_GateHwi_enter__E)
                  0000de9c    0000000c     empty_pem4f.oem4f (.text:ti_sysbios_hal_Hwi_Params__init__S)
                  0000dea8    0000000c     empty_pem4f.oem4f (.text:ti_sysbios_hal_Timer_Params__init__S)
                  0000deb4    0000000c     empty_pem4f.oem4f (.text:ti_sysbios_knl_Clock_Params__init__S)
                  0000dec0    0000000c     empty_pem4f.oem4f (.text:ti_sysbios_knl_Queue_Object__get__S)
                  0000decc    0000000c     empty_pem4f.oem4f (.text:ti_sysbios_knl_Semaphore_Params__init__S)
                  0000ded8    0000000c     empty_pem4f.oem4f (.text:ti_sysbios_knl_Task_Params__init__S)
                  0000dee4    00000004     --HOLE-- [fill = 0]
                  0000dee8    0000000c     sysbios.aem4f : BIOS.obj (.text:ti_sysbios_utils_Load_taskRegHook__E)
                  0000def4    0000000c     ti.targets.arm.rtsarm.aem4f : Error.oem4f (.text:xdc_runtime_Error_init__E)
                  0000df00    0000000c                                 : Gate.oem4f (.text:xdc_runtime_Gate_enterSystem__E)
                  0000df0c    0000000c                                 : Memory.oem4f (.text:xdc_runtime_Memory_calloc__E)
                  0000df18    0000000c                                 : Memory.oem4f (.text:xdc_runtime_Memory_getMaxDefaultTypeAlign__E)
                  0000df24    0000000a     driverlib.lib : i2c.obj (.text:I2CMasterDisable)
                  0000df2e    0000000a                   : i2c.obj (.text:I2CMasterEnable)
                  0000df38    0000000a     drivers_tivaware.aem4f : I2CTiva.oem4f (.text:I2CTiva_init)
                  0000df42    0000000a                            : I2C.oem4f (.text:I2C_transfer)
                  0000df4c    0000000a     driverlib.lib : uart.obj (.text:UARTCharGet)
                  0000df56    0000000a                   : uart.obj (.text:UARTCharPut)
                  0000df60    0000000a                   : uart.obj (.text:UARTIntDisable)
                  0000df6a    0000000a                   : uart.obj (.text:UARTIntStatus)
                  0000df74    0000000a     drivers_tivaware.aem4f : UART.oem4f (.text:UART_write)
                  0000df7e    00000002     --HOLE-- [fill = 0]
                  0000df80    0000000a     sysbios.aem4f : BIOS.obj (.text:ti_sysbios_hal_Hwi_Instance_finalize__E)
                  0000df8a    00000006     drivers_tivaware.aem4f : I2CTiva.oem4f (.text:I2CTiva_control)
                  0000df90    0000000a     sysbios.aem4f : BIOS.obj (.text:ti_sysbios_hal_Timer_Instance_finalize__E)
                  0000df9a    0000000a     empty_pem4f.oem4f (.text:xdc_runtime_IHeap_alloc)
                  0000dfa4    0000000a     empty_pem4f.oem4f (.text:xdc_runtime_IHeap_free)
                  0000dfae    00000008     driverlib.lib : i2c.obj (.text:I2CMasterIntClear)
                  0000dfb6    00000008                   : i2c.obj (.text:I2CMasterSlaveAddrSet)
                  0000dfbe    00000008     drivers_tivaware.aem4f : I2CTiva.oem4f (.text:I2CTiva_blockingCallback)
                  0000dfc6    00000008     driverlib.lib : uart.obj (.text:UARTIntEnable)
                  0000dfce    00000008                   : uart.obj (.text:UARTRxErrorGet)
                  0000dfd6    00000008     drivers_tivaware.aem4f : UARTTiva.oem4f (.text:readSemCallback)
                  0000dfde    00000008     rtsv7M4_T_le_v4SPD16_eabi.lib : delete.obj (.text)
                  0000dfe6    00000008     sysbios.aem4f : BIOS.obj (.text:ti_sysbios_family_arm_lm4_Timer_masterDisable__I)
                  0000dfee    00000002     --HOLE-- [fill = 0]
                  0000dff0    00000008                   : BIOS.obj (.text:ti_sysbios_family_arm_m3_Hwi_doSwiRestore__I)
                  0000dff8    00000008                   : BIOS.obj (.text:ti_sysbios_family_arm_m3_Hwi_startup__E)
                  0000e000    00000008     drivers_tivaware.aem4f : UARTTiva.oem4f (.text:writeSemCallback)
                  0000e008    00000006     driverlib.lib : uart.obj (.text:UARTFIFOLevelSet)
                  0000e00e    00000006                   : uart.obj (.text:UARTRxErrorClear)
                  0000e014    00000006     rtsv7M4_T_le_v4SPD16_eabi.lib : copy_decompress_rle.obj (.text:decompress:rle24)
                  0000e01a    00000006     Boot.aem4f : Boot_sysctl.oem4f (.text:ti_catalog_arm_cortexm4_tiva_ce_Boot_sysCtlDelayI__I)
                  0000e020    00000006     sysbios.aem4f : BIOS.obj (.text:ti_sysbios_family_arm_lm4_TimestampProvider_Module_startup__E)
                  0000e026    00000002     --HOLE-- [fill = 0]
                  0000e028    00000006                   : BIOS.obj (.text:ti_sysbios_family_arm_m3_Hwi_doTaskRestore__I)
                  0000e02e    00000002     --HOLE-- [fill = 0]
                  0000e030    00000006                   : BIOS.obj (.text:ti_sysbios_family_arm_m3_Hwi_restoreFxn__E)
                  0000e036    00000002     --HOLE-- [fill = 0]
                  0000e038    00000006                   : BIOS.obj (.text:ti_sysbios_gates_GateHwi_leave__E)
                  0000e03e    00000002     --HOLE-- [fill = 0]
                  0000e040    00000006                   : BIOS.obj (.text:ti_sysbios_hal_Timer_start__E)
                  0000e046    00000002     --HOLE-- [fill = 0]
                  0000e048    00000006                   : BIOS.obj (.text:ti_sysbios_heaps_HeapMem_isBlocking__E)
                  0000e04e    00000002     --HOLE-- [fill = 0]
                  0000e050    00000006                   : BIOS.obj (.text:ti_sysbios_knl_Clock_stop__E)
                  0000e056    00000002     --HOLE-- [fill = 0]
                  0000e058    00000006                   : BIOS.obj (.text:ti_sysbios_knl_Queue_Instance_init__E)
                  0000e05e    00000002     --HOLE-- [fill = 0]
                  0000e060    00000006                   : BIOS.obj (.text:ti_sysbios_knl_Swi_startup__E)
                  0000e066    00000006     ti.targets.arm.rtsarm.aem4f : System.oem4f (.text:xdc_runtime_System_Module_startup__E)
                  0000e06c    00000004     --HOLE-- [fill = 0]
                  0000e070    00000004     sysbios.aem4f : BIOS.obj (.text:ti_sysbios_family_arm_lm4_Timer_getPeriod__E)
                  0000e074    00000004     --HOLE-- [fill = 0]
                  0000e078    00000004                   : BIOS.obj (.text:ti_sysbios_gates_GateHwi_query__E)
                  0000e07c    00000004     --HOLE-- [fill = 0]
                  0000e080    00000004                   : BIOS.obj (.text:ti_sysbios_gates_GateMutex_query__E)
                  0000e084    00000004     --HOLE-- [fill = 0]
                  0000e088    00000004                   : BIOS.obj (.text:ti_sysbios_knl_Task_startup__E)
                  0000e08c    00000004     --HOLE-- [fill = 0]
                  0000e090    00000002                   : BIOS.obj (.text:ti_sysbios_gates_GateHwi_Instance_init__E)
                  0000e092    00000006     --HOLE-- [fill = 0]
                  0000e098    00000002                   : BIOS.obj (.text:ti_sysbios_knl_Clock_logTick__E)

.const     0    0000e09c    000026bc     
                  0000e09c    00001970     empty_pem4f.oem4f (.const:xdc_runtime_Text_charTab__A)
                  0000fa0c    00000101     rtsv7M4_T_le_v4SPD16_eabi.lib : ctype.obj (.const:.string:_ctypes_)
                  0000fb0d    00000001     empty_pem4f.oem4f (.const:xdc_runtime_Error_policy__C)
                  0000fb0e    000000d8     empty_pem4f.oem4f (.const:xdc_runtime_Text_nodeTab__A)
                  0000fbe6    00000002     rtsv7M4_T_le_v4SPD16_eabi.lib : typeinfo_.obj (.const:.typeinfo:_ZTSe)
                  0000fbe8    00000090     driverlib.lib : gpio.obj (.const:g_pui32GPIOBaseAddrs)
                  0000fc78    00000054     drivers_tivaware.aem4f : GPIOTiva.oem4f (.const:.string)
                  0000fccc    0000004c                            : UARTTiva.oem4f (.const)
                  0000fd18    00000048     empty_pem4f.oem4f (.const:.string)
                  0000fd60    00000048     drivers_tivaware.aem4f : GPIOTiva.oem4f (.const:gpioBaseAddresses)
                  0000fda8    0000003c     empty_pem4f.oem4f (.const:ti_sysbios_family_arm_lm4_Timer_Object__PARAMS__C)
                  0000fde4    0000003c     empty_pem4f.oem4f (.const:ti_sysbios_knl_Task_Object__PARAMS__C)
                  0000fe20    00000034     empty_pem4f.oem4f (.const:ti_sysbios_knl_Mailbox_Object__PARAMS__C)
                  0000fe54    00000030     IrCorr.obj (.const:$P$T11$1)
                  0000fe84    00000030     empty_pem4f.oem4f (.const:ti_sysbios_family_arm_m3_Hwi_Object__PARAMS__C)
                  0000feb4    00000030     empty_pem4f.oem4f (.const:ti_sysbios_hal_Timer_Object__PARAMS__C)
                  0000fee4    0000002c     empty_pem4f.oem4f (.const:ti_sysbios_hal_Hwi_Object__PARAMS__C)
                  0000ff10    0000002c     empty_pem4f.oem4f (.const:xdc_runtime_Startup_sfxnTab__A)
                  0000ff3c    00000028     rtsv7M4_T_le_v4SPD16_eabi.lib : typeinfo_.obj (.const:.typeinfo:_ZTSN10__cxxabiv123__fundamental_type_infoE)
                  0000ff64    00000028     drivers_tivaware.aem4f : UARTTiva.oem4f (.const:UARTTiva_fxnTable)
                  0000ff8c    00000028     empty_pem4f.oem4f (.const:ti_sysbios_heaps_HeapMem_Module__FXNS__C)
                  0000ffb4    00000025     rtsv7M4_T_le_v4SPD16_eabi.lib : typeinfo_.obj (.const:.typeinfo:_ZTSN10__cxxabiv120__si_class_type_infoE)
                  0000ffd9    00000024                                   : typeinfo_.obj (.const:.typeinfo:_ZTSN10__cxxabiv119__pointer_type_infoE)
                  0000fffd    00000001     --HOLE-- [fill = 0]
                  0000fffe    00000002     empty_pem4f.oem4f (.const:ti_catalog_arm_cortexm4_tiva_ce_Boot_Module__id__C)
                  00010000    00000024     drivers_tivaware.aem4f : UART.oem4f (.const:UART_defaultParams)
                  00010024    00000024     empty_pem4f.oem4f (.const:ti_sysbios_gates_GateHwi_Module__FXNS__C)
                  00010048    00000024     empty_pem4f.oem4f (.const:ti_sysbios_gates_GateMutex_Module__FXNS__C)
                  0001006c    00000024     empty_pem4f.oem4f (.const:ti_sysbios_heaps_HeapMem_Object__PARAMS__C)
                  00010090    00000024     empty_pem4f.oem4f (.const:ti_sysbios_knl_Clock_Object__PARAMS__C)
                  000100b4    00000024     empty_pem4f.oem4f (.const:ti_sysbios_knl_Semaphore_Object__PARAMS__C)
                  000100d8    00000022     rtsv7M4_T_le_v4SPD16_eabi.lib : typeinfo_.obj (.const:.typeinfo:_ZTSN10__cxxabiv117__class_type_infoE)
                  000100fa    00000022                                   : typeinfo_.obj (.const:.typeinfo:_ZTSN10__cxxabiv117__pbase_type_infoE)
                  0001011c    00000020     empty_pem4f.oem4f (.const:ti_sysbios_family_arm_lm4_Timer_Object__DESC__C)
                  0001013c    00000020     empty_pem4f.oem4f (.const:ti_sysbios_family_arm_m3_Hwi_Object__DESC__C)
                  0001015c    00000020     empty_pem4f.oem4f (.const:ti_sysbios_gates_GateHwi_Object__DESC__C)
                  0001017c    00000020     empty_pem4f.oem4f (.const:ti_sysbios_gates_GateMutex_Object__DESC__C)
                  0001019c    00000020     empty_pem4f.oem4f (.const:ti_sysbios_hal_Hwi_Object__DESC__C)
                  000101bc    00000020     empty_pem4f.oem4f (.const:ti_sysbios_hal_Timer_Object__DESC__C)
                  000101dc    00000020     empty_pem4f.oem4f (.const:ti_sysbios_heaps_HeapMem_Object__DESC__C)
                  000101fc    00000020     empty_pem4f.oem4f (.const:ti_sysbios_knl_Clock_Object__DESC__C)
                  0001021c    00000020     empty_pem4f.oem4f (.const:ti_sysbios_knl_Mailbox_Object__DESC__C)
                  0001023c    00000020     empty_pem4f.oem4f (.const:ti_sysbios_knl_Queue_Object__DESC__C)
                  0001025c    00000020     empty_pem4f.oem4f (.const:ti_sysbios_knl_Semaphore_Object__DESC__C)
                  0001027c    00000020     empty_pem4f.oem4f (.const:ti_sysbios_knl_Task_Object__DESC__C)
                  0001029c    0000001e     TskIr.obj (.const:.string)
                  000102ba    00000002     empty_pem4f.oem4f (.const:ti_sysbios_family_arm_lm4_Timer_Module__id__C)
                  000102bc    0000001c     drivers_tivaware.aem4f : I2CTiva.oem4f (.const)
                  000102d8    00000018     rtsv7M4_T_le_v4SPD16_eabi.lib : e_expf.obj (.const:$O1$$)
                  000102f0    00000018                                   : e_powf.obj (.const:$O1$$)
                  00010308    00000018     dbmouse_chassis.obj (.const:I2C_config)
                  00010320    00000018     dbmouse_chassis.obj (.const:UART_config)
                  00010338    00000018     empty_pem4f.oem4f (.const:ti_sysbios_gates_GateHwi_Object__PARAMS__C)
                  00010350    00000018     empty_pem4f.oem4f (.const:ti_sysbios_gates_GateMutex_Object__PARAMS__C)
                  00010368    00000018     empty_pem4f.oem4f (.const:ti_sysbios_knl_Queue_Object__PARAMS__C)
                  00010380    00000018     empty_pem4f.oem4f (.const:ti_sysbios_knl_Task_hooks__A)
                  00010398    00000018     dbmouse_chassis.obj (.const:uartTivaHWAttrs)
                  000103b0    00000016     empty_pem4f.oem4f (.const:xdc_runtime_Startup_sfxnRts__A)
                  000103c6    00000002     empty_pem4f.oem4f (.const:ti_sysbios_family_arm_lm4_Timer_supportsAltclk__C)
                  000103c8    00000014     dbmouse_chassis.obj (.const:GPIOTiva_config)
                  000103dc    00000014     empty_pem4f.oem4f (.const:xdc_runtime_Startup_firstFxns__A)
                  000103f0    00000010     rtsv7M4_T_le_v4SPD16_eabi.lib : typeinfo_.obj (.const:.typeinfo:_ZTIPKe)
                  00010400    00000010     TskIr.obj (.const:_ZN5TskIr5adcChE)
                  00010410    00000010     Kalman1Var.obj (.const:_ZTV10Kalman1Var)
                  00010420    00000010     rtsv7M4_T_le_v4SPD16_eabi.lib : typeinfo_.obj (.const:_ZTVN10__cxxabiv117__class_type_infoE)
                  00010430    00000010                                   : typeinfo_.obj (.const:_ZTVN10__cxxabiv119__pointer_type_infoE)
                  00010440    00000010                                   : typeinfo_.obj (.const:_ZTVN10__cxxabiv120__si_class_type_infoE)
                  00010450    00000010                                   : typeinfo_.obj (.const:_ZTVN10__cxxabiv123__fundamental_type_infoE)
                  00010460    00000010     drivers_tivaware.aem4f : I2C.oem4f (.const)
                  00010470    0000000d     Kalman1Var.obj (.const:.typeinfo:_ZTS10Kalman1Var)
                  0001047d    0000000d     rtsv7M4_T_le_v4SPD16_eabi.lib : typeinfo_.obj (.const:.typeinfo:_ZTSSt9type_info)
                  0001048a    00000002     empty_pem4f.oem4f (.const:ti_sysbios_family_arm_lm4_TimestampProvider_useClockTimer__C)
                  0001048c    0000000c     rtsv7M4_T_le_v4SPD16_eabi.lib : typeinfo_.obj (.const:.typeinfo:_ZTIN10__cxxabiv117__class_type_infoE)
                  00010498    0000000c                                   : typeinfo_.obj (.const:.typeinfo:_ZTIN10__cxxabiv117__pbase_type_infoE)
                  000104a4    0000000c                                   : typeinfo_.obj (.const:.typeinfo:_ZTIN10__cxxabiv119__pointer_type_infoE)
                  000104b0    0000000c                                   : typeinfo_.obj (.const:.typeinfo:_ZTIN10__cxxabiv120__si_class_type_infoE)
                  000104bc    0000000c                                   : typeinfo_.obj (.const:.typeinfo:_ZTIN10__cxxabiv123__fundamental_type_infoE)
                  000104c8    0000000c     dbmouse_chassis.obj (.const:i2cTivaHWAttrs)
                  000104d4    00000008     Kalman1Var.obj (.const:.typeinfo:_ZTI10Kalman1Var)
                  000104dc    00000008     rtsv7M4_T_le_v4SPD16_eabi.lib : typeinfo_.obj (.const:.typeinfo:_ZTISt9type_info)
                  000104e4    00000008                                   : typeinfo_.obj (.const:.typeinfo:_ZTIe)
                  000104ec    00000008     empty_pem4f.oem4f (.const:ti_sysbios_family_arm_m3_Hwi_excHookFuncs__A)
                  000104f4    00000008     empty_pem4f.oem4f (.const:ti_sysbios_knl_Idle_funcList__A)
                  000104fc    00000008     empty_pem4f.oem4f (.const:ti_sysbios_knl_Idle_funcList__C)
                  00010504    00000008     empty_pem4f.oem4f (.const:ti_sysbios_knl_Task_hooks__C)
                  0001050c    00000008     empty_pem4f.oem4f (.const:xdc_runtime_Startup_firstFxns__C)
                  00010514    00000008     empty_pem4f.oem4f (.const:xdc_runtime_Startup_lastFxns__C)
                  0001051c    00000004     rtsv7M4_T_le_v4SPD16_eabi.lib : typeinfo_.obj (.const:.typeinfo:_ZTSPKe)
                  00010520    00000004     empty_pem4f.oem4f (.const:ti_catalog_arm_cortexm4_tiva_ce_Boot_A_mustUseEnhancedClockMode__C)
                  00010524    00000004     empty_pem4f.oem4f (.const:ti_catalog_arm_cortexm4_tiva_ce_Boot_Module__diagsEnabled__C)
                  00010528    00000004     empty_pem4f.oem4f (.const:ti_catalog_arm_cortexm4_tiva_ce_Boot_Module__diagsIncluded__C)
                  0001052c    00000004     empty_pem4f.oem4f (.const:ti_catalog_arm_cortexm4_tiva_ce_Boot_Module__diagsMask__C)
                  00010530    00000004     empty_pem4f.oem4f (.const:ti_sysbios_family_arm_lm4_Timer_E_cannotSupport__C)
                  00010534    00000004     empty_pem4f.oem4f (.const:ti_sysbios_family_arm_lm4_Timer_E_invalidTimer__C)
                  00010538    00000004     empty_pem4f.oem4f (.const:ti_sysbios_family_arm_lm4_Timer_E_noaltclk__C)
                  0001053c    00000004     empty_pem4f.oem4f (.const:ti_sysbios_family_arm_lm4_Timer_E_notAvailable__C)
                  00010540    00000004     empty_pem4f.oem4f (.const:ti_sysbios_family_arm_lm4_Timer_anyMask__C)
                  00010544    00000004     empty_pem4f.oem4f (.const:ti_sysbios_family_arm_lm4_Timer_disableFunc__C)
                  00010548    00000004     empty_pem4f.oem4f (.const:ti_sysbios_family_arm_lm4_Timer_enableFunc__C)
                  0001054c    00000004     empty_pem4f.oem4f (.const:ti_sysbios_family_arm_lm4_Timer_numTimerDevices__C)
                  00010550    00000004     empty_pem4f.oem4f (.const:ti_sysbios_family_arm_lm4_Timer_startupNeeded__C)
                  00010554    00000004     empty_pem4f.oem4f (.const:ti_sysbios_family_arm_m3_Hwi_E_NMI__C)
                  00010558    00000004     empty_pem4f.oem4f (.const:ti_sysbios_family_arm_m3_Hwi_E_alreadyDefined__C)
                  0001055c    00000004     empty_pem4f.oem4f (.const:ti_sysbios_family_arm_m3_Hwi_E_busFault__C)
                  00010560    00000004     empty_pem4f.oem4f (.const:ti_sysbios_family_arm_m3_Hwi_E_debugMon__C)
                  00010564    00000004     empty_pem4f.oem4f (.const:ti_sysbios_family_arm_m3_Hwi_E_hardFault__C)
                  00010568    00000004     empty_pem4f.oem4f (.const:ti_sysbios_family_arm_m3_Hwi_E_memFault__C)
                  0001056c    00000004     empty_pem4f.oem4f (.const:ti_sysbios_family_arm_m3_Hwi_E_noIsr__C)
                  00010570    00000004     empty_pem4f.oem4f (.const:ti_sysbios_family_arm_m3_Hwi_E_reserved__C)
                  00010574    00000004     empty_pem4f.oem4f (.const:ti_sysbios_family_arm_m3_Hwi_E_svCall__C)
                  00010578    00000004     empty_pem4f.oem4f (.const:ti_sysbios_family_arm_m3_Hwi_E_usageFault__C)
                  0001057c    00000004     empty_pem4f.oem4f (.const:ti_sysbios_family_arm_m3_Hwi_NUM_INTERRUPTS__C)
                  00010580    00000004     empty_pem4f.oem4f (.const:ti_sysbios_family_arm_m3_Hwi_Object__count__C)
                  00010584    00000004     empty_pem4f.oem4f (.const:ti_sysbios_family_arm_m3_Hwi_ccr__C)
                  00010588    00000004     empty_pem4f.oem4f (.const:ti_sysbios_family_arm_m3_Hwi_excHandlerFunc__C)
                  0001058c    00000004     empty_pem4f.oem4f (.const:ti_sysbios_family_arm_m3_Hwi_excHookFuncs__C)
                  00010590    00000004     empty_pem4f.oem4f (.const:ti_sysbios_family_arm_m3_Hwi_nullIsrFunc__C)
                  00010594    00000004     empty_pem4f.oem4f (.const:ti_sysbios_family_arm_m3_Hwi_priGroup__C)
                  00010598    00000004     empty_pem4f.oem4f (.const:ti_sysbios_family_arm_m3_TaskSupport_stackAlignment__C)
                  0001059c    00000004     empty_pem4f.oem4f (.const:ti_sysbios_gates_GateMutex_A_badContext__C)
                  000105a0    00000004     empty_pem4f.oem4f (.const:ti_sysbios_gates_GateMutex_Instance_State_sem__O)
                  000105a4    00000004     empty_pem4f.oem4f (.const:ti_sysbios_gates_GateMutex_Module__diagsEnabled__C)
                  000105a8    00000004     empty_pem4f.oem4f (.const:ti_sysbios_gates_GateMutex_Module__diagsIncluded__C)
                  000105ac    00000004     empty_pem4f.oem4f (.const:ti_sysbios_gates_GateMutex_Module__diagsMask__C)
                  000105b0    00000004     empty_pem4f.oem4f (.const:ti_sysbios_hal_Hwi_E_stackOverflow__C)
                  000105b4    00000004     empty_pem4f.oem4f (.const:ti_sysbios_heaps_HeapMem_A_align__C)
                  000105b8    00000004     empty_pem4f.oem4f (.const:ti_sysbios_heaps_HeapMem_A_heapSize__C)
                  000105bc    00000004     empty_pem4f.oem4f (.const:ti_sysbios_heaps_HeapMem_A_invalidFree__C)
                  000105c0    00000004     empty_pem4f.oem4f (.const:ti_sysbios_heaps_HeapMem_A_zeroBlock__C)
                  000105c4    00000004     empty_pem4f.oem4f (.const:ti_sysbios_heaps_HeapMem_E_memory__C)
                  000105c8    00000004     empty_pem4f.oem4f (.const:ti_sysbios_heaps_HeapMem_Module__diagsEnabled__C)
                  000105cc    00000004     empty_pem4f.oem4f (.const:ti_sysbios_heaps_HeapMem_Module__diagsIncluded__C)
                  000105d0    00000004     empty_pem4f.oem4f (.const:ti_sysbios_heaps_HeapMem_Module__diagsMask__C)
                  000105d4    00000004     empty_pem4f.oem4f (.const:ti_sysbios_heaps_HeapMem_Module__gateObj__C)
                  000105d8    00000004     empty_pem4f.oem4f (.const:ti_sysbios_heaps_HeapMem_Object__count__C)
                  000105dc    00000004     empty_pem4f.oem4f (.const:ti_sysbios_heaps_HeapMem_reqAlign__C)
                  000105e0    00000004     empty_pem4f.oem4f (.const:ti_sysbios_knl_Clock_A_badThreadType__C)
                  000105e4    00000004     empty_pem4f.oem4f (.const:ti_sysbios_knl_Clock_Module_State_clockQ__O)
                  000105e8    00000004     empty_pem4f.oem4f (.const:ti_sysbios_knl_Clock_Module__diagsEnabled__C)
                  000105ec    00000004     empty_pem4f.oem4f (.const:ti_sysbios_knl_Clock_Module__diagsIncluded__C)
                  000105f0    00000004     empty_pem4f.oem4f (.const:ti_sysbios_knl_Clock_Module__diagsMask__C)
                  000105f4    00000004     empty_pem4f.oem4f (.const:ti_sysbios_knl_Mailbox_A_invalidBufSize__C)
                  000105f8    00000004     empty_pem4f.oem4f (.const:ti_sysbios_knl_Mailbox_Instance_State_dataQue__O)
                  000105fc    00000004     empty_pem4f.oem4f (.const:ti_sysbios_knl_Mailbox_Instance_State_dataSem__O)
                  00010600    00000004     empty_pem4f.oem4f (.const:ti_sysbios_knl_Mailbox_Instance_State_freeQue__O)
                  00010604    00000004     empty_pem4f.oem4f (.const:ti_sysbios_knl_Mailbox_Instance_State_freeSem__O)
                  00010608    00000004     empty_pem4f.oem4f (.const:ti_sysbios_knl_Mailbox_Module__diagsEnabled__C)
                  0001060c    00000004     empty_pem4f.oem4f (.const:ti_sysbios_knl_Mailbox_Module__diagsIncluded__C)
                  00010610    00000004     empty_pem4f.oem4f (.const:ti_sysbios_knl_Mailbox_Module__diagsMask__C)
                  00010614    00000004     empty_pem4f.oem4f (.const:ti_sysbios_knl_Mailbox_Object__count__C)
                  00010618    00000004     empty_pem4f.oem4f (.const:ti_sysbios_knl_Mailbox_maxTypeAlign__C)
                  0001061c    00000004     empty_pem4f.oem4f (.const:ti_sysbios_knl_Semaphore_A_badContext__C)
                  00010620    00000004     empty_pem4f.oem4f (.const:ti_sysbios_knl_Semaphore_A_noEvents__C)
                  00010624    00000004     empty_pem4f.oem4f (.const:ti_sysbios_knl_Semaphore_A_overflow__C)
                  00010628    00000004     empty_pem4f.oem4f (.const:ti_sysbios_knl_Semaphore_A_pendTaskDisabled__C)
                  0001062c    00000004     empty_pem4f.oem4f (.const:ti_sysbios_knl_Semaphore_Instance_State_pendQ__O)
                  00010630    00000004     empty_pem4f.oem4f (.const:ti_sysbios_knl_Semaphore_Module__diagsEnabled__C)
                  00010634    00000004     empty_pem4f.oem4f (.const:ti_sysbios_knl_Semaphore_Module__diagsIncluded__C)
                  00010638    00000004     empty_pem4f.oem4f (.const:ti_sysbios_knl_Semaphore_Module__diagsMask__C)
                  0001063c    00000004     empty_pem4f.oem4f (.const:ti_sysbios_knl_Swi_Object__count__C)
                  00010640    00000004     empty_pem4f.oem4f (.const:ti_sysbios_knl_Task_A_badPriority__C)
                  00010644    00000004     empty_pem4f.oem4f (.const:ti_sysbios_knl_Task_A_badTaskState__C)
                  00010648    00000004     empty_pem4f.oem4f (.const:ti_sysbios_knl_Task_A_badThreadType__C)
                  0001064c    00000004     empty_pem4f.oem4f (.const:ti_sysbios_knl_Task_A_badTimeout__C)
                  00010650    00000004     empty_pem4f.oem4f (.const:ti_sysbios_knl_Task_A_noPendElem__C)
                  00010654    00000004     empty_pem4f.oem4f (.const:ti_sysbios_knl_Task_A_sleepTaskDisabled__C)
                  00010658    00000004     empty_pem4f.oem4f (.const:ti_sysbios_knl_Task_E_spOutOfBounds__C)
                  0001065c    00000004     empty_pem4f.oem4f (.const:ti_sysbios_knl_Task_E_stackOverflow__C)
                  00010660    00000004     empty_pem4f.oem4f (.const:ti_sysbios_knl_Task_Module_State_inactiveQ__O)
                  00010664    00000004     empty_pem4f.oem4f (.const:ti_sysbios_knl_Task_Module__diagsEnabled__C)
                  00010668    00000004     empty_pem4f.oem4f (.const:ti_sysbios_knl_Task_Module__diagsIncluded__C)
                  0001066c    00000004     empty_pem4f.oem4f (.const:ti_sysbios_knl_Task_Module__diagsMask__C)
                  00010670    00000004     empty_pem4f.oem4f (.const:ti_sysbios_knl_Task_Object__count__C)
                  00010674    00000004     empty_pem4f.oem4f (.const:ti_sysbios_knl_Task_Object__heap__C)
                  00010678    00000004     empty_pem4f.oem4f (.const:ti_sysbios_knl_Task_allBlockedFunc__C)
                  0001067c    00000004     empty_pem4f.oem4f (.const:ti_sysbios_knl_Task_defaultStackHeap__C)
                  00010680    00000004     empty_pem4f.oem4f (.const:ti_sysbios_knl_Task_defaultStackSize__C)
                  00010684    00000004     empty_pem4f.oem4f (.const:ti_sysbios_knl_Task_numConstructedTasks__C)
                  00010688    00000004     empty_pem4f.oem4f (.const:ti_sysbios_utils_Load_Module_State_taskList__O)
                  0001068c    00000004     empty_pem4f.oem4f (.const:ti_sysbios_utils_Load_Module__diagsEnabled__C)
                  00010690    00000004     empty_pem4f.oem4f (.const:ti_sysbios_utils_Load_Module__diagsIncluded__C)
                  00010694    00000004     empty_pem4f.oem4f (.const:ti_sysbios_utils_Load_Module__diagsMask__C)
                  00010698    00000004     empty_pem4f.oem4f (.const:ti_sysbios_utils_Load_postUpdate__C)
                  0001069c    00000004     empty_pem4f.oem4f (.const:ti_sysbios_utils_Load_windowInMs__C)
                  000106a0    00000004     empty_pem4f.oem4f (.const:xdc_runtime_Assert_E_assertFailed__C)
                  000106a4    00000004     empty_pem4f.oem4f (.const:xdc_runtime_Core_A_initializedParams__C)
                  000106a8    00000004     empty_pem4f.oem4f (.const:xdc_runtime_Core_Module__diagsEnabled__C)
                  000106ac    00000004     empty_pem4f.oem4f (.const:xdc_runtime_Core_Module__diagsIncluded__C)
[...]
00010598  ti_sysbios_family_arm_m3_TaskSupport_stackAlignment__C            
0001059c  ti_sysbios_gates_GateMutex_A_badContext__C                        
000105a0  ti_sysbios_gates_GateMutex_Instance_State_sem__O                  
000105a4  ti_sysbios_gates_GateMutex_Module__diagsEnabled__C                
000105a8  ti_sysbios_gates_GateMutex_Module__diagsIncluded__C               
000105ac  ti_sysbios_gates_GateMutex_Module__diagsMask__C                   
000105b0  ti_sysbios_hal_Hwi_E_stackOverflow__C                             
000105b4  ti_sysbios_heaps_HeapMem_A_align__C                               
000105b8  ti_sysbios_heaps_HeapMem_A_heapSize__C                            
000105bc  ti_sysbios_heaps_HeapMem_A_invalidFree__C                         
000105c0  ti_sysbios_heaps_HeapMem_A_zeroBlock__C                           
000105c4  ti_sysbios_heaps_HeapMem_E_memory__C                              
000105c8  ti_sysbios_heaps_HeapMem_Module__diagsEnabled__C                  
000105cc  ti_sysbios_heaps_HeapMem_Module__diagsIncluded__C                 
000105d0  ti_sysbios_heaps_HeapMem_Module__diagsMask__C                     
000105d4  ti_sysbios_heaps_HeapMem_Module__gateObj__C                       
000105d8  ti_sysbios_heaps_HeapMem_Object__count__C                         
000105dc  ti_sysbios_heaps_HeapMem_reqAlign__C                              
000105e0  ti_sysbios_knl_Clock_A_badThreadType__C                           
000105e4  ti_sysbios_knl_Clock_Module_State_clockQ__O                       
000105e8  ti_sysbios_knl_Clock_Module__diagsEnabled__C                      
000105ec  ti_sysbios_knl_Clock_Module__diagsIncluded__C                     
000105f0  ti_sysbios_knl_Clock_Module__diagsMask__C                         
000105f4  ti_sysbios_knl_Mailbox_A_invalidBufSize__C                        
000105f8  ti_sysbios_knl_Mailbox_Instance_State_dataQue__O                  
000105fc  ti_sysbios_knl_Mailbox_Instance_State_dataSem__O                  
00010600  ti_sysbios_knl_Mailbox_Instance_State_freeQue__O                  
00010604  ti_sysbios_knl_Mailbox_Instance_State_freeSem__O                  
00010608  ti_sysbios_knl_Mailbox_Module__diagsEnabled__C                    
0001060c  ti_sysbios_knl_Mailbox_Module__diagsIncluded__C                   
00010610  ti_sysbios_knl_Mailbox_Module__diagsMask__C                       
00010614  ti_sysbios_knl_Mailbox_Object__count__C                           
00010618  ti_sysbios_knl_Mailbox_maxTypeAlign__C                            
0001061c  ti_sysbios_knl_Semaphore_A_badContext__C                          
00010620  ti_sysbios_knl_Semaphore_A_noEvents__C                            
00010624  ti_sysbios_knl_Semaphore_A_overflow__C                            
00010628  ti_sysbios_knl_Semaphore_A_pendTaskDisabled__C                    
0001062c  ti_sysbios_knl_Semaphore_Instance_State_pendQ__O                  
00010630  ti_sysbios_knl_Semaphore_Module__diagsEnabled__C                  
00010634  ti_sysbios_knl_Semaphore_Module__diagsIncluded__C                 
00010638  ti_sysbios_knl_Semaphore_Module__diagsMask__C                     
0001063c  ti_sysbios_knl_Swi_Object__count__C                               
00010640  ti_sysbios_knl_Task_A_badPriority__C                              
00010644  ti_sysbios_knl_Task_A_badTaskState__C                             
00010648  ti_sysbios_knl_Task_A_badThreadType__C                            
0001064c  ti_sysbios_knl_Task_A_badTimeout__C                               
00010650  ti_sysbios_knl_Task_A_noPendElem__C                               
00010654  ti_sysbios_knl_Task_A_sleepTaskDisabled__C                        
00010658  ti_sysbios_knl_Task_E_spOutOfBounds__C                            
0001065c  ti_sysbios_knl_Task_E_stackOverflow__C                            
00010660  ti_sysbios_knl_Task_Module_State_inactiveQ__O                     
00010664  ti_sysbios_knl_Task_Module__diagsEnabled__C                       
00010668  ti_sysbios_knl_Task_Module__diagsIncluded__C                      
0001066c  ti_sysbios_knl_Task_Module__diagsMask__C                          
00010670  ti_sysbios_knl_Task_Object__count__C                              
00010674  ti_sysbios_knl_Task_Object__heap__C                               
00010678  ti_sysbios_knl_Task_allBlockedFunc__C                             
0001067c  ti_sysbios_knl_Task_defaultStackHeap__C                           
00010680  ti_sysbios_knl_Task_defaultStackSize__C                           
00010684  ti_sysbios_knl_Task_numConstructedTasks__C                        
00010688  ti_sysbios_utils_Load_Module_State_taskList__O                    
0001068c  ti_sysbios_utils_Load_Module__diagsEnabled__C                     
00010690  ti_sysbios_utils_Load_Module__diagsIncluded__C                    
00010694  ti_sysbios_utils_Load_Module__diagsMask__C                        
00010698  ti_sysbios_utils_Load_postUpdate__C                               
0001069c  ti_sysbios_utils_Load_windowInMs__C                               
000106a0  xdc_runtime_Assert_E_assertFailed__C                              
000106a4  xdc_runtime_Core_A_initializedParams__C                           
000106a8  xdc_runtime_Core_Module__diagsEnabled__C                          
000106ac  xdc_runtime_Core_Module__diagsIncluded__C                         
000106b0  xdc_runtime_Core_Module__diagsMask__C                             
000106b4  xdc_runtime_Error_E_memory__C                                     
000106b8  xdc_runtime_Error_Module__diagsEnabled__C                         
000106bc  xdc_runtime_Error_Module__diagsIncluded__C                        
000106c0  xdc_runtime_Error_Module__diagsMask__C                            
000106c4  xdc_runtime_Error_Module__loggerFxn8__C                           
000106c8  xdc_runtime_Error_Module__loggerObj__C                            
000106cc  xdc_runtime_Error_policyFxn__C                                    
000106d0  xdc_runtime_Error_raiseHook__C                                    
000106d4  xdc_runtime_IGateProvider_Interface__BASE__C                      
000106d8  xdc_runtime_IHeap_Interface__BASE__C                              
000106dc  xdc_runtime_IModule_Interface__BASE__C                            
000106e0  xdc_runtime_Log_L_error__C                                        
000106e4  xdc_runtime_Memory_defaultHeapInstance__C                         
000106e8  xdc_runtime_Startup_execImpl__C                                   
000106ec  xdc_runtime_Startup_lastFxns__A                                   
000106f0  xdc_runtime_Startup_maxPasses__C                                  
000106f4  xdc_runtime_Startup_sfxnRts__C                                    
000106f8  xdc_runtime_Startup_sfxnTab__C                                    
000106fc  xdc_runtime_SysMin_bufSize__C                                     
00010700  xdc_runtime_SysMin_outputFunc__C                                  
00010704  xdc_runtime_System_Module__gateObj__C                             
00010708  xdc_runtime_System_abortFxn__C                                    
0001070c  xdc_runtime_System_exitFxn__C                                     
00010710  xdc_runtime_System_extendFxn__C                                   
00010714  xdc_runtime_System_maxAtexitHandlers__C                           
00010718  xdc_runtime_Text_charTab__C                                       
0001071c  xdc_runtime_Text_nameEmpty__C                                     
00010720  xdc_runtime_Text_nameStatic__C                                    
00010724  xdc_runtime_Text_nameUnknown__C                                   
00010728  xdc_runtime_Text_nodeTab__C                                       
0001072c  xdc_runtime_Text_visitRopeFxn__C                                  
00010730  ti_sysbios_family_arm_m3_Hwi_Module__id__C                        
00010732  ti_sysbios_gates_GateMutex_Module__id__C                          
00010734  ti_sysbios_hal_Hwi_Module__id__C                                  
00010736  ti_sysbios_heaps_HeapMem_Module__id__C                            
00010738  ti_sysbios_knl_Clock_Module__id__C                                
0001073a  ti_sysbios_knl_Mailbox_Module__id__C                              
0001073c  ti_sysbios_knl_Semaphore_Module__id__C                            
0001073e  ti_sysbios_knl_Task_Module__id__C                                 
00010740  ti_sysbios_utils_Load_Module__id__C                               
00010742  ti_sysbios_utils_Load_autoAddTasks__C                             
00010744  ti_sysbios_utils_Load_updateInIdle__C                             
00010746  xdc_runtime_Core_Module__id__C                                    
00010748  xdc_runtime_Error_Module__loggerDefined__C                        
0001074a  xdc_runtime_Error_maxDepth__C                                     
0001074c  xdc_runtime_Memory_Module__id__C                                  
0001074e  xdc_runtime_SysMin_flushAtExit__C                                 
00010750  xdc_runtime_Text_charCnt__C                                       
00010752  xdc_runtime_Text_isLoaded__C                                      
00010754  xdc_runtime_Text_registryModsLastId__C                            
00010756  xdc_runtime_Text_unnamedModsLastId__C                             
00010758  __TI_static_base__                                                
00010b84  __TI_Handler_Table_Base                                           
00010b8c  __TI_CINIT_Base                                                   
00010b8c  __TI_Handler_Table_Limit                                          
00010ba4  __TI_CINIT_Limit                                                  
20000000  ti_sysbios_family_arm_m3_Hwi_ramVectors                           
20000360  ti_sysbios_heaps_HeapMem_Instance_State_0_buf__A                  
20004360  ti_sysbios_family_arm_m3_Hwi_dispatchTable                        
200046c0  ti_sysbios_knl_Task_Instance_State_0_stack__A                     
200048c0  __CIOBUF_                                                         
200049e0  uartTivaObjects                                                   
20004b3c  i2cTivaObjects                                                    
20004bbc  uartTivaRingBuffer                                                
20004c3c  xdc_runtime_SysMin_Module_State_0_outbuf__A                       
20004cbc  _ZN6TskTop6dbgStrE                                                
20004d0c  _ZN6TskTop9tskParamsE                                             
20004d48  _ZN5TskIr13irTimerParamsE                                         
20004d78  hwiQeiParams                                                      
20004da4  semParams                                                         
20004dc8  iicTrans                                                          
20004de4  _ZN5TskIr8IrBinThsE                                               
20004df8  iicImuParams                                                      
20004e08  imuData                                                           
20004e16  _ZN6TskTop4ModeE                                                  
20004e18  _ZN5TskIr5IrYawE                                                  
20004e2c  _ZN5TskIr6IrBinsE                                                 
20004e34  SemIrTick                                                         
20004e38  SemMotTick                                                        
20004e3c  _ZN5TskIr14SemIrAdcFinishE                                        
20004e40  _ZN5TskIr3tskE                                                    
20004e44  _ZN5TskIr5MbCmdE                                                  
20004e48  _ZN5TskIr7irTimerE                                                
20004e4c  _ZN6TskTop3tskE                                                   
20004e50  _ZN8TskMotor2AVE                                                  
20004e54  _ZN8TskMotor2LVE                                                  
20004e58  _ZN8TskMotor3tskE                                                 
20004e5c  _ZN8TskMotor5AcclYE                                               
20004e60  _ZN8TskMotor5GyroZE                                               
20004e64  _ZN8TskMotor5MbCmdE                                               
20004e68  _ZN8TskMotor6EncVelE                                              
20004e6c  _ZN8TskMotor6QMotorE                                              
20004e70  _ZSt16__dummy_typeinfo                                            
20004e74  dbgUart                                                           
20004e7c  hwiQeiHandle                                                      
20004e80  iicImu                                                            
20004e84  semDbgUart                                                        
20004e88  semIicFinish                                                      
20004e8c  ti_sysbios_knl_Task_Instance_State_0_hookEnv__A                   
20004e90  _ZN5TskIr5IrLTsE                                                  
20004fd0  ti_sysbios_utils_Load_Module__state__V                            
20005068  ti_sysbios_family_arm_lm4_Timer_Object__table__V                  
200050e8  ti_sysbios_knl_Swi_Module_State_0_readyQ__A                       
20005168  ti_sysbios_knl_Task_Module_State_0_readyQ__A                      
200051e8  ti_sysbios_knl_Task_Object__table__V                              
20005234  ti_sysbios_knl_Task_Module__state__V                              
20005278  ti_sysbios_gates_GateMutex_Object__table__V                       
200052b0  ti_sysbios_family_arm_m3_Hwi_Module__state__V                     
200052e4  _ZN5TskIr5IrACsE                                                  
20005314  ti_sysbios_family_arm_lm4_Timer_Module_State_0_device__A          
20005344  ti_sysbios_family_arm_m3_Hwi_Object__table__V                     
20005374  ti_sysbios_knl_Swi_Object__table__V                               
200053a4  ti_sysbios_knl_Clock_Module__state__V                             
200053d0  _ZN8TskMotor7EncRVelE                                             
200053d4  _ZN8TskMotor7EncLVelE                                             
200053d8  _ZN8TskMotor11DistanceAccE                                        
200053dc  _ZN8TskMotor8CurrentVE                                            
200053e0  _ZN8TskMotor6OmgAdjE                                              
200053e4  _ZN8TskMotor9GyroZZeroE                                           
200053e8  _ZN8TskMotor9AcclYZeroE                                           
200053ec  _ZN8TskMotor11TemperatureE                                        
200053f0  _ZN8TskMotor12MotorEnabledE                                       
200053f1  _ZN8TskMotor11GyroEnabledE                                        
200053f2  _ZN8TskMotor11AcclEnabledE                                        
200053f3  _ZN8TskMotor15AcqZerosEnabledE                                    
200053f4  ti_sysbios_BIOS_Module__state__V                                  
20005418  gpioPinConfigs                                                    
20005438  ti_sysbios_knl_Swi_Module__state__V                               
20005454  ti_sysbios_utils_Load_Module_State_0_taskEnv__A                   
20005470  ti_sysbios_family_arm_lm4_Timer_Module_State_0_handles__A         
20005488  ti_sysbios_heaps_HeapMem_Object__table__V                         
200054a0  _ZN5TskIr7IrDistsE                                                
200054b4  _ZN5TskIr9IrChNamesE                                              
200054c4  __TI_cleanup_ptr                                                  
200054c8  __TI_dtors_ptr                                                    
200054cc  __TI_enable_exit_profile_output                                   
200054d0  ti_sysbios_family_arm_lm4_Timer_Module__state__V                  
200054dc  xdc_runtime_SysMin_Module__state__V                               
200054e8  _lock                                                             
200054ec  _unlock                                                           
200054f0  _ZN5TskIr6IrIntsE                                                 
200054f8  _ZN5TskIr7irZerosE                                                
20005500  gpioCallbackFunctions                                             
20005508  ti_sysbios_family_arm_lm4_Timer_Module__root__V                   
20005510  ti_sysbios_family_arm_lm4_TimestampProvider_Module__state__V      
20005518  ti_sysbios_family_arm_m3_Hwi_Module__root__V                      
20005520  ti_sysbios_gates_GateHwi_Module__root__V                          
20005528  ti_sysbios_gates_GateMutex_Module__root__V                        
20005530  ti_sysbios_hal_Hwi_Module__root__V                                
20005538  ti_sysbios_hal_Timer_Module__root__V                              
20005540  ti_sysbios_heaps_HeapMem_Module__root__V                          
20005548  ti_sysbios_knl_Clock_Module__root__V                              
20005550  ti_sysbios_knl_Mailbox_Module__root__V                            
20005558  ti_sysbios_knl_Queue_Module__root__V                              
20005560  ti_sysbios_knl_Semaphore_Module__root__V                          
20005568  ti_sysbios_knl_Task_Module__root__V                               
20005570  xdc_runtime_Registry_Module__state__V                             
20005578  xdc_runtime_Startup_Module__state__V                              
20005580  xdc_runtime_System_Module_State_0_atexitHandlers__A               
20005588  xdc_runtime_System_Module__state__V                               
20005595  imuInitSeq0                                                       
2000559a  _ZN5TskIr12irEmitEnableE                                          
2000559b  _ZN5TskIr11irEmitterNoE                                           
200055a4  errno                                                             
200055a8  main_func_sp                                                      
200055ac  _new_handler                                                      
200055b0  ti_sysbios_family_arm_m3_Hwi_Module_State_0_excContext__A         
200055b4  ti_sysbios_family_arm_m3_Hwi_Module_State_0_excStack__A           
200055b8  ti_sysbios_gates_GateHwi_Object__table__V                         
200055bc  ti_sysbios_knl_Task_Module_State_0_idleTask__A                    
200055c0  ti_sysbios_utils_Load_Module_State_0_runningTask__A               
200055c4  ti_sysbios_utils_Load_Module_State_0_taskStartTime__A             
200055c8  xdc_runtime_Memory_Module__state__V                               
200055cc  imuInitSeq1                                                       
200055ce  ti_sysbios_family_arm_m3_Hwi_Module_State_0_excActive__A          
200055d0  xdc_runtime_Error_Module__state__V                                
200055d2  imuReadSeq                                                        
200055d4  __stack                                                           
200059d4  __STACK_END                                                       
e000e000  ti_sysbios_family_arm_m3_Hwi_nvic                                 
ffffffff  __TI_pprof_out_hndl                                               
ffffffff  __TI_prof_data_size                                               
ffffffff  __TI_prof_data_start                                              
ffffffff  __binit__                                                         
ffffffff  __c_args__                                                        
ffffffff  binit                                                             
UNDEFED   SHT$$INIT_ARRAY$$Base                                             
UNDEFED   SHT$$INIT_ARRAY$$Limit                                            

[969 symbols]
