******************************************************************************
                  TI ARM Linker PC v15.12.3                    
******************************************************************************
>> Linked Thu Mar 30 21:32:09 2017

OUTPUT FILE NAME:   <LineMouse_Labs.out>
ENTRY POINT SYMBOL: "_c_int00"  address: 00007129


MEMORY CONFIGURATION

         name            origin    length      used     unused   attr    fill
----------------------  --------  ---------  --------  --------  ----  --------
  FLASH                 00000000   00040000  0000c332  00033cce  R  X
  SRAM                  20000000   00008000  000057eb  00002815  RW X


SEGMENT ALLOCATION MAP

run origin  load origin   length   init length attrs members
----------  ----------- ---------- ----------- ----- -------
00000000    00000000    0000c334   0000c334    r-x
  00000000    00000000    0000003c   0000003c    r-- .resetVecs
  0000003c    0000003c    00000004   00000004    r-- .init_array
  00000040    00000040    00009992   00009992    r-x .text
  000099d4    000099d4    00002544   00002544    r-- .const
  0000bf18    0000bf18    0000041c   0000041c    r-- .cinit
20000000    20000000    000057ec   00000000    rw-
  20000000    20000000    00000360   00000000    rw- .vecs
  20000360    20000360    00004ae0   00000000    rw- .bss
  20004e40    20004e40    000005ab   00000000    rw- .data
  200053ec    200053ec    00000400   00000000    rw- .stack


SECTION ALLOCATION MAP

 output                                  attributes/
section   page    origin      length       input sections
--------  ----  ----------  ----------   ----------------
.init_array 
*          0    0000003c    00000004     
                  0000003c    00000004     TskAction.obj (.init_array)

.text      0    00000040    00009992     
                  00000040    000004b8     TskMotor.obj (.text:_ZN8TskMotor4taskEjj)
                  000004f8    00000430     sysbios.aem4f : BIOS.obj (.text:ti_sysbios_family_arm_m3_Hwi_excDumpRegs__I)
                  00000928    0000034c     ti.targets.arm.rtsarm.aem4f : System.oem4f (.text:xdc_runtime_System_doPrint__I)
                  00000c74    00000324     rtsv7M4_T_le_v4SPD16_eabi.lib : trgdrv.obj (.text)
                  00000f98    000002ac     sysbios.aem4f : BIOS.obj (.text:ti_sysbios_knl_Semaphore_pend__E)
                  00001244    00000004     driverlib.lib : i2c.obj (.text:I2CMasterControl)
                  00001248    00000274     sysbios.aem4f : BIOS.obj (.text:ti_sysbios_knl_Task_Instance_finalize__E)
                  000014bc    00000004     driverlib.lib : i2c.obj (.text:I2CMasterDataGet)
                  000014c0    00000254     sysbios.aem4f : BIOS.obj (.text:ti_sysbios_heaps_HeapMem_free__E)
                  00001714    00000004     driverlib.lib : i2c.obj (.text:I2CMasterDataPut)
                  00001718    00000248     sysbios.aem4f : BIOS.obj (.text:ti_sysbios_heaps_HeapMem_alloc__E)
                  00001960    0000021c                   : BIOS.obj (.text:ti_sysbios_family_arm_lm4_Timer_Instance_init__E)
                  00001b7c    0000020c     drivers_tivaware.aem4f : UARTTiva.oem4f (.text:UARTTiva_open)
                  00001d88    000001fc     sysbios.aem4f : BIOS.obj (.text:ti_sysbios_family_arm_m3_Hwi_excHandlerMax__I)
                  00001f84    000001f4     rtsv7M4_T_le_v4SPD16_eabi.lib : ull_div_t2.obj (.text)
                  00002178    000001f4     sysbios.aem4f : BIOS.obj (.text:ti_sysbios_knl_Task_Instance_init__E)
                  0000236c    000001f0     WheelEnc.obj (.text:_Z12WheelEncInitv)
                  0000255c    00000004     driverlib.lib : uart.obj (.text:UARTIntClear)
                  00002560    000001d4     sysbios.aem4f : BIOS.obj (.text:ti_sysbios_knl_Task_sleep__E)
                  00002734    000001bc     TskIr.obj (.text:_ZN5TskIr9irDetInitEv)
                  000028f0    00000178     Imu.obj (.text:_Z7ImuInitv)
                  00002a68    00000174     Imu.obj (.text:_Z12ImuGetValuesR11__ImuValues)
                  00002bdc    00000004     empty_pem4f.oem4f (.text:ti_sysbios_BIOS_RtsGateProxy_enter__E)
                  00002be0    00000174     sysbios.aem4f : BIOS.obj (.text:ti_sysbios_family_arm_m3_Hwi_excBusFault__I)
                  00002d54    00000004     empty_pem4f.oem4f (.text:ti_sysbios_BIOS_RtsGateProxy_leave__E)
                  00002d58    00000164     sysbios.aem4f : BIOS.obj (.text:ti_sysbios_family_arm_m3_Hwi_excUsageFault__I)
                  00002ebc    00000004                   : BIOS.obj (.text:ti_sysbios_family_arm_lm4_Timer_masterEnable__I)
                  00002ec0    00000160                   : BIOS.obj (.text:ti_sysbios_knl_Mailbox_Instance_init__E)
                  00003020    00000154     Pid.obj (.text:_ZN3Pid4TickEf)
                  00003174    00000150     drivers_tivaware.aem4f : GPIOTiva.oem4f (.text:GPIO_setConfig)
                  000032c4    00000004     empty_pem4f.oem4f (.text:ti_sysbios_family_arm_m3_Hwi_delete)
                  000032c8    00000148     sysbios.aem4f : BIOS.obj (.text:ti_sysbios_family_arm_m3_Hwi_excMemFault__I)
                  00003410    0000013c                   : BIOS.obj (.text:ti_sysbios_heaps_HeapMem_Instance_init__E)
                  0000354c    00000130     driverlib.lib : gpio.obj (.text:GPIOPadConfigSet)
                  0000367c    00000124     TskIr.obj (.text:_ZN5TskIr4taskEjj)
                  000037a0    0000011c     sysbios.aem4f : BIOS.obj (.text:ti_sysbios_knl_Clock_Instance_init__E)
                  000038bc    00000118     ti.targets.arm.rtsarm.aem4f : Error.oem4f (.text:xdc_runtime_Error_policyDefault__E)
                  000039d4    00000004     empty_pem4f.oem4f (.text:ti_sysbios_family_arm_m3_Hwi_destruct)
                  000039d8    00000108     sysbios.aem4f : BIOS.obj (.text:ti_sysbios_family_arm_lm4_Timer_start__E)
                  00003ae0    00000100     Boot.aem4f : Boot_sysctl.oem4f (.text:ti_catalog_arm_cortexm4_tiva_ce_Boot_sysCtlClockSetI__I)
                  00003be0    00000100     ti.targets.arm.rtsarm.aem4f : Core-mem.oem4f (.text:xdc_runtime_Core_createObject__I)
                  00003ce0    000000f8     sysbios.aem4f : BIOS.obj (.text:ti_sysbios_utils_Load_updateThreadContexts__E)
                  00003dd8    000000f8     ti.targets.arm.rtsarm.aem4f : Startup.oem4f (.text:xdc_runtime_Startup_startMods__I)
                  00003ed0    000000f8     empty_pem4f.oem4f (.text:xdc_runtime_System_printfExtend__I)
                  00003fc8    000000f4     sysbios.aem4f : m3_Hwi_asm.obj (.text:ti_sysbios_family_arm_m3_Hwi_dispatch__I)
                  000040bc    00000004     empty_pem4f.oem4f (.text:ti_sysbios_family_arm_m3_TaskSupport_Module__startupDone__S)
                  000040c0    000000ec     sysbios.aem4f : BIOS.obj (.text:ti_sysbios_knl_Semaphore_post__E)
                  000041ac    00000004     empty_pem4f.oem4f (.text:ti_sysbios_hal_Hwi_HwiProxy_delete)
                  000041b0    000000ec     sysbios.aem4f : BIOS.obj (.text:ti_sysbios_knl_Task_postInit__I)
                  0000429c    000000e0     drivers_tivaware.aem4f : I2CTiva.oem4f (.text:I2CTiva_open)
                  0000437c    00000004     empty_pem4f.oem4f (.text:ti_sysbios_hal_Timer_TimerProxy_delete)
                  00004380    000000d8     sysbios.aem4f : BIOS.obj (.text:ti_sysbios_family_arm_lm4_TimestampProvider_get32__E)
                  00004458    000000d6     drivers_tivaware.aem4f : I2CTiva.oem4f (.text:I2CTiva_hwiFxn)
                  0000452e    00000002     rtsv7M4_T_le_v4SPD16_eabi.lib : i_div0.obj (.text)
                  00004530    000000cc     DbgUart.obj (.text:_Z11InitDbgUartv)
                  000045fc    000000cc     ti.targets.arm.rtsarm.aem4f : Core-smem.oem4f (.text:xdc_runtime_Core_constructObject__I)
                  000046c8    000000bc     WheelEnc.obj (.text:_Z14WheelEncGetVelRVfS0_RViS2_)
                  00004784    000000bc     rtsv7M4_T_le_v4SPD16_eabi.lib : typeinfo_.obj (.text)
                  00004840    000000bc     sysbios.aem4f : BIOS.obj (.text:ti_sysbios_family_arm_m3_Hwi_excDebugMon__I)
                  000048fc    00000004     empty_pem4f.oem4f (.text:ti_sysbios_hal_Timer_TimerProxy_start__E)
                  00004900    000000bc     sysbios.aem4f : BIOS.obj (.text:ti_sysbios_family_arm_m3_Hwi_excHardFault__I)
                  000049bc    00000004     empty_pem4f.oem4f (.text:ti_sysbios_heaps_HeapMem_Module_GateProxy_enter__E)
                  000049c0    000000b4     sysbios.aem4f : BIOS.obj (.text:ti_sysbios_gates_GateMutex_enter__E)
                  00004a74    00000004     empty_pem4f.oem4f (.text:ti_sysbios_heaps_HeapMem_Module_GateProxy_leave__E)
                  00004a78    000000b4     sysbios.aem4f : BIOS.obj (.text:ti_sysbios_knl_Task_checkStacks__E)
                  00004b2c    000000b0     TskMotor.obj (.text:_ZN8TskMotor4InitEv)
                  00004bdc    00000004     empty_pem4f.oem4f (.text:ti_sysbios_knl_Clock_TimerProxy_getMaxTicks__E)
                  00004be0    000000b0     sysbios.aem4f : BIOS.obj (.text:ti_sysbios_utils_Load_idleFxn__E)
                  00004c90    000000ac     drivers_tivaware.aem4f : UARTTiva.oem4f (.text:readTaskBlocking)
                  00004d3c    00000004     empty_pem4f.oem4f (.text:ti_sysbios_knl_Clock_TimerProxy_getPeriod__E)
                  00004d40    000000ac     sysbios.aem4f : BIOS.obj (.text:ti_sysbios_family_arm_lm4_Timer_enableTiva__I)
                  00004dec    00000004     empty_pem4f.oem4f (.text:ti_sysbios_knl_Clock_destruct)
                  00004df0    000000a4     sysbios.aem4f : BIOS.obj (.text:ti_sysbios_knl_Clock_Instance_finalize__E)
                  00004e94    000000a0     auto_init.aem4f : auto_init.oem4f (.text)
                  00004f34    000000a0     ti.targets.arm.rtsarm.aem4f : Text.oem4f (.text:xdc_runtime_Text_putMod__E)
                  00004fd4    0000009c     MotorPwm.obj (.text:_Z15MotorPwmSetDutyss)
                  00005070    0000009c     Kalman1Var.obj (.text:_ZN10Kalman1Var7CorrectEf)
                  0000510c    0000009c     rtsv7M4_T_le_v4SPD16_eabi.lib : memcpy_t2.obj (.text)
                  000051a8    0000009c     sysbios.aem4f : BIOS.obj (.text:ti_sysbios_knl_Semaphore_Instance_init__E)
                  00005244    00000004     empty_pem4f.oem4f (.text:ti_sysbios_knl_Queue_destruct)
                  00005248    0000009c     sysbios.aem4f : BIOS.obj (.text:ti_sysbios_knl_Task_schedule__I)
                  000052e4    0000009a     ti.targets.arm.rtsarm.aem4f : Text.oem4f (.text:xdc_runtime_Text_putSite__E)
                  0000537e    00000098     drivers_tivaware.aem4f : UARTTiva.oem4f (.text:UARTTiva_readPolling)
                  00005416    00000002     rtsv7M4_T_le_v4SPD16_eabi.lib : newhandler.obj (.text)
                  00005418    00000098     MotorPwm.obj (.text:_Z12MotorPwmInitv)
                  000054b0    00000098     TskIr.obj (.text:_ZN5TskIr9irCalcYawEv)
                  00005548    00000098     Boot.aem4f : Boot.oem4f (.text:ti_catalog_arm_cortexm4_tiva_ce_Boot_sysCtlClockSet__E)
                  000055e0    00000094     drivers_tivaware.aem4f : UARTTiva.oem4f (.text:UARTTiva_write)
                  00005674    00000094     TskTop.obj (.text:_ZN6TskTop7SetLedsENS_8LedColor4TypeES1_)
                  00005708    00000094     sysbios.aem4f : BIOS.obj (.text:ti_sysbios_family_arm_m3_Hwi_Instance_init__E)
                  0000579c    00000004     empty_pem4f.oem4f (.text:ti_sysbios_knl_Semaphore_destruct)
                  000057a0    00000094     sysbios.aem4f : BIOS.obj (.text:ti_sysbios_family_arm_m3_Hwi_initNVIC__E)
                  00005834    00000090     Pid.obj (.text:_ZN3PidC1Efffffff)
                  000058c4    00000004     ti.targets.arm.rtsarm.aem4f : Error.oem4f (.text:xdc_runtime_Error_getSite__E)
                  000058c8    00000090     sysbios.aem4f : BIOS.obj (.text:ti_sysbios_knl_Task_Module_startup__E)
                  00005958    00000090                   : BIOS.obj (.text:ti_sysbios_knl_Task_exit__E)
                  000059e8    00000090                   : BIOS.obj (.text:ti_sysbios_knl_Task_startCore__E)
                  00005a78    00000090                   : BIOS.obj (.text:ti_sysbios_utils_Load_startup__E)
                  00005b08    0000008c     drivers_tivaware.aem4f : GPIOTiva.oem4f (.text:GPIO_init)
                  00005b94    0000008c                            : UARTTiva.oem4f (.text:UARTTiva_control)
                  00005c20    0000008c     sysbios.aem4f : BIOS.obj (.text:ti_sysbios_family_arm_lm4_Timer_enableTimers__I)
                  00005cac    0000008c                   : m3_TaskSupport_asm.obj (.text:ti_sysbios_family_arm_m3_TaskSupport_buildTaskStack)
                  00005d38    0000008c                   : BIOS.obj (.text:ti_sysbios_knl_Mailbox_pend__E)
                  00005dc4    0000008a     drivers_tivaware.aem4f : UARTTiva.oem4f (.text:readIsrTextBlocking)
                  00005e4e    00000002     empty_pem4f.oem4f (.text:ti_sysbios_BIOS_nullFunc__I)
                  00005e50    00000088     TskIr.obj (.text:_ZN5TskIr7irCalcsEv)
                  00005ed8    00000088     sysbios.aem4f : BIOS.obj (.text:ti_sysbios_knl_Mailbox_post__E)
                  00005f60    00000084                   : BIOS.obj (.text:ti_sysbios_family_arm_m3_Hwi_postInit__I)
                  00005fe4    00000004     empty_pem4f.oem4f (.text:xdc_runtime_System_Module_GateProxy_enter__E)
                  00005fe8    00000084     sysbios.aem4f : BIOS.obj (.text:ti_sysbios_utils_Load_updateLoads__E)
                  0000606c    00000082     drivers_tivaware.aem4f : UARTTiva.oem4f (.text:readIsrTextCallback)
                  000060ee    00000002     empty_pem4f.oem4f (.text:xdc_runtime_Startup_reset__I)
                  000060f0    00000080     sysbios.aem4f : BIOS.obj (.text:ti_sysbios_family_arm_lm4_Timer_disableTiva__I)
                  00006170    0000007e     drivers_tivaware.aem4f : I2CTiva.oem4f (.text:I2CTiva_transfer)
                  000061ee    00000002     --HOLE-- [fill = 0]
                  000061f0    0000007c     TskTop.obj (.text:_ZN6TskTop7MsgInitEv)
                  0000626c    0000007a     drivers_tivaware.aem4f : UARTTiva.oem4f (.text:readTaskCallback)
                  000062e6    0000007a     rtsv7M4_T_le_v4SPD16_eabi.lib : memset_t2.obj (.text)
                  00006360    00000075     TskTop.obj (.text:_ZN6TskTop4taskEjj)
                  000063d5    00000003     --HOLE-- [fill = 0]
                  000063d8    00000074     sysbios.aem4f : BIOS.obj (.text:ti_sysbios_knl_Clock_start__E)
                  0000644c    00000070     DbgUart.obj (.text:_Z14DbgUartPutLinePcb)
                  000064bc    00000070     TskIr.obj (.text:_ZN5TskIr13irTimerHookerEj)
                  0000652c    00000004     empty_pem4f.oem4f (.text:xdc_runtime_System_Module_GateProxy_leave__E)
                  00006530    00000070     sysbios.aem4f : BIOS.obj (.text:ti_sysbios_knl_Mailbox_Instance_finalize__E)
                  000065a0    0000006d     ti.targets.arm.rtsarm.aem4f : System.oem4f (.text:xdc_runtime_System_formatNum__I)
                  0000660d    00000003     --HOLE-- [fill = 0]
                  00006610    0000006c     empty_pem4f.oem4f (.text:ti_sysbios_family_arm_lm4_Timer_Object__create__S)
                  0000667c    0000006c     empty_pem4f.oem4f (.text:ti_sysbios_family_arm_m3_Hwi_Object__create__S)
                  000066e8    0000006c     sysbios.aem4f : BIOS.obj (.text:ti_sysbios_knl_Clock_workFunc__E)
                  00006754    00000004     ti.targets.arm.rtsarm.aem4f : System.oem4f (.text:xdc_runtime_System_aprintf_va__F)
                  00006758    0000006c     sysbios.aem4f : BIOS.obj (.text:ti_sysbios_knl_Swi_restoreHwi__E)
                  000067c4    00000004     ti.targets.arm.rtsarm.aem4f : System.oem4f (.text:xdc_runtime_System_printf_va__F)
                  000067c8    0000006c     sysbios.aem4f : BIOS.obj (.text:ti_sysbios_utils_Load_taskCreateHook__E)
                  00006834    0000006c     drivers_tivaware.aem4f : UARTTiva.oem4f (.text:writeData)
                  000068a0    0000006c     ti.targets.arm.rtsarm.aem4f : Error.oem4f (.text:xdc_runtime_Error_print__E)
                  0000690c    0000006c                                 : Memory.oem4f (.text:xdc_runtime_Memory_alloc__E)
                  00006978    0000006a     rtsv7M4_T_le_v4SPD16_eabi.lib : copy_decompress_rle.obj (.text)
                  000069e2    00000002     --HOLE-- [fill = 0]
                  000069e4    00000068                                   : trgmsg.obj (.text)
                  00006a4c    00000004     --HOLE-- [fill = 0]
                  00006a50    00000068     sysbios.aem4f : BIOS.obj (.text:ti_sysbios_utils_Load_addTask__E)
                  00006ab8    00000066     ti.targets.arm.rtsarm.aem4f : Core-mem.oem4f (.text:xdc_runtime_Core_deleteObject__I)
                  00006b1e    00000002     --HOLE-- [fill = 0]
                  00006b20    00000064     drivers_tivaware.aem4f : GPIOTiva.oem4f (.text:GPIO_hwiIntFxn)
                  00006b84    00000004     --HOLE-- [fill = 0]
                  00006b88    00000064     sysbios.aem4f : BIOS.obj (.text:ti_sysbios_family_arm_lm4_Timer_Module_startup__E)
                  00006bec    00000064     empty_pem4f.oem4f (.text:ti_sysbios_family_arm_m3_Hwi_create)
                  00006c50    00000064     empty_pem4f.oem4f (.text:ti_sysbios_hal_Hwi_create)
                  00006cb4    00000064     empty_pem4f.oem4f (.text:ti_sysbios_hal_Timer_create)
                  00006d18    00000064     empty_pem4f.oem4f (.text:ti_sysbios_knl_Mailbox_create)
                  00006d7c    00000062     drivers_tivaware.aem4f : I2CTiva.oem4f (.text:I2CTiva_primeTransfer)
                  00006dde    00000002     --HOLE-- [fill = 0]
                  00006de0    00000060     sysbios.aem4f : BIOS.obj (.text:ti_sysbios_utils_Load_updateCurrentThreadTime__E)
                  00006e40    0000005e     drivers_tivaware.aem4f : UARTTiva.oem4f (.text:readIsrBinaryBlocking)
                  00006e9e    00000002     --HOLE-- [fill = 0]
                  00006ea0    0000005c     Kalman1Var.obj (.text:_ZN10Kalman1VarC1Efffffff)
                  00006efc    0000005c     TskMotor.obj (.text:_ZN5QueueIN8TskMotor8VelOmegaEE2DeERS1_)
                  00006f58    0000005c     sysbios.aem4f : BIOS.obj (.text:ti_sysbios_knl_Swi_run__I)
                  00006fb4    00000004     --HOLE-- [fill = 0]
                  00006fb8    0000005c                   : BIOS.obj (.text:ti_sysbios_knl_Swi_schedule__I)
                  00007014    0000005c     empty_pem4f.oem4f (.text:ti_sysbios_knl_Task_create)
                  00007070    0000005c     sysbios.aem4f : BIOS.obj (.text:ti_sysbios_knl_Task_unblockI__E)
                  000070cc    0000005b     ti.targets.arm.rtsarm.aem4f : Text.oem4f (.text:xdc_runtime_Text_putLab__E)
                  00007127    00000001     --HOLE-- [fill = 0]
                  00007128    00000058     boot.aem4f : boot.oem4f (.text)
                  00007180    00000058     Kalman1Var.obj (.text:_ZN10Kalman1Var7PredictEf)
                  000071d8    00000058     TskTop.obj (.text:_ZN6TskTop4InitEv)
                  00007230    00000058     sysbios.aem4f : BIOS.obj (.text:ti_sysbios_family_arm_lm4_Timer_Instance_finalize__E)
                  00007288    00000058     empty_pem4f.oem4f (.text:ti_sysbios_family_arm_m3_Hwi_construct)
                  000072e0    00000058     sysbios.aem4f : m3_Hwi_asm_switch.obj (.text:ti_sysbios_family_arm_m3_Hwi_initStacks__E)
                  00007338    00000056     driverlib.lib : gpio.obj (.text:GPIOIntTypeSet)
                  0000738e    00000002     --HOLE-- [fill = 0]
                  00007390    00000054     linemouse_chassis.obj (.text:DBMOUSE_initGPIO)
                  000073e4    00000054     drivers_tivaware.aem4f : UARTTiva.oem4f (.text:readIsrBinaryCallback)
                  00007438    00000054     rtsv7M4_T_le_v4SPD16_eabi.lib : exit.obj (.text)
                  0000748c    00000004     --HOLE-- [fill = 0]
                  00007490    00000054     sysbios.aem4f : BIOS.obj (.text:ti_sysbios_family_arm_lm4_Timer_initDevice__I)
                  000074e4    00000004     --HOLE-- [fill = 0]
                  000074e8    00000054                   : BIOS.obj (.text:ti_sysbios_family_arm_m3_Hwi_dispatchC__I)
                  0000753c    00000004     --HOLE-- [fill = 0]
                  00007540    00000054                   : BIOS.obj (.text:ti_sysbios_utils_Load_taskSwitchHook__E)
                  00007594    00000054     ti.targets.arm.rtsarm.aem4f : Assert.oem4f (.text:xdc_runtime_Assert_raise__I)
                  000075e8    00000050     drivers_tivaware.aem4f : GPIOTiva.oem4f (.text:GPIO_setCallback)
                  00007638    00000050                            : GPIOTiva.oem4f (.text:GPIO_write)
                  00007688    00000050                            : UARTTiva.oem4f (.text:UARTTiva_writeCancel)
                  000076d8    00000050     sysbios.aem4f : BIOS.obj (.text:ti_sysbios_family_arm_m3_Hwi_Module_startup__E)
                  00007728    00000050                   : BIOS.obj (.text:ti_sysbios_utils_Load_logLoads__I)
                  00007778    00000050     ti.targets.arm.rtsarm.aem4f : Startup.oem4f (.text:xdc_runtime_Startup_exec__E)
                  000077c8    00000050                                 : Text.oem4f (.text:xdc_runtime_Text_visitRope2__I)
                  00007818    0000004c     drivers_tivaware.aem4f : UARTTiva.oem4f (.text:UARTTiva_close)
                  00007864    0000004c     rtsv7M4_T_le_v4SPD16_eabi.lib : cpy_tbl.obj (.text)
                  000078b0    0000004c     sysbios.aem4f : BIOS.obj (.text:ti_sysbios_heaps_HeapMem_getStats__E)
                  000078fc    00000004     --HOLE-- [fill = 0]
                  00007900    0000004c                   : BIOS.obj (.text:ti_sysbios_knl_Swi_runLoop__I)
                  0000794c    00000004     --HOLE-- [fill = 0]
                  00007950    0000004c                   : BIOS.obj (.text:ti_sysbios_knl_Task_allBlockedFunction__I)
                  0000799c    00000048     driverlib.lib : gpio.obj (.text:GPIOPinConfigure)
                  000079e4    00000048                   : i2c.obj (.text:I2CMasterInitExpClk)
                  00007a2c    00000048     TskMotor.obj (.text:_ZN8TskMotor8saturateEfff)
                  00007a74    00000004     --HOLE-- [fill = 0]
                  00007a78    00000048     sysbios.aem4f : BIOS.obj (.text:ti_sysbios_family_arm_m3_Hwi_disableInterrupt__E)
                  00007ac0    00000048                   : BIOS.obj (.text:ti_sysbios_family_arm_m3_Hwi_enableInterrupt__E)
                  00007b08    00000048                   : BIOS.obj (.text:ti_sysbios_family_arm_m3_Hwi_excReserved__I)
                  00007b50    00000048                   : BIOS.obj (.text:ti_sysbios_knl_Mailbox_Module_startup__E)
                  00007b98    00000048                   : BIOS.obj (.text:ti_sysbios_utils_Load_taskDeleteHook__E)
                  00007be0    00000046     drivers_tivaware.aem4f : RingBuf.oem4f (.text:RingBuf_put)
                  00007c26    00000046     ti.targets.arm.rtsarm.aem4f : Core-params.oem4f (.text:xdc_runtime_Core_assignParams__I)
                  00007c6c    00000004     --HOLE-- [fill = 0]
                  00007c70    00000044     sysbios.aem4f : BIOS.obj (.text:ti_sysbios_family_arm_lm4_Timer_isrStub__E)
                  00007cb4    00000004     --HOLE-- [fill = 0]
                  00007cb8    00000044                   : BIOS.obj (.text:ti_sysbios_family_arm_m3_Hwi_getStackInfo__E)
                  00007cfc    00000004     --HOLE-- [fill = 0]
                  00007d00    00000044                   : BIOS.obj (.text:ti_sysbios_knl_Mailbox_postInit__I)
                  00007d44    00000004     --HOLE-- [fill = 0]
                  00007d48    00000044                   : BIOS.obj (.text:ti_sysbios_knl_Swi_post__E)
                  00007d8c    00000004     --HOLE-- [fill = 0]
                  00007d90    00000044                   : BIOS.obj (.text:ti_sysbios_utils_Load_removeTask__E)
                  00007dd4    00000044     ti.targets.arm.rtsarm.aem4f : Error.oem4f (.text:xdc_runtime_Error_setX__E)
                  00007e18    00000044                                 : SysMin.oem4f (.text:xdc_runtime_SysMin_flush__E)
                  00007e5c    00000044                                 : Text.oem4f (.text:xdc_runtime_Text_xprintf__I)
                  00007ea0    00000042     driverlib.lib : uart.obj (.text:UARTConfigSetExpClk)
                  00007ee2    00000042     drivers_tivaware.aem4f : UARTTiva.oem4f (.text:UARTTiva_hwiIntFxn)
                  00007f24    00000042                            : UARTTiva.oem4f (.text:UARTTiva_writePolling)
                  00007f66    00000002     --HOLE-- [fill = 0]
                  00007f68    00000040     linemouse_chassis.obj (.text:DBMOUSE_initGeneral)
                  00007fa8    00000040     drivers_tivaware.aem4f : RingBuf.oem4f (.text:RingBuf_get)
                  00007fe8    00000040                            : UARTTiva.oem4f (.text:UARTTiva_read)
                  00008028    00000040     TskAction.obj (.text:_ZN5QueueIN8TskMotor8VelOmegaEE3LenEv)
                  00008068    00000040     rtsv7M4_T_le_v4SPD16_eabi.lib : u_divt2.obj (.text)
                  000080a8    00000040     sysbios.aem4f : BIOS.obj (.text:ti_sysbios_family_arm_lm4_Timer_startup__E)
                  000080e8    0000003c     linemouse_chassis.obj (.text:DBMOUSE_initI2C)
                  00008124    0000003c     WheelEnc.obj (.text:_Z6qeiISRj)
                  00008160    0000003c     sysbios.aem4f : BIOS.obj (.text:ti_sysbios_family_arm_m3_Hwi_excSvCall__I)
                  0000819c    00000004     --HOLE-- [fill = 0]
                  000081a0    0000003c                   : BIOS.obj (.text:ti_sysbios_heaps_HeapMem_init__I)
                  000081dc    00000004     --HOLE-- [fill = 0]
                  000081e0    0000003c                   : BIOS.obj (.text:ti_sysbios_knl_Swi_restore__E)
                  0000821c    0000003a     drivers_tivaware.aem4f : I2CTiva.oem4f (.text:I2CTiva_completeTransfer)
                  00008256    00000002     --HOLE-- [fill = 0]
                  00008258    00000038                            : I2C.oem4f (.text:I2C_init)
                  00008290    00000038                            : UART.oem4f (.text:UART_init)
                  000082c8    00000038     sysbios.aem4f : BIOS.obj (.text:ti_sysbios_family_arm_m3_Hwi_excNoIsr__I)
                  00008300    00000038                   : BIOS.obj (.text:ti_sysbios_knl_Task_processVitalTaskFlag__I)
                  00008338    00000038     ti.targets.arm.rtsarm.aem4f : SysMin.oem4f (.text:xdc_runtime_SysMin_putch__E)
                  00008370    00000038                                 : System.oem4f (.text:xdc_runtime_System_atexit__E)
                  000083a8    00000036     drivers_tivaware.aem4f : I2CTiva.oem4f (.text:I2CTiva_close)
                  000083de    00000036                            : UARTTiva.oem4f (.text:UARTTiva_readCancel)
                  00008414    00000034     linemouse_chassis.obj (.text:DBMOUSE_initUART)
                  00008448    00000034     driverlib.lib : sysctl.obj (.text:SysCtlPeripheralEnable)
                  0000847c    00000034     MotorPwm.obj (.text:_Z13MotorPwmCoastv)
                  000084b0    00000034     sysbios.aem4f : BIOS.obj (.text:ti_sysbios_family_arm_lm4_Timer_setPeriodMicroSecs__E)
                  000084e4    00000004     --HOLE-- [fill = 0]
                  000084e8    00000034                   : BIOS.obj (.text:ti_sysbios_family_arm_m3_Hwi_Instance_finalize__E)
                  0000851c    00000004     --HOLE-- [fill = 0]
                  00008520    00000034                   : BIOS.obj (.text:ti_sysbios_family_arm_m3_Hwi_excNmi__I)
                  00008554    00000004     --HOLE-- [fill = 0]
                  00008558    00000034                   : BIOS.obj (.text:ti_sysbios_hal_Hwi_checkStack)
                  0000858c    00000034     empty_pem4f.oem4f (.text:ti_sysbios_knl_Clock_construct)
                  000085c0    00000034     empty_pem4f.oem4f (.text:ti_sysbios_knl_Semaphore_create)
                  000085f4    00000034     ti.targets.arm.rtsarm.aem4f : Core-label.oem4f (.text:xdc_runtime_Core_assignLabel__I)
                  00008628    00000033                                 : Text.oem4f (.text:xdc_runtime_Text_printVisFxn__I)
                  0000865b    00000005     --HOLE-- [fill = 0]
                  00008660    00000032     sysbios.aem4f : BIOS.obj (.text:ti_sysbios_hal_Hwi_initStack)
                  00008692    00000006     driverlib.lib : gpio.obj (.text:GPIOIntClear)
                  00008698    00000032     sysbios.aem4f : BIOS.obj (.text:ti_sysbios_knl_Semaphore_pendTimeout__I)
                  000086ca    00000002     --HOLE-- [fill = 0]
                  000086cc    00000030     drivers_tivaware.aem4f : I2C.oem4f (.text:I2C_open)
                  000086fc    00000030                            : UART.oem4f (.text:UART_open)
                  0000872c    00000030     TskIr.obj (.text:_ZN5TskIr4InitEv)
                  0000875c    00000030     rtsv7M4_T_le_v4SPD16_eabi.lib : new_.obj (.text)
                  0000878c    00000030     empty_pem4f.oem4f (.text:ti_sysbios_BIOS_atExitFunc__I)
                  000087bc    00000004     --HOLE-- [fill = 0]
                  000087c0    00000030     sysbios.aem4f : BIOS.obj (.text:ti_sysbios_family_arm_lm4_Timer_stop__E)
                  000087f0    00000030                   : BIOS.obj (.text:ti_sysbios_family_arm_m3_TaskSupport_start__E)
                  00008820    00000030     empty_pem4f.oem4f (.text:ti_sysbios_gates_GateHwi_Object__create__S)
                  00008850    00000030     empty_pem4f.oem4f (.text:ti_sysbios_gates_GateMutex_Object__create__S)
                  00008880    00000030     empty_pem4f.oem4f (.text:ti_sysbios_heaps_HeapMem_Object__create__S)
                  000088b0    00000030     empty_pem4f.oem4f (.text:ti_sysbios_knl_Semaphore_construct)
                  000088e0    00000030     ti.targets.arm.rtsarm.aem4f : SysMin.oem4f (.text:xdc_runtime_SysMin_abort__E)
                  00008910    00000030                                 : System.oem4f (.text:xdc_runtime_System_processAtExit__E)
                  00008940    0000002e     empty_pem4f.oem4f (.text:malloc)
                  0000896e    00000002     --HOLE-- [fill = 0]
                  00008970    0000002c     empty_pem4f.oem4f (.text:ti_sysbios_knl_Clock_doTick__I)
                  0000899c    0000002c     empty_pem4f.oem4f (.text:ti_sysbios_knl_Queue_construct)
                  000089c8    0000002c     sysbios.aem4f : BIOS.obj (.text:ti_sysbios_knl_Task_restore__E)
                  000089f4    0000002c     ti.targets.arm.rtsarm.aem4f : Text.oem4f (.text:xdc_runtime_Text_cordText__E)
                  00008a20    0000002a     driverlib.lib : gpio.obj (.text:GPIODirModeSet)
                  00008a4a    0000002a     ti.targets.arm.rtsarm.aem4f : System.oem4f (.text:xdc_runtime_System_putchar__I)
                  00008a74    00000028     TskMotor.obj (.text:_ZN5QueueIN8TskMotor8VelOmegaEEC1Ei)
                  00008a9c    00000028     empty_pem4f.oem4f (.text:ti_sysbios_BIOS_startFunc__I)
                  00008ac4    00000004     --HOLE-- [fill = 0]
                  00008ac8    00000028     sysbios.aem4f : BIOS.obj (.text:ti_sysbios_hal_Hwi_Instance_init__E)
                  00008af0    00000028                   : BIOS.obj (.text:ti_sysbios_hal_Timer_Instance_init__E)
                  00008b18    00000028                   : BIOS.obj (.text:ti_sysbios_knl_Swi_Module_startup__E)
                  00008b40    00000026                   : m3_Hwi_asm.obj (.text:ti_sysbios_family_arm_m3_Hwi_pendSV__I)
                  00008b66    00000026     ti.targets.arm.rtsarm.aem4f : System.oem4f (.text:xdc_runtime_System_avprintf__E)
                  00008b8c    00000024     empty_pem4f.oem4f (.text:ti_sysbios_BIOS_errorRaiseHook__I)
                  00008bb0    00000024     empty_pem4f.oem4f (.text:ti_sysbios_BIOS_registerRTSLock__I)
                  00008bd4    00000024     empty_pem4f.oem4f (.text:ti_sysbios_BIOS_removeRTSLock__I)
                  00008bf8    00000024     empty_pem4f.oem4f (.text:ti_sysbios_gates_GateMutex_Object__delete__S)
                  00008c1c    00000004     --HOLE-- [fill = 0]
                  00008c20    00000024     sysbios.aem4f : BIOS.obj (.text:ti_sysbios_knl_Clock_Module_startup__E)
                  00008c44    00000004     --HOLE-- [fill = 0]
                  00008c48    00000024                   : BIOS.obj (.text:ti_sysbios_knl_Task_restoreHwi__E)
                  00008c6c    00000024     ti.targets.arm.rtsarm.aem4f : System.oem4f (.text:xdc_runtime_System_vprintf__E)
                  00008c90    00000022     sysbios.aem4f : BIOS.obj (.text:ti_sysbios_family_arm_lm4_Timer_write__I)
                  00008cb2    00000022     empty_pem4f.oem4f (.text:xdc_runtime_SysMin_output__I)
                  00008cd4    00000020     TskIr.obj (.text:_ZN5TskIr8adcStartEi)
                  00008cf4    00000020     TskIr.obj (.text:_ZN5TskIr8irBranchEv)
                  00008d14    00000020     TskAction.obj (.text:_ZN8TskMotor8VelOmegaC1Eff)
                  00008d34    00000020     TskAction.obj (.text:__sti___12_TskAction_cc_91f6dd66)
                  00008d54    00000020     empty_pem4f.oem4f (.text:ti_sysbios_BIOS_rtsLock__I)
                  00008d74    00000020     empty_pem4f.oem4f (.text:ti_sysbios_family_arm_lm4_Timer_Object__delete__S)
                  00008d94    00000020     empty_pem4f.oem4f (.text:ti_sysbios_family_arm_m3_Hwi_Object__delete__S)
                  00008db4    00000004     --HOLE-- [fill = 0]
                  00008db8    00000020     sysbios.aem4f : BIOS.obj (.text:ti_sysbios_family_arm_m3_Hwi_clearInterrupt__E)
                  00008dd8    00000020                   : m3_Hwi_asm.obj (.text:ti_sysbios_family_arm_m3_Hwi_excHandlerAsm__I)
                  00008df8    00000020                   : BIOS.obj (.text:ti_sysbios_family_arm_m3_Hwi_excHandler__I)
                  00008e18    00000020     empty_pem4f.oem4f (.text:ti_sysbios_gates_GateHwi_Object__delete__S)
                  00008e38    00000020     empty_pem4f.oem4f (.text:ti_sysbios_heaps_HeapMem_Object__delete__S)
                  00008e58    00000020     empty_pem4f.oem4f (.text:ti_sysbios_knl_Clock_Object__destruct__S)
                  00008e78    00000020     sysbios.aem4f : BIOS.obj (.text:ti_sysbios_knl_Idle_run__E)
                  00008e98    00000020     empty_pem4f.oem4f (.text:ti_sysbios_knl_Semaphore_Object__destruct__S)
                  00008eb8    00000020     ti.targets.arm.rtsarm.aem4f : Registry.oem4f (.text:xdc_runtime_Registry_findById__E)
                  00008ed8    00000020                                 : SysMin.oem4f (.text:xdc_runtime_SysMin_Module_startup__E)
                  00008ef8    0000001e     TskAction.obj (.text:_ZN5QueueIN8TskMotor8VelOmegaEE5ClearEv)
                  00008f16    0000001e     linemouse.obj (.text:main)
                  00008f34    0000001e     sysbios.aem4f : m3_Hwi_asm_switch.obj (.text:ti_sysbios_family_xxx_Hwi_switchAndRunFunc)
                  00008f52    00000002     --HOLE-- [fill = 0]
                  00008f54    0000001c     driverlib.lib : uart.obj (.text:UARTDisable)
                  00008f70    0000001c     Pid.obj (.text:_ZN3Pid5ResetEv)
                  00008f8c    0000001c     TskIr.obj (.text:_ZN5TskIr10irDetStartEv)
                  00008fa8    0000001c     drivers_tivaware.aem4f : GPIOTiva.oem4f (.text:getGpioIntIndex)
                  00008fc4    0000001c     empty_pem4f.oem4f (.text:ti_sysbios_family_arm_m3_Hwi_Object__destruct__S)
                  00008fe0    0000001c     sysbios.aem4f : BIOS.obj (.text:ti_sysbios_gates_GateMutex_Instance_init__E)
                  00008ffc    0000001c     empty_pem4f.oem4f (.text:ti_sysbios_hal_Hwi_HwiProxy_create)
                  00009018    0000001c     empty_pem4f.oem4f (.text:ti_sysbios_hal_Timer_TimerProxy_create)
                  00009034    0000001c     empty_pem4f.oem4f (.text:ti_sysbios_knl_Queue_Object__destruct__S)
                  00009050    0000001c     sysbios.aem4f : BIOS.obj (.text:ti_sysbios_knl_Queue_put__E)
                  0000906c    00000004     --HOLE-- [fill = 0]
                  00009070    0000001c                   : BIOS.obj (.text:ti_sysbios_knl_Task_enter__I)
                  0000908c    0000001c     ti.targets.arm.rtsarm.aem4f : Error.oem4f (.text:xdc_runtime_Error_raiseX__E)
                  000090a8    0000001c                                 : Memory.oem4f (.text:xdc_runtime_Memory_valloc__E)
                  000090c4    0000001c                                 : SysMin.oem4f (.text:xdc_runtime_SysMin_exit__E)
                  000090e0    0000001c                                 : System.oem4f (.text:xdc_runtime_System_abort__E)
                  000090fc    0000001a     empty_pem4f.oem4f (.text:ti_sysbios_family_arm_m3_Hwi_Handle__label__S)
                  00009116    0000001a     empty_pem4f.oem4f (.text:ti_sysbios_gates_GateHwi_Handle__label__S)
                  00009130    0000001a     empty_pem4f.oem4f (.text:ti_sysbios_gates_GateMutex_Handle__label__S)
                  0000914a    0000001a     empty_pem4f.oem4f (.text:ti_sysbios_heaps_HeapMem_Handle__label__S)
                  00009164    0000001a     empty_pem4f.oem4f (.text:ti_sysbios_knl_Swi_Handle__label__S)
                  0000917e    0000001a     empty_pem4f.oem4f (.text:ti_sysbios_knl_Task_Handle__label__S)
                  00009198    0000001a     sysbios.aem4f : BIOS.obj (.text:ti_sysbios_knl_Task_sleepTimeout__I)
                  000091b2    0000001a     empty_pem4f.oem4f (.text:xdc_runtime_System_aprintf__E)
                  000091cc    0000001a     empty_pem4f.oem4f (.text:xdc_runtime_System_printf__E)
                  000091e6    00000002     --HOLE-- [fill = 0]
                  000091e8    00000018     drivers_tivaware.aem4f : UART.oem4f (.text:UART_Params_init)
                  00009200    00000018     Imu.obj (.text:_Z12ImuStartReadv)
                  00009218    00000018     DbgUart.obj (.text:_Z14dbgUartWriteCbP11UART_ConfigPvj)
                  00009230    00000018     Imu.obj (.text:_Z14iicImuCallbackP10I2C_ConfigP15I2C_Transactionb)
                  00009248    00000018     empty_pem4f.oem4f (.text:free)
                  00009260    00000018     rtsv7M4_T_le_v4SPD16_eabi.lib : args_main.obj (.text)
                  00009278    00000018     empty_pem4f.oem4f (.text:ti_sysbios_BIOS_rtsUnlock__I)
                  00009290    00000018     empty_pem4f.oem4f (.text:ti_sysbios_family_arm_lm4_Timer_Module__startupDone__F)
                  000092a8    00000018     empty_pem4f.oem4f (.text:ti_sysbios_family_arm_m3_Hwi_Module__startupDone__F)
                  000092c0    00000018     sysbios.aem4f : m3_TaskSupport_asm.obj (.text:ti_sysbios_family_arm_m3_TaskSupport_swap__E)
                  000092d8    00000018                   : BIOS.obj (.text:ti_sysbios_gates_GateMutex_leave__E)
                  000092f0    00000018     ti.targets.arm.rtsarm.aem4f : Error.oem4f (.text:xdc_runtime_Error_check__E)
                  00009308    00000018                                 : System.oem4f (.text:xdc_runtime_System_exit__E)
                  00009320    00000018                                 : Text.oem4f (.text:xdc_runtime_Text_ropeText__E)
                  00009338    00000016     driverlib.lib : i2c.obj (.text:I2CMasterErr)
                  0000934e    00000016     WheelEnc.obj (.text:_Z30ti_sysbios_hal_Hwi_Params_initP25ti_sysbios_hal_Hwi_Params)
                  00009364    00000016     TskIr.obj (.text:_Z31ti_sysbios_knl_Task_Params_initP26ti_sysbios_knl_Task_Params)
                  0000937a    00000016     TskMotor.obj (.text:_Z31ti_sysbios_knl_Task_Params_initP26ti_sysbios_knl_Task_Params)
                  00009390    00000016     TskTop.obj (.text:_Z31ti_sysbios_knl_Task_Params_initP26ti_sysbios_knl_Task_Params)
                  000093a6    00000016     TskIr.obj (.text:_Z32ti_sysbios_hal_Timer_Params_initP27ti_sysbios_hal_Timer_Params)
                  000093bc    00000016     DbgUart.obj (.text:_Z36ti_sysbios_knl_Semaphore_Params_initP31ti_sysbios_knl_Semaphore_Params)
                  000093d2    00000016     Imu.obj (.text:_Z36ti_sysbios_knl_Semaphore_Params_initP31ti_sysbios_knl_Semaphore_Params)
                  000093e8    00000016     TskIr.obj (.text:_Z36ti_sysbios_knl_Semaphore_Params_initP31ti_sysbios_knl_Semaphore_Params)
                  000093fe    00000016     WheelEnc.obj (.text:_Z36ti_sysbios_knl_Semaphore_Params_initP31ti_sysbios_knl_Semaphore_Params)
                  00009414    00000016     Kalman1Var.obj (.text:_ZN10Kalman1VarD0Ev)
                  0000942a    00000016     empty_pem4f.oem4f (.text:ti_sysbios_BIOS_exitFunc__I)
                  00009440    00000014     driverlib.lib : uart.obj (.text:UARTEnable)
                  00009454    00000014     rtsv7M4_T_le_v4SPD16_eabi.lib : _lock.obj (.text)
                  00009468    00000014                                   : strcpy.obj (.text)
                  0000947c    00000014                                   : strlen.obj (.text)
                  00009490    00000014     empty_pem4f.oem4f (.text:ti_sysbios_family_arm_m3_Hwi_Object__get__S)
                  000094a4    00000004     --HOLE-- [fill = 0]
                  000094a8    00000014     sysbios.aem4f : BIOS.obj (.text:ti_sysbios_family_arm_m3_Hwi_switchFromBootStack__E)
                  000094bc    00000014     empty_pem4f.oem4f (.text:ti_sysbios_heaps_HeapMem_Object__get__S)
                  000094d0    00000014     empty_pem4f.oem4f (.text:ti_sysbios_knl_Swi_Object__get__S)
                  000094e4    00000012     driverlib.lib : gpio.obj (.text:GPIOPinTypeGPIOInput)
                  000094f6    00000012                   : gpio.obj (.text:GPIOPinTypeI2C)
                  00009508    00000012                   : gpio.obj (.text:GPIOPinTypeI2CSCL)
                  0000951a    00000012                   : gpio.obj (.text:GPIOPinTypeUART)
                  0000952c    00000012     drivers_tivaware.aem4f : RingBuf.oem4f (.text:RingBuf_construct)
                  0000953e    00000002     --HOLE-- [fill = 0]
                  00009540    00000012     sysbios.aem4f : BIOS.obj (.text:ti_sysbios_hal_Hwi_Module_startup__E)
                  00009552    00000006     driverlib.lib : gpio.obj (.text:GPIOPinWrite)
                  00009558    00000012     sysbios.aem4f : BIOS.obj (.text:ti_sysbios_hal_Timer_Module_startup__E)
                  0000956a    00000012     empty_pem4f.oem4f (.text:xdc_runtime_Startup_exec__I)
                  0000957c    00000010     drivers_tivaware.aem4f : I2C.oem4f (.text:I2C_Params_init)
                  0000958c    00000010                            : UARTTiva.oem4f (.text:readBlockingTimeout)
                  0000959c    00000004     --HOLE-- [fill = 0]
                  000095a0    00000010     sysbios.aem4f : BIOS.obj (.text:ti_sysbios_BIOS_getCpuFreq__E)
                  000095b0    00000010                   : BIOS.obj (.text:ti_sysbios_BIOS_setThreadType__E)
                  000095c0    00000010                   : BIOS.obj (.text:ti_sysbios_BIOS_start__E)
                  000095d0    00000010                   : BIOS.obj (.text:ti_sysbios_family_arm_lm4_TimestampProvider_rolloverFunc__E)
                  000095e0    00000010                   : m3_TaskSupport_asm.obj (.text:ti_sysbios_family_arm_m3_TaskSupport_glue)
                  000095f0    00000010                   : BIOS.obj (.text:ti_sysbios_gates_GateMutex_Instance_finalize__E)
                  00009600    00000010     empty_pem4f.oem4f (.text:ti_sysbios_hal_Hwi_HwiProxy_Object__create__S)
                  00009610    00000010     empty_pem4f.oem4f (.text:ti_sysbios_hal_Timer_TimerProxy_Object__create__S)
                  00009620    00000010     empty_pem4f.oem4f (.text:ti_sysbios_knl_Mailbox_Object__get__S)
                  00009630    00000010     sysbios.aem4f : BIOS.obj (.text:ti_sysbios_knl_Semaphore_Instance_finalize__E)
                  00009640    00000010                   : BIOS.obj (.text:ti_sysbios_knl_Swi_disable__E)
                  00009650    00000010     empty_pem4f.oem4f (.text:ti_sysbios_knl_Task_Object__get__S)
                  00009660    00000010     sysbios.aem4f : BIOS.obj (.text:ti_sysbios_knl_Task_disable__E)
                  00009670    00000010     ti.targets.arm.rtsarm.aem4f : Gate.oem4f (.text:xdc_runtime_Gate_leaveSystem__E)
                  00009680    00000010                                 : Memory.oem4f (.text:xdc_runtime_Memory_free__E)
                  00009690    00000010                                 : SysMin.oem4f (.text:xdc_runtime_SysMin_ready__E)
                  000096a0    00000010                                 : System.oem4f (.text:xdc_runtime_System_vsnprintf__E)
                  000096b0    00000010     empty_pem4f.oem4f (.text:xdc_runtime_Text_visitRope__I)
                  000096c0    0000000e     driverlib.lib : gpio.obj (.text:GPIOIntStatus)
                  000096ce    0000000e                   : uart.obj (.text:UARTCharGetNonBlocking)
                  000096dc    0000000e                   : uart.obj (.text:UARTCharPutNonBlocking)
                  000096ea    0000000e     rtsv7M4_T_le_v4SPD16_eabi.lib : copy_decompress_none.obj (.text:decompress:none)
                  000096f8    0000000e     sysbios.aem4f : BIOS.obj (.text:ti_sysbios_knl_Idle_loop__E)
                  00009706    00000002     --HOLE-- [fill = 0]
                  00009708    0000000e                   : BIOS.obj (.text:ti_sysbios_knl_Queue_empty__E)
                  00009716    00000002     --HOLE-- [fill = 0]
                  00009718    0000000c     empty_pem4f.oem4f (.text:.bootCodeSection:ti_catalog_arm_cortexm4_tiva_ce_Boot_init__I)
                  00009724    0000000c     drivers_tivaware.aem4f : RingBuf.oem4f (.text:RingBuf_peek)
                  00009730    0000000c     driverlib.lib : uart.obj (.text:UARTFlowControlSet)
                  0000973c    0000000c     drivers_tivaware.aem4f : UARTTiva.oem4f (.text:UARTTiva_init)
                  00009748    0000000c     Kalman1Var.obj (.text:_ZN10Kalman1VarD1Ev)
                  00009754    0000000c     TskIr.obj (.text:_ZN5TskIr11adcReadCodeEv)
                  00009760    0000000c     sysbios.aem4f : BIOS.obj (.text:ti_sysbios_family_arm_lm4_Timer_getMaxTicks__E)
                  0000976c    00000004     --HOLE-- [fill = 0]
                  00009770    0000000c                   : BIOS.obj (.text:ti_sysbios_family_arm_lm4_TimestampProvider_startTimer__E)
                  0000977c    0000000c     empty_pem4f.oem4f (.text:ti_sysbios_family_arm_m3_Hwi_Params__init__S)
                  00009788    0000000c     sysbios.aem4f : BIOS.obj (.text:ti_sysbios_family_arm_m3_Hwi_disableFxn__E)
                  00009794    00000004     --HOLE-- [fill = 0]
                  00009798    0000000c                   : BIOS.obj (.text:ti_sysbios_family_arm_m3_TaskSupport_checkStack__E)
                  000097a4    00000004     --HOLE-- [fill = 0]
                  000097a8    0000000c                   : BIOS.obj (.text:ti_sysbios_family_arm_m3_TaskSupport_getStackAlignment__E)
                  000097b4    00000004     --HOLE-- [fill = 0]
                  000097b8    0000000c                   : BIOS.obj (.text:ti_sysbios_gates_GateHwi_enter__E)
                  000097c4    0000000c     empty_pem4f.oem4f (.text:ti_sysbios_hal_Hwi_Params__init__S)
                  000097d0    0000000c     empty_pem4f.oem4f (.text:ti_sysbios_hal_Timer_Params__init__S)
                  000097dc    0000000c     empty_pem4f.oem4f (.text:ti_sysbios_knl_Clock_Params__init__S)
                  000097e8    0000000c     empty_pem4f.oem4f (.text:ti_sysbios_knl_Queue_Object__get__S)
                  000097f4    0000000c     empty_pem4f.oem4f (.text:ti_sysbios_knl_Semaphore_Params__init__S)
                  00009800    0000000c     empty_pem4f.oem4f (.text:ti_sysbios_knl_Task_Params__init__S)
                  0000980c    00000004     --HOLE-- [fill = 0]
                  00009810    0000000c     sysbios.aem4f : BIOS.obj (.text:ti_sysbios_utils_Load_taskRegHook__E)
                  0000981c    0000000c     ti.targets.arm.rtsarm.aem4f : Error.oem4f (.text:xdc_runtime_Error_init__E)
                  00009828    0000000c                                 : Gate.oem4f (.text:xdc_runtime_Gate_enterSystem__E)
                  00009834    0000000c                                 : Memory.oem4f (.text:xdc_runtime_Memory_calloc__E)
                  00009840    0000000c                                 : Memory.oem4f (.text:xdc_runtime_Memory_getMaxDefaultTypeAlign__E)
                  0000984c    0000000a     driverlib.lib : i2c.obj (.text:I2CMasterDisable)
                  00009856    0000000a                   : i2c.obj (.text:I2CMasterEnable)
                  00009860    0000000a     drivers_tivaware.aem4f : I2CTiva.oem4f (.text:I2CTiva_init)
                  0000986a    0000000a                            : I2C.oem4f (.text:I2C_transfer)
                  00009874    0000000a     driverlib.lib : uart.obj (.text:UARTCharGet)
                  0000987e    0000000a                   : uart.obj (.text:UARTCharPut)
                  00009888    0000000a                   : uart.obj (.text:UARTIntDisable)
                  00009892    0000000a                   : uart.obj (.text:UARTIntStatus)
                  0000989c    0000000a     drivers_tivaware.aem4f : UART.oem4f (.text:UART_write)
                  000098a6    00000002     --HOLE-- [fill = 0]
                  000098a8    0000000a     sysbios.aem4f : BIOS.obj (.text:ti_sysbios_hal_Hwi_Instance_finalize__E)
                  000098b2    00000006     driverlib.lib : i2c.obj (.text:I2CMasterIntDisable)
                  000098b8    0000000a     sysbios.aem4f : BIOS.obj (.text:ti_sysbios_hal_Timer_Instance_finalize__E)
                  000098c2    0000000a     empty_pem4f.oem4f (.text:xdc_runtime_IHeap_alloc)
                  000098cc    0000000a     empty_pem4f.oem4f (.text:xdc_runtime_IHeap_free)
                  000098d6    00000008     driverlib.lib : i2c.obj (.text:I2CMasterIntClear)
                  000098de    00000008                   : i2c.obj (.text:I2CMasterSlaveAddrSet)
                  000098e6    00000008     drivers_tivaware.aem4f : I2CTiva.oem4f (.text:I2CTiva_blockingCallback)
                  000098ee    00000008     driverlib.lib : uart.obj (.text:UARTIntEnable)
                  000098f6    00000008                   : uart.obj (.text:UARTRxErrorGet)
                  000098fe    00000008     drivers_tivaware.aem4f : UARTTiva.oem4f (.text:readSemCallback)
                  00009906    00000008     rtsv7M4_T_le_v4SPD16_eabi.lib : delete.obj (.text)
                  0000990e    00000008     sysbios.aem4f : BIOS.obj (.text:ti_sysbios_family_arm_lm4_Timer_masterDisable__I)
                  00009916    00000002     --HOLE-- [fill = 0]
                  00009918    00000008                   : BIOS.obj (.text:ti_sysbios_family_arm_m3_Hwi_doSwiRestore__I)
                  00009920    00000008                   : BIOS.obj (.text:ti_sysbios_family_arm_m3_Hwi_startup__E)
                  00009928    00000008     drivers_tivaware.aem4f : UARTTiva.oem4f (.text:writeSemCallback)
                  00009930    00000006     driverlib.lib : i2c.obj (.text:I2CMasterIntEnable)
                  00009936    00000006     drivers_tivaware.aem4f : I2CTiva.oem4f (.text:I2CTiva_control)
                  0000993c    00000006     driverlib.lib : uart.obj (.text:UARTFIFOLevelSet)
                  00009942    00000006                   : uart.obj (.text:UARTRxErrorClear)
                  00009948    00000006     rtsv7M4_T_le_v4SPD16_eabi.lib : copy_decompress_rle.obj (.text:decompress:rle24)
                  0000994e    00000006     Boot.aem4f : Boot_sysctl.oem4f (.text:ti_catalog_arm_cortexm4_tiva_ce_Boot_sysCtlDelayI__I)
                  00009954    00000004     --HOLE-- [fill = 0]
                  00009958    00000006     sysbios.aem4f : BIOS.obj (.text:ti_sysbios_family_arm_lm4_TimestampProvider_Module_startup__E)
                  0000995e    00000002     --HOLE-- [fill = 0]
                  00009960    00000006                   : BIOS.obj (.text:ti_sysbios_family_arm_m3_Hwi_doTaskRestore__I)
                  00009966    00000002     --HOLE-- [fill = 0]
                  00009968    00000006                   : BIOS.obj (.text:ti_sysbios_family_arm_m3_Hwi_restoreFxn__E)
                  0000996e    00000002     --HOLE-- [fill = 0]
                  00009970    00000006                   : BIOS.obj (.text:ti_sysbios_gates_GateHwi_leave__E)
                  00009976    00000002     --HOLE-- [fill = 0]
                  00009978    00000006                   : BIOS.obj (.text:ti_sysbios_hal_Timer_start__E)
                  0000997e    00000002     --HOLE-- [fill = 0]
                  00009980    00000006                   : BIOS.obj (.text:ti_sysbios_heaps_HeapMem_isBlocking__E)
                  00009986    00000002     --HOLE-- [fill = 0]
                  00009988    00000006                   : BIOS.obj (.text:ti_sysbios_knl_Clock_stop__E)
                  0000998e    00000002     --HOLE-- [fill = 0]
                  00009990    00000006                   : BIOS.obj (.text:ti_sysbios_knl_Queue_Instance_init__E)
                  00009996    00000002     --HOLE-- [fill = 0]
                  00009998    00000006                   : BIOS.obj (.text:ti_sysbios_knl_Swi_startup__E)
                  0000999e    00000006     ti.targets.arm.rtsarm.aem4f : System.oem4f (.text:xdc_runtime_System_Module_startup__E)
                  000099a4    00000004     --HOLE-- [fill = 0]
                  000099a8    00000004     sysbios.aem4f : BIOS.obj (.text:ti_sysbios_family_arm_lm4_Timer_getPeriod__E)
                  000099ac    00000004     --HOLE-- [fill = 0]
                  000099b0    00000004                   : BIOS.obj (.text:ti_sysbios_gates_GateHwi_query__E)
                  000099b4    00000004     --HOLE-- [fill = 0]
                  000099b8    00000004                   : BIOS.obj (.text:ti_sysbios_gates_GateMutex_query__E)
                  000099bc    00000004     --HOLE-- [fill = 0]
                  000099c0    00000004                   : BIOS.obj (.text:ti_sysbios_knl_Task_startup__E)
                  000099c4    00000004     --HOLE-- [fill = 0]
                  000099c8    00000002                   : BIOS.obj (.text:ti_sysbios_gates_GateHwi_Instance_init__E)
                  000099ca    00000006     --HOLE-- [fill = 0]
                  000099d0    00000002                   : BIOS.obj (.text:ti_sysbios_knl_Clock_logTick__E)

.const     0    000099d4    00002544     
                  000099d4    00001970     empty_pem4f.oem4f (.const:xdc_runtime_Text_charTab__A)
                  0000b344    000000d8     empty_pem4f.oem4f (.const:xdc_runtime_Text_nodeTab__A)
                  0000b41c    00000090     driverlib.lib : gpio.obj (.const:g_pui32GPIOBaseAddrs)
                  0000b4ac    00000054     drivers_tivaware.aem4f : GPIOTiva.oem4f (.const:.string)
                  0000b500    0000004c                            : UARTTiva.oem4f (.const)
                  0000b54c    00000048     empty_pem4f.oem4f (.const:.string)
                  0000b594    00000048     drivers_tivaware.aem4f : GPIOTiva.oem4f (.const:gpioBaseAddresses)
                  0000b5dc    0000003c     empty_pem4f.oem4f (.const:ti_sysbios_family_arm_lm4_Timer_Object__PARAMS__C)
                  0000b618    0000003c     empty_pem4f.oem4f (.const:ti_sysbios_knl_Task_Object__PARAMS__C)
                  0000b654    00000034     empty_pem4f.oem4f (.const:ti_sysbios_knl_Mailbox_Object__PARAMS__C)
                  0000b688    00000030     empty_pem4f.oem4f (.const:ti_sysbios_family_arm_m3_Hwi_Object__PARAMS__C)
                  0000b6b8    00000030     empty_pem4f.oem4f (.const:ti_sysbios_hal_Timer_Object__PARAMS__C)
                  0000b6e8    0000002c     empty_pem4f.oem4f (.const:ti_sysbios_hal_Hwi_Object__PARAMS__C)
                  0000b714    0000002c     empty_pem4f.oem4f (.const:xdc_runtime_Startup_sfxnTab__A)
                  0000b740    00000028     rtsv7M4_T_le_v4SPD16_eabi.lib : typeinfo_.obj (.const:.typeinfo:_ZTSN10__cxxabiv123__fundamental_type_infoE)
                  0000b768    00000028     drivers_tivaware.aem4f : UARTTiva.oem4f (.const:UARTTiva_fxnTable)
                  0000b790    00000028     empty_pem4f.oem4f (.const:ti_sysbios_heaps_HeapMem_Module__FXNS__C)
                  0000b7b8    00000025     rtsv7M4_T_le_v4SPD16_eabi.lib : typeinfo_.obj (.const:.typeinfo:_ZTSN10__cxxabiv120__si_class_type_infoE)
                  0000b7dd    00000024                                   : typeinfo_.obj (.const:.typeinfo:_ZTSN10__cxxabiv119__pointer_type_infoE)
                  0000b801    00000002                                   : typeinfo_.obj (.const:.typeinfo:_ZTSe)
                  0000b803    00000001     empty_pem4f.oem4f (.const:xdc_runtime_Error_policy__C)
                  0000b804    00000024     drivers_tivaware.aem4f : UART.oem4f (.const:UART_defaultParams)
                  0000b828    00000024     empty_pem4f.oem4f (.const:ti_sysbios_gates_GateHwi_Module__FXNS__C)
                  0000b84c    00000024     empty_pem4f.oem4f (.const:ti_sysbios_gates_GateMutex_Module__FXNS__C)
                  0000b870    00000024     empty_pem4f.oem4f (.const:ti_sysbios_heaps_HeapMem_Object__PARAMS__C)
                  0000b894    00000024     empty_pem4f.oem4f (.const:ti_sysbios_knl_Clock_Object__PARAMS__C)
                  0000b8b8    00000024     empty_pem4f.oem4f (.const:ti_sysbios_knl_Semaphore_Object__PARAMS__C)
                  0000b8dc    00000022     rtsv7M4_T_le_v4SPD16_eabi.lib : typeinfo_.obj (.const:.typeinfo:_ZTSN10__cxxabiv117__class_type_infoE)
                  0000b8fe    00000022                                   : typeinfo_.obj (.const:.typeinfo:_ZTSN10__cxxabiv117__pbase_type_infoE)
                  0000b920    00000020     empty_pem4f.oem4f (.const:ti_sysbios_family_arm_lm4_Timer_Object__DESC__C)
                  0000b940    00000020     empty_pem4f.oem4f (.const:ti_sysbios_family_arm_m3_Hwi_Object__DESC__C)
                  0000b960    00000020     empty_pem4f.oem4f (.const:ti_sysbios_gates_GateHwi_Object__DESC__C)
                  0000b980    00000020     empty_pem4f.oem4f (.const:ti_sysbios_gates_GateMutex_Object__DESC__C)
                  0000b9a0    00000020     empty_pem4f.oem4f (.const:ti_sysbios_hal_Hwi_Object__DESC__C)
                  0000b9c0    00000020     empty_pem4f.oem4f (.const:ti_sysbios_hal_Timer_Object__DESC__C)
                  0000b9e0    00000020     empty_pem4f.oem4f (.const:ti_sysbios_heaps_HeapMem_Object__DESC__C)
                  0000ba00    00000020     empty_pem4f.oem4f (.const:ti_sysbios_knl_Clock_Object__DESC__C)
                  0000ba20    00000020     empty_pem4f.oem4f (.const:ti_sysbios_knl_Mailbox_Object__DESC__C)
                  0000ba40    00000020     empty_pem4f.oem4f (.const:ti_sysbios_knl_Queue_Object__DESC__C)
                  0000ba60    00000020     empty_pem4f.oem4f (.const:ti_sysbios_knl_Semaphore_Object__DESC__C)
                  0000ba80    00000020     empty_pem4f.oem4f (.const:ti_sysbios_knl_Task_Object__DESC__C)
                  0000baa0    0000001c     drivers_tivaware.aem4f : I2CTiva.oem4f (.const)
                  0000babc    00000018     linemouse_chassis.obj (.const:I2C_config)
                  0000bad4    00000018     linemouse_chassis.obj (.const:UART_config)
                  0000baec    00000018     TskIr.obj (.const:_ZN5TskIr5adcChE)
                  0000bb04    00000018     empty_pem4f.oem4f (.const:ti_sysbios_gates_GateHwi_Object__PARAMS__C)
                  0000bb1c    00000018     empty_pem4f.oem4f (.const:ti_sysbios_gates_GateMutex_Object__PARAMS__C)
                  0000bb34    00000018     empty_pem4f.oem4f (.const:ti_sysbios_knl_Queue_Object__PARAMS__C)
                  0000bb4c    00000018     empty_pem4f.oem4f (.const:ti_sysbios_knl_Task_hooks__A)
                  0000bb64    00000018     linemouse_chassis.obj (.const:uartTivaHWAttrs)
                  0000bb7c    00000016     empty_pem4f.oem4f (.const:xdc_runtime_Startup_sfxnRts__A)
                  0000bb92    00000002     empty_pem4f.oem4f (.const:ti_catalog_arm_cortexm4_tiva_ce_Boot_Module__id__C)
                  0000bb94    00000014     linemouse_chassis.obj (.const:GPIOTiva_config)
                  0000bba8    00000014     empty_pem4f.oem4f (.const:xdc_runtime_Startup_firstFxns__A)
                  0000bbbc    00000010     rtsv7M4_T_le_v4SPD16_eabi.lib : typeinfo_.obj (.const:.typeinfo:_ZTIPKe)
                  0000bbcc    00000010     Kalman1Var.obj (.const:_ZTV10Kalman1Var)
                  0000bbdc    00000010     rtsv7M4_T_le_v4SPD16_eabi.lib : typeinfo_.obj (.const:_ZTVN10__cxxabiv117__class_type_infoE)
                  0000bbec    00000010                                   : typeinfo_.obj (.const:_ZTVN10__cxxabiv119__pointer_type_infoE)
                  0000bbfc    00000010                                   : typeinfo_.obj (.const:_ZTVN10__cxxabiv120__si_class_type_infoE)
                  0000bc0c    00000010                                   : typeinfo_.obj (.const:_ZTVN10__cxxabiv123__fundamental_type_infoE)
                  0000bc1c    00000010     drivers_tivaware.aem4f : I2C.oem4f (.const)
                  0000bc2c    0000000d     Kalman1Var.obj (.const:.typeinfo:_ZTS10Kalman1Var)
                  0000bc39    0000000d     rtsv7M4_T_le_v4SPD16_eabi.lib : typeinfo_.obj (.const:.typeinfo:_ZTSSt9type_info)
                  0000bc46    00000002     empty_pem4f.oem4f (.const:ti_sysbios_family_arm_lm4_Timer_Module__id__C)
                  0000bc48    0000000c     rtsv7M4_T_le_v4SPD16_eabi.lib : typeinfo_.obj (.const:.typeinfo:_ZTIN10__cxxabiv117__class_type_infoE)
                  0000bc54    0000000c                                   : typeinfo_.obj (.const:.typeinfo:_ZTIN10__cxxabiv117__pbase_type_infoE)
                  0000bc60    0000000c                                   : typeinfo_.obj (.const:.typeinfo:_ZTIN10__cxxabiv119__pointer_type_infoE)
                  0000bc6c    0000000c                                   : typeinfo_.obj (.const:.typeinfo:_ZTIN10__cxxabiv120__si_class_type_infoE)
                  0000bc78    0000000c                                   : typeinfo_.obj (.const:.typeinfo:_ZTIN10__cxxabiv123__fundamental_type_infoE)
                  0000bc84    0000000c     linemouse_chassis.obj (.const:i2cTivaHWAttrs)
                  0000bc90    00000008     Kalman1Var.obj (.const:.typeinfo:_ZTI10Kalman1Var)
                  0000bc98    00000008     rtsv7M4_T_le_v4SPD16_eabi.lib : typeinfo_.obj (.const:.typeinfo:_ZTISt9type_info)
                  0000bca0    00000008                                   : typeinfo_.obj (.const:.typeinfo:_ZTIe)
                  0000bca8    00000008     empty_pem4f.oem4f (.const:ti_sysbios_family_arm_m3_Hwi_excHookFuncs__A)
                  0000bcb0    00000008     empty_pem4f.oem4f (.const:ti_sysbios_knl_Idle_funcList__A)
                  0000bcb8    00000008     empty_pem4f.oem4f (.const:ti_sysbios_knl_Idle_funcList__C)
                  0000bcc0    00000008     empty_pem4f.oem4f (.const:ti_sysbios_knl_Task_hooks__C)
                  0000bcc8    00000008     empty_pem4f.oem4f (.const:xdc_runtime_Startup_firstFxns__C)
                  0000bcd0    00000008     empty_pem4f.oem4f (.const:xdc_runtime_Startup_lastFxns__C)
                  0000bcd8    00000004     rtsv7M4_T_le_v4SPD16_eabi.lib : typeinfo_.obj (.const:.typeinfo:_ZTSPKe)
                  0000bcdc    00000004     empty_pem4f.oem4f (.const:ti_catalog_arm_cortexm4_tiva_ce_Boot_A_mustUseEnhancedClockMode__C)
                  0000bce0    00000004     empty_pem4f.oem4f (.const:ti_catalog_arm_cortexm4_tiva_ce_Boot_Module__diagsEnabled__C)
                  0000bce4    00000004     empty_pem4f.oem4f (.const:ti_catalog_arm_cortexm4_tiva_ce_Boot_Module__diagsIncluded__C)
                  0000bce8    00000004     empty_pem4f.oem4f (.const:ti_catalog_arm_cortexm4_tiva_ce_Boot_Module__diagsMask__C)
                  0000bcec    00000004     empty_pem4f.oem4f (.const:ti_sysbios_family_arm_lm4_Timer_E_cannotSupport__C)
                  0000bcf0    00000004     empty_pem4f.oem4f (.const:ti_sysbios_family_arm_lm4_Timer_E_invalidTimer__C)
                  0000bcf4    00000004     empty_pem4f.oem4f (.const:ti_sysbios_family_arm_lm4_Timer_E_noaltclk__C)
                  0000bcf8    00000004     empty_pem4f.oem4f (.const:ti_sysbios_family_arm_lm4_Timer_E_notAvailable__C)
                  0000bcfc    00000004     empty_pem4f.oem4f (.const:ti_sysbios_family_arm_lm4_Timer_anyMask__C)
                  0000bd00    00000004     empty_pem4f.oem4f (.const:ti_sysbios_family_arm_lm4_Timer_disableFunc__C)
                  0000bd04    00000004     empty_pem4f.oem4f (.const:ti_sysbios_family_arm_lm4_Timer_enableFunc__C)
                  0000bd08    00000004     empty_pem4f.oem4f (.const:ti_sysbios_family_arm_lm4_Timer_numTimerDevices__C)
                  0000bd0c    00000004     empty_pem4f.oem4f (.const:ti_sysbios_family_arm_lm4_Timer_startupNeeded__C)
                  0000bd10    00000004     empty_pem4f.oem4f (.const:ti_sysbios_family_arm_m3_Hwi_E_NMI__C)
                  0000bd14    00000004     empty_pem4f.oem4f (.const:ti_sysbios_family_arm_m3_Hwi_E_alreadyDefined__C)
                  0000bd18    00000004     empty_pem4f.oem4f (.const:ti_sysbios_family_arm_m3_Hwi_E_busFault__C)
                  0000bd1c    00000004     empty_pem4f.oem4f (.const:ti_sysbios_family_arm_m3_Hwi_E_debugMon__C)
                  0000bd20    00000004     empty_pem4f.oem4f (.const:ti_sysbios_family_arm_m3_Hwi_E_hardFault__C)
                  0000bd24    00000004     empty_pem4f.oem4f (.const:ti_sysbios_family_arm_m3_Hwi_E_memFault__C)
                  0000bd28    00000004     empty_pem4f.oem4f (.const:ti_sysbios_family_arm_m3_Hwi_E_noIsr__C)
                  0000bd2c    00000004     empty_pem4f.oem4f (.const:ti_sysbios_family_arm_m3_Hwi_E_reserved__C)
                  0000bd30    00000004     empty_pem4f.oem4f (.const:ti_sysbios_family_arm_m3_Hwi_E_svCall__C)
                  0000bd34    00000004     empty_pem4f.oem4f (.const:ti_sysbios_family_arm_m3_Hwi_E_usageFault__C)
                  0000bd38    00000004     empty_pem4f.oem4f (.const:ti_sysbios_family_arm_m3_Hwi_NUM_INTERRUPTS__C)
                  0000bd3c    00000004     empty_pem4f.oem4f (.const:ti_sysbios_family_arm_m3_Hwi_Object__count__C)
                  0000bd40    00000004     empty_pem4f.oem4f (.const:ti_sysbios_family_arm_m3_Hwi_ccr__C)
                  0000bd44    00000004     empty_pem4f.oem4f (.const:ti_sysbios_family_arm_m3_Hwi_excHandlerFunc__C)
                  0000bd48    00000004     empty_pem4f.oem4f (.const:ti_sysbios_family_arm_m3_Hwi_excHookFuncs__C)
                  0000bd4c    00000004     empty_pem4f.oem4f (.const:ti_sysbios_family_arm_m3_Hwi_nullIsrFunc__C)
                  0000bd50    00000004     empty_pem4f.oem4f (.const:ti_sysbios_family_arm_m3_Hwi_priGroup__C)
                  0000bd54    00000004     empty_pem4f.oem4f (.const:ti_sysbios_family_arm_m3_TaskSupport_stackAlignment__C)
                  0000bd58    00000004     empty_pem4f.oem4f (.const:ti_sysbios_gates_GateMutex_A_badContext__C)
                  0000bd5c    00000004     empty_pem4f.oem4f (.const:ti_sysbios_gates_GateMutex_Instance_State_sem__O)
                  0000bd60    00000004     empty_pem4f.oem4f (.const:ti_sysbios_gates_GateMutex_Module__diagsEnabled__C)
                  0000bd64    00000004     empty_pem4f.oem4f (.const:ti_sysbios_gates_GateMutex_Module__diagsIncluded__C)
                  0000bd68    00000004     empty_pem4f.oem4f (.const:ti_sysbios_gates_GateMutex_Module__diagsMask__C)
                  0000bd6c    00000004     empty_pem4f.oem4f (.const:ti_sysbios_hal_Hwi_E_stackOverflow__C)
                  0000bd70    00000004     empty_pem4f.oem4f (.const:ti_sysbios_heaps_HeapMem_A_align__C)
                  0000bd74    00000004     empty_pem4f.oem4f (.const:ti_sysbios_heaps_HeapMem_A_heapSize__C)
                  0000bd78    00000004     empty_pem4f.oem4f (.const:ti_sysbios_heaps_HeapMem_A_invalidFree__C)
                  0000bd7c    00000004     empty_pem4f.oem4f (.const:ti_sysbios_heaps_HeapMem_A_zeroBlock__C)
                  0000bd80    00000004     empty_pem4f.oem4f (.const:ti_sysbios_heaps_HeapMem_E_memory__C)
                  0000bd84    00000004     empty_pem4f.oem4f (.const:ti_sysbios_heaps_HeapMem_Module__diagsEnabled__C)
                  0000bd88    00000004     empty_pem4f.oem4f (.const:ti_sysbios_heaps_HeapMem_Module__diagsIncluded__C)
                  0000bd8c    00000004     empty_pem4f.oem4f (.const:ti_sysbios_heaps_HeapMem_Module__diagsMask__C)
                  0000bd90    00000004     empty_pem4f.oem4f (.const:ti_sysbios_heaps_HeapMem_Module__gateObj__C)
                  0000bd94    00000004     empty_pem4f.oem4f (.const:ti_sysbios_heaps_HeapMem_Object__count__C)
                  0000bd98    00000004     empty_pem4f.oem4f (.const:ti_sysbios_heaps_HeapMem_reqAlign__C)
                  0000bd9c    00000004     empty_pem4f.oem4f (.const:ti_sysbios_knl_Clock_A_badThreadType__C)
                  0000bda0    00000004     empty_pem4f.oem4f (.const:ti_sysbios_knl_Clock_Module_State_clockQ__O)
                  0000bda4    00000004     empty_pem4f.oem4f (.const:ti_sysbios_knl_Clock_Module__diagsEnabled__C)
                  0000bda8    00000004     empty_pem4f.oem4f (.const:ti_sysbios_knl_Clock_Module__diagsIncluded__C)
                  0000bdac    00000004     empty_pem4f.oem4f (.const:ti_sysbios_knl_Clock_Module__diagsMask__C)
                  0000bdb0    00000004     empty_pem4f.oem4f (.const:ti_sysbios_knl_Mailbox_A_invalidBufSize__C)
                  0000bdb4    00000004     empty_pem4f.oem4f (.const:ti_sysbios_knl_Mailbox_Instance_State_dataQue__O)
                  0000bdb8    00000004     empty_pem4f.oem4f (.const:ti_sysbios_knl_Mailbox_Instance_State_dataSem__O)
                  0000bdbc    00000004     empty_pem4f.oem4f (.const:ti_sysbios_knl_Mailbox_Instance_State_freeQue__O)
                  0000bdc0    00000004     empty_pem4f.oem4f (.const:ti_sysbios_knl_Mailbox_Instance_State_freeSem__O)
                  0000bdc4    00000004     empty_pem4f.oem4f (.const:ti_sysbios_knl_Mailbox_Module__diagsEnabled__C)
                  0000bdc8    00000004     empty_pem4f.oem4f (.const:ti_sysbios_knl_Mailbox_Module__diagsIncluded__C)
                  0000bdcc    00000004     empty_pem4f.oem4f (.const:ti_sysbios_knl_Mailbox_Module__diagsMask__C)
                  0000bdd0    00000004     empty_pem4f.oem4f (.const:ti_sysbios_knl_Mailbox_Object__count__C)
                  0000bdd4    00000004     empty_pem4f.oem4f (.const:ti_sysbios_knl_Mailbox_maxTypeAlign__C)
                  0000bdd8    00000004     empty_pem4f.oem4f (.const:ti_sysbios_knl_Semaphore_A_badContext__C)
                  0000bddc    00000004     empty_pem4f.oem4f (.const:ti_sysbios_knl_Semaphore_A_noEvents__C)
                  0000bde0    00000004     empty_pem4f.oem4f (.const:ti_sysbios_knl_Semaphore_A_overflow__C)
                  0000bde4    00000004     empty_pem4f.oem4f (.const:ti_sysbios_knl_Semaphore_A_pendTaskDisabled__C)
                  0000bde8    00000004     empty_pem4f.oem4f (.const:ti_sysbios_knl_Semaphore_Instance_State_pendQ__O)
                  0000bdec    00000004     empty_pem4f.oem4f (.const:ti_sysbios_knl_Semaphore_Module__diagsEnabled__C)
                  0000bdf0    00000004     empty_pem4f.oem4f (.const:ti_sysbios_knl_Semaphore_Module__diagsIncluded__C)
                  0000bdf4    00000004     empty_pem4f.oem4f (.const:ti_sysbios_knl_Semaphore_Module__diagsMask__C)
                  0000bdf8    00000004     empty_pem4f.oem4f (.const:ti_sysbios_knl_Swi_Object__count__C)
                  0000bdfc    00000004     empty_pem4f.oem4f (.const:ti_sysbios_knl_Task_A_badPriority__C)
                  0000be00    00000004     empty_pem4f.oem4f (.const:ti_sysbios_knl_Task_A_badTaskState__C)
                  0000be04    00000004     empty_pem4f.oem4f (.const:ti_sysbios_knl_Task_A_badThreadType__C)
                  0000be08    00000004     empty_pem4f.oem4f (.const:ti_sysbios_knl_Task_A_badTimeout__C)
                  0000be0c    00000004     empty_pem4f.oem4f (.const:ti_sysbios_knl_Task_A_noPendElem__C)
                  0000be10    00000004     empty_pem4f.oem4f (.const:ti_sysbios_knl_Task_A_sleepTaskDisabled__C)
                  0000be14    00000004     empty_pem4f.oem4f (.const:ti_sysbios_knl_Task_E_spOutOfBounds__C)
                  0000be18    00000004     empty_pem4f.oem4f (.const:ti_sysbios_knl_Task_E_stackOverflow__C)
                  0000be1c    00000004     empty_pem4f.oem4f (.const:ti_sysbios_knl_Task_Module_State_inactiveQ__O)
                  0000be20    00000004     empty_pem4f.oem4f (.const:ti_sysbios_knl_Task_Module__diagsEnabled__C)
                  0000be24    00000004     empty_pem4f.oem4f (.const:ti_sysbios_knl_Task_Module__diagsIncluded__C)
                  0000be28    00000004     empty_pem4f.oem4f (.const:ti_sysbios_knl_Task_Module__diagsMask__C)
                  0000be2c    00000004     empty_pem4f.oem4f (.const:ti_sysbios_knl_Task_Object__count__C)
                  0000be30    00000004     empty_pem4f.oem4f (.const:ti_sysbios_knl_Task_Object__heap__C)
                  0000be34    00000004     empty_pem4f.oem4f (.const:ti_sysbios_knl_Task_allBlockedFunc__C)
                  0000be38    00000004     empty_pem4f.oem4f (.const:ti_sysbios_knl_Task_defaultStackHeap__C)
                  0000be3c    00000004     empty_pem4f.oem4f (.const:ti_sysbios_knl_Task_defaultStackSize__C)
                  0000be40    00000004     empty_pem4f.oem4f (.const:ti_sysbios_knl_Task_numConstructedTasks__C)
                  0000be44    00000004     empty_pem4f.oem4f (.const:ti_sysbios_utils_Load_Module_State_taskList__O)
                  0000be48    00000004     empty_pem4f.oem4f (.const:ti_sysbios_utils_Load_Module__diagsEnabled__C)
                  0000be4c    00000004     empty_pem4f.oem4f (.const:ti_sysbios_utils_Load_Module__diagsIncluded__C)
                  0000be50    00000004     empty_pem4f.oem4f (.const:ti_sysbios_utils_Load_Module__diagsMask__C)
                  0000be54    00000004     empty_pem4f.oem4f (.const:ti_sysbios_utils_Load_postUpdate__C)
                  0000be58    00000004     empty_pem4f.oem4f (.const:ti_sysbios_utils_Load_windowInMs__C)
                  0000be5c    00000004     empty_pem4f.oem4f (.const:xdc_runtime_Assert_E_assertFailed__C)
                  0000be60    00000004     empty_pem4f.oem4f (.const:xdc_runtime_Core_A_initializedParams__C)
                  0000be64    00000004     empty_pem4f.oem4f (.const:xdc_runtime_Core_Module__diagsEnabled__C)
                  0000be68    00000004     empty_pem4f.oem4f (.const:xdc_runtime_Core_Module__diagsIncluded__C)
                  0000be6c    00000004     empty_pem4f.oem4f (.const:xdc_runtime_Core_Module__diagsMask__C)
                  0000be70    00000004     empty_pem4f.oem4f (.const:xdc_runtime_Error_E_memory__C)
                  0000be74    00000004     empty_pem4f.oem4f (.const:xdc_runtime_Error_Module__diagsEnabled__C)
                  0000be78    00000004     empty_pem4f.oem4f (.const:xdc_runtime_Error_Module__diagsIncluded__C)
                  0000be7c    00000004     empty_pem4f.oem4f (.const:xdc_runtime_Error_Module__diagsMask__C)
                  0000be80    00000004     empty_pem4f.oem4f (.const:xdc_runtime_Error_Module__loggerFxn8__C)
                  0000be84    00000004     empty_pem4f.oem4f (.const:xdc_runtime_Error_Module__loggerObj__C)
                  0000be88    00000004     empty_pem4f.oem4f (.const:xdc_runtime_Error_policyFxn__C)
                  0000be8c    00000004     empty_pem4f.oem4f (.const:xdc_runtime_Error_raiseHook__C)
                  0000be90    00000004     empty_pem4f.oem4f (.const:xdc_runtime_IGateProvider_Interface__BASE__C)
                  0000be94    00000004     empty_pem4f.oem4f (.const:xdc_runtime_IHeap_Interface__BASE__C)
                  0000be98    00000004     empty_pem4f.oem4f (.const:xdc_runtime_IModule_Interface__BASE__C)
                  0000be9c    00000004     empty_pem4f.oem4f (.const:xdc_runtime_Log_L_error__C)
                  0000bea0    00000004     empty_pem4f.oem4f (.const:xdc_runtime_Memory_defaultHeapInstance__C)
                  0000bea4    00000004     empty_pem4f.oem4f (.const:xdc_runtime_Startup_execImpl__C)
                  0000bea8    00000004     empty_pem4f.oem4f (.const:xdc_runtime_Startup_lastFxns__A)
                  0000beac    00000004     empty_pem4f.oem4f (.const:xdc_runtime_Startup_maxPasses__C)
                  0000beb0    00000004     empty_pem4f.oem4f (.const:xdc_runtime_Startup_sfxnRts__C)
                  0000beb4    00000004     empty_pem4f.oem4f (.const:xdc_runtime_Startup_sfxnTab__C)
                  0000beb8    00000004     empty_pem4f.oem4f (.const:xdc_runtime_SysMin_bufSize__C)
                  0000bebc    00000004     empty_pem4f.oem4f (.const:xdc_runtime_SysMin_outputFunc__C)
                  0000bec0    00000004     empty_pem4f.oem4f (.const:xdc_runtime_System_Module__gateObj__C)
                  0000bec4    00000004     empty_pem4f.oem4f (.const:xdc_runtime_System_abortFxn__C)
                  0000bec8    00000004     empty_pem4f.oem4f (.const:xdc_runtime_System_exitFxn__C)
                  0000becc    00000004     empty_pem4f.oem4f (.const:xdc_runtime_System_extendFxn__C)
                  0000bed0    00000004     empty_pem4f.oem4f (.const:xdc_runtime_System_maxAtexitHandlers__C)
                  0000bed4    00000004     empty_pem4f.oem4f (.const:xdc_runtime_Text_charTab__C)
                  0000bed8    00000004     empty_pem4f.oem4f (.const:xdc_runtime_Text_nameEmpty__C)
                  0000bedc    00000004     empty_pem4f.oem4f (.const:xdc_runtime_Text_nameStatic__C)
                  0000bee0    00000004     empty_pem4f.oem4f (.const:xdc_runtime_Text_nameUnknown__C)
                  0000bee4    00000004     empty_pem4f.oem4f (.const:xdc_runtime_Text_nodeTab__C)
                  0000bee8    00000004     empty_pem4f.oem4f (.const:xdc_runtime_Text_visitRopeFxn__C)
                  0000beec    00000002     empty_pem4f.oem4f (.const:ti_sysbios_family_arm_lm4_Timer_supportsAltclk__C)
                  0000beee    00000002     empty_pem4f.oem4f (.const:ti_sysbios_family_arm_lm4_TimestampProvider_useClockTimer__C)
                  0000bef0    00000002     empty_pem4f.oem4f (.const:ti_sysbios_family_arm_m3_Hwi_Module__id__C)
                  0000bef2    00000002     empty_pem4f.oem4f (.const:ti_sysbios_gates_GateMutex_Module__id__C)
                  0000bef4    00000002     empty_pem4f.oem4f (.const:ti_sysbios_hal_Hwi_Module__id__C)
                  0000bef6    00000002     empty_pem4f.oem4f (.const:ti_sysbios_heaps_HeapMem_Module__id__C)
[...]
0000bd48  ti_sysbios_family_arm_m3_Hwi_excHookFuncs__C                      
0000bd4c  ti_sysbios_family_arm_m3_Hwi_nullIsrFunc__C                       
0000bd50  ti_sysbios_family_arm_m3_Hwi_priGroup__C                          
0000bd54  ti_sysbios_family_arm_m3_TaskSupport_stackAlignment__C            
0000bd58  ti_sysbios_gates_GateMutex_A_badContext__C                        
0000bd5c  ti_sysbios_gates_GateMutex_Instance_State_sem__O                  
0000bd60  ti_sysbios_gates_GateMutex_Module__diagsEnabled__C                
0000bd64  ti_sysbios_gates_GateMutex_Module__diagsIncluded__C               
0000bd68  ti_sysbios_gates_GateMutex_Module__diagsMask__C                   
0000bd6c  ti_sysbios_hal_Hwi_E_stackOverflow__C                             
0000bd70  ti_sysbios_heaps_HeapMem_A_align__C                               
0000bd74  ti_sysbios_heaps_HeapMem_A_heapSize__C                            
0000bd78  ti_sysbios_heaps_HeapMem_A_invalidFree__C                         
0000bd7c  ti_sysbios_heaps_HeapMem_A_zeroBlock__C                           
0000bd80  ti_sysbios_heaps_HeapMem_E_memory__C                              
0000bd84  ti_sysbios_heaps_HeapMem_Module__diagsEnabled__C                  
0000bd88  ti_sysbios_heaps_HeapMem_Module__diagsIncluded__C                 
0000bd8c  ti_sysbios_heaps_HeapMem_Module__diagsMask__C                     
0000bd90  ti_sysbios_heaps_HeapMem_Module__gateObj__C                       
0000bd94  ti_sysbios_heaps_HeapMem_Object__count__C                         
0000bd98  ti_sysbios_heaps_HeapMem_reqAlign__C                              
0000bd9c  ti_sysbios_knl_Clock_A_badThreadType__C                           
0000bda0  ti_sysbios_knl_Clock_Module_State_clockQ__O                       
0000bda4  ti_sysbios_knl_Clock_Module__diagsEnabled__C                      
0000bda8  ti_sysbios_knl_Clock_Module__diagsIncluded__C                     
0000bdac  ti_sysbios_knl_Clock_Module__diagsMask__C                         
0000bdb0  ti_sysbios_knl_Mailbox_A_invalidBufSize__C                        
0000bdb4  ti_sysbios_knl_Mailbox_Instance_State_dataQue__O                  
0000bdb8  ti_sysbios_knl_Mailbox_Instance_State_dataSem__O                  
0000bdbc  ti_sysbios_knl_Mailbox_Instance_State_freeQue__O                  
0000bdc0  ti_sysbios_knl_Mailbox_Instance_State_freeSem__O                  
0000bdc4  ti_sysbios_knl_Mailbox_Module__diagsEnabled__C                    
0000bdc8  ti_sysbios_knl_Mailbox_Module__diagsIncluded__C                   
0000bdcc  ti_sysbios_knl_Mailbox_Module__diagsMask__C                       
0000bdd0  ti_sysbios_knl_Mailbox_Object__count__C                           
0000bdd4  ti_sysbios_knl_Mailbox_maxTypeAlign__C                            
0000bdd8  ti_sysbios_knl_Semaphore_A_badContext__C                          
0000bddc  ti_sysbios_knl_Semaphore_A_noEvents__C                            
0000bde0  ti_sysbios_knl_Semaphore_A_overflow__C                            
0000bde4  ti_sysbios_knl_Semaphore_A_pendTaskDisabled__C                    
0000bde8  ti_sysbios_knl_Semaphore_Instance_State_pendQ__O                  
0000bdec  ti_sysbios_knl_Semaphore_Module__diagsEnabled__C                  
0000bdf0  ti_sysbios_knl_Semaphore_Module__diagsIncluded__C                 
0000bdf4  ti_sysbios_knl_Semaphore_Module__diagsMask__C                     
0000bdf8  ti_sysbios_knl_Swi_Object__count__C                               
0000bdfc  ti_sysbios_knl_Task_A_badPriority__C                              
0000be00  ti_sysbios_knl_Task_A_badTaskState__C                             
0000be04  ti_sysbios_knl_Task_A_badThreadType__C                            
0000be08  ti_sysbios_knl_Task_A_badTimeout__C                               
0000be0c  ti_sysbios_knl_Task_A_noPendElem__C                               
0000be10  ti_sysbios_knl_Task_A_sleepTaskDisabled__C                        
0000be14  ti_sysbios_knl_Task_E_spOutOfBounds__C                            
0000be18  ti_sysbios_knl_Task_E_stackOverflow__C                            
0000be1c  ti_sysbios_knl_Task_Module_State_inactiveQ__O                     
0000be20  ti_sysbios_knl_Task_Module__diagsEnabled__C                       
0000be24  ti_sysbios_knl_Task_Module__diagsIncluded__C                      
0000be28  ti_sysbios_knl_Task_Module__diagsMask__C                          
0000be2c  ti_sysbios_knl_Task_Object__count__C                              
0000be30  ti_sysbios_knl_Task_Object__heap__C                               
0000be34  ti_sysbios_knl_Task_allBlockedFunc__C                             
0000be38  ti_sysbios_knl_Task_defaultStackHeap__C                           
0000be3c  ti_sysbios_knl_Task_defaultStackSize__C                           
0000be40  ti_sysbios_knl_Task_numConstructedTasks__C                        
0000be44  ti_sysbios_utils_Load_Module_State_taskList__O                    
0000be48  ti_sysbios_utils_Load_Module__diagsEnabled__C                     
0000be4c  ti_sysbios_utils_Load_Module__diagsIncluded__C                    
0000be50  ti_sysbios_utils_Load_Module__diagsMask__C                        
0000be54  ti_sysbios_utils_Load_postUpdate__C                               
0000be58  ti_sysbios_utils_Load_windowInMs__C                               
0000be5c  xdc_runtime_Assert_E_assertFailed__C                              
0000be60  xdc_runtime_Core_A_initializedParams__C                           
0000be64  xdc_runtime_Core_Module__diagsEnabled__C                          
0000be68  xdc_runtime_Core_Module__diagsIncluded__C                         
0000be6c  xdc_runtime_Core_Module__diagsMask__C                             
0000be70  xdc_runtime_Error_E_memory__C                                     
0000be74  xdc_runtime_Error_Module__diagsEnabled__C                         
0000be78  xdc_runtime_Error_Module__diagsIncluded__C                        
0000be7c  xdc_runtime_Error_Module__diagsMask__C                            
0000be80  xdc_runtime_Error_Module__loggerFxn8__C                           
0000be84  xdc_runtime_Error_Module__loggerObj__C                            
0000be88  xdc_runtime_Error_policyFxn__C                                    
0000be8c  xdc_runtime_Error_raiseHook__C                                    
0000be90  xdc_runtime_IGateProvider_Interface__BASE__C                      
0000be94  xdc_runtime_IHeap_Interface__BASE__C                              
0000be98  xdc_runtime_IModule_Interface__BASE__C                            
0000be9c  xdc_runtime_Log_L_error__C                                        
0000bea0  xdc_runtime_Memory_defaultHeapInstance__C                         
0000bea4  xdc_runtime_Startup_execImpl__C                                   
0000bea8  xdc_runtime_Startup_lastFxns__A                                   
0000beac  xdc_runtime_Startup_maxPasses__C                                  
0000beb0  xdc_runtime_Startup_sfxnRts__C                                    
0000beb4  xdc_runtime_Startup_sfxnTab__C                                    
0000beb8  xdc_runtime_SysMin_bufSize__C                                     
0000bebc  xdc_runtime_SysMin_outputFunc__C                                  
0000bec0  xdc_runtime_System_Module__gateObj__C                             
0000bec4  xdc_runtime_System_abortFxn__C                                    
0000bec8  xdc_runtime_System_exitFxn__C                                     
0000becc  xdc_runtime_System_extendFxn__C                                   
0000bed0  xdc_runtime_System_maxAtexitHandlers__C                           
0000bed4  xdc_runtime_Text_charTab__C                                       
0000bed8  xdc_runtime_Text_nameEmpty__C                                     
0000bedc  xdc_runtime_Text_nameStatic__C                                    
0000bee0  xdc_runtime_Text_nameUnknown__C                                   
0000bee4  xdc_runtime_Text_nodeTab__C                                       
0000bee8  xdc_runtime_Text_visitRopeFxn__C                                  
0000beec  ti_sysbios_family_arm_lm4_Timer_supportsAltclk__C                 
0000beee  ti_sysbios_family_arm_lm4_TimestampProvider_useClockTimer__C      
0000bef0  ti_sysbios_family_arm_m3_Hwi_Module__id__C                        
0000bef2  ti_sysbios_gates_GateMutex_Module__id__C                          
0000bef4  ti_sysbios_hal_Hwi_Module__id__C                                  
0000bef6  ti_sysbios_heaps_HeapMem_Module__id__C                            
0000bef8  ti_sysbios_knl_Clock_Module__id__C                                
0000befa  ti_sysbios_knl_Mailbox_Module__id__C                              
0000befc  ti_sysbios_knl_Semaphore_Module__id__C                            
0000befe  ti_sysbios_knl_Task_Module__id__C                                 
0000bf00  ti_sysbios_utils_Load_Module__id__C                               
0000bf02  ti_sysbios_utils_Load_autoAddTasks__C                             
0000bf04  ti_sysbios_utils_Load_updateInIdle__C                             
0000bf06  xdc_runtime_Core_Module__id__C                                    
0000bf08  xdc_runtime_Error_Module__loggerDefined__C                        
0000bf0a  xdc_runtime_Error_maxDepth__C                                     
0000bf0c  xdc_runtime_Memory_Module__id__C                                  
0000bf0e  xdc_runtime_SysMin_flushAtExit__C                                 
0000bf10  xdc_runtime_Text_charCnt__C                                       
0000bf12  xdc_runtime_Text_isLoaded__C                                      
0000bf14  xdc_runtime_Text_registryModsLastId__C                            
0000bf16  xdc_runtime_Text_unnamedModsLastId__C                             
0000bf18  __TI_static_base__                                                
0000c314  __TI_Handler_Table_Base                                           
0000c31c  __TI_CINIT_Base                                                   
0000c31c  __TI_Handler_Table_Limit                                          
0000c334  __TI_CINIT_Limit                                                  
20000000  ti_sysbios_family_arm_m3_Hwi_ramVectors                           
20000360  ti_sysbios_heaps_HeapMem_Instance_State_0_buf__A                  
20004360  ti_sysbios_family_arm_m3_Hwi_dispatchTable                        
200046c0  ti_sysbios_knl_Task_Instance_State_0_stack__A                     
200048c0  __CIOBUF_                                                         
200049e0  uartTivaObjects                                                   
20004b3c  i2cTivaObjects                                                    
20004bbc  uartTivaRingBuffer                                                
20004c3c  xdc_runtime_SysMin_Module_State_0_outbuf__A                       
20004cbc  _ZN6TskTop9tskParamsE                                             
20004cf8  _ZN5TskIr13irTimerParamsE                                         
20004d28  hwiQeiParams                                                      
20004d54  semParams                                                         
20004d78  iicTrans                                                          
20004d94  _ZN5TskIr8IrBinThsE                                               
20004da8  iicImuParams                                                      
20004db8  imuData                                                           
20004dc6  _ZN5TskIr8IrBranchE                                               
20004dc8  _ZN9TskAction9desiresrcE                                          
20004dd8  _ZN5TskIr6IrBinsE                                                 
20004de0  SemActTick                                                        
20004de4  SemIrTick                                                         
20004de8  SemMotTick                                                        
20004dec  _ZN5TskIr14SemIrAdcFinishE                                        
20004df0  _ZN5TskIr3tskE                                                    
20004df4  _ZN5TskIr5IrYawE                                                  
20004df8  _ZN5TskIr7irTimerE                                                
20004dfc  _ZN6TskTop3tskE                                                   
20004e00  _ZN8TskMotor2AVE                                                  
20004e04  _ZN8TskMotor2LVE                                                  
20004e08  _ZN8TskMotor3tskE                                                 
20004e0c  _ZN8TskMotor5AcclYE                                               
20004e10  _ZN8TskMotor5GyroZE                                               
20004e14  _ZN8TskMotor5MbCmdE                                               
20004e18  _ZN8TskMotor6EncVelE                                              
20004e1c  _ZN8TskMotor6QMotorE                                              
20004e20  _ZSt16__dummy_typeinfo                                            
20004e24  dbgUart                                                           
20004e2c  hwiQeiHandle                                                      
20004e30  iicImu                                                            
20004e34  semDbgUart                                                        
20004e38  semIicFinish                                                      
20004e3c  ti_sysbios_knl_Task_Instance_State_0_hookEnv__A                   
20004e40  ti_sysbios_utils_Load_Module__state__V                            
20004ed8  ti_sysbios_family_arm_lm4_Timer_Object__table__V                  
20004f58  ti_sysbios_knl_Swi_Module_State_0_readyQ__A                       
20004fd8  ti_sysbios_knl_Task_Module_State_0_readyQ__A                      
20005058  ti_sysbios_knl_Task_Object__table__V                              
200050a4  ti_sysbios_knl_Task_Module__state__V                              
200050e8  ti_sysbios_gates_GateMutex_Object__table__V                       
20005120  ti_sysbios_family_arm_m3_Hwi_Module__state__V                     
20005154  _ZN8TskMotor7EncRActE                                             
20005155  _ZN8TskMotor7EncLActE                                             
20005158  _ZN8TskMotor7EncRVelE                                             
2000515c  _ZN8TskMotor7EncLVelE                                             
20005160  _ZN8TskMotor11DistanceAccE                                        
20005164  _ZN8TskMotor12DistanceAccLE                                       
20005168  _ZN8TskMotor12DistanceAccRE                                       
2000516c  _ZN8TskMotor8CurrentVE                                            
20005170  _ZN8TskMotor6OmgAdjE                                              
20005174  _ZN8TskMotor9GyroZZeroE                                           
20005178  _ZN8TskMotor9AcclYZeroE                                           
2000517c  _ZN8TskMotor11TemperatureE                                        
20005180  _ZN8TskMotor12MotorEnabledE                                       
20005181  _ZN8TskMotor11GyroEnabledE                                        
20005182  _ZN8TskMotor11AcclEnabledE                                        
20005183  _ZN8TskMotor15AcqZerosEnabledE                                    
20005184  ti_sysbios_family_arm_lm4_Timer_Module_State_0_device__A          
200051b4  ti_sysbios_family_arm_m3_Hwi_Object__table__V                     
200051e4  ti_sysbios_knl_Swi_Object__table__V                               
20005214  ti_sysbios_knl_Clock_Module__state__V                             
20005240  ti_sysbios_BIOS_Module__state__V                                  
20005264  ti_sysbios_knl_Swi_Module__state__V                               
20005280  ti_sysbios_utils_Load_Module_State_0_taskEnv__A                   
2000529c  gpioPinConfigs                                                    
200052b4  ti_sysbios_family_arm_lm4_Timer_Module_State_0_handles__A         
200052cc  ti_sysbios_heaps_HeapMem_Object__table__V                         
200052e4  __TI_cleanup_ptr                                                  
200052e8  __TI_dtors_ptr                                                    
200052ec  __TI_enable_exit_profile_output                                   
200052f0  ti_sysbios_family_arm_lm4_Timer_Module__state__V                  
200052fc  xdc_runtime_SysMin_Module__state__V                               
20005308  _ZN5TskIr6IrIntsE                                                 
20005312  imuInitSeq1                                                       
20005314  _lock                                                             
20005318  _unlock                                                           
2000531c  gpioCallbackFunctions                                             
20005324  ti_sysbios_family_arm_lm4_Timer_Module__root__V                   
2000532c  ti_sysbios_family_arm_lm4_TimestampProvider_Module__state__V      
20005334  ti_sysbios_family_arm_m3_Hwi_Module__root__V                      
2000533c  ti_sysbios_gates_GateHwi_Module__root__V                          
20005344  ti_sysbios_gates_GateMutex_Module__root__V                        
2000534c  ti_sysbios_hal_Hwi_Module__root__V                                
20005354  ti_sysbios_hal_Timer_Module__root__V                              
2000535c  ti_sysbios_heaps_HeapMem_Module__root__V                          
20005364  ti_sysbios_knl_Clock_Module__root__V                              
2000536c  ti_sysbios_knl_Mailbox_Module__root__V                            
20005374  ti_sysbios_knl_Queue_Module__root__V                              
2000537c  ti_sysbios_knl_Semaphore_Module__root__V                          
20005384  ti_sysbios_knl_Task_Module__root__V                               
2000538c  xdc_runtime_Registry_Module__state__V                             
20005394  xdc_runtime_Startup_Module__state__V                              
2000539c  xdc_runtime_System_Module_State_0_atexitHandlers__A               
200053a4  xdc_runtime_System_Module__state__V                               
200053b1  imuInitSeq0                                                       
200053b6  ti_sysbios_family_arm_m3_Hwi_Module_State_0_excActive__A          
200053b8  _ZN5TskIr2chE                                                     
200053c4  main_func_sp                                                      
200053c8  _new_handler                                                      
200053cc  ti_sysbios_family_arm_m3_Hwi_Module_State_0_excContext__A         
200053d0  ti_sysbios_family_arm_m3_Hwi_Module_State_0_excStack__A           
200053d4  ti_sysbios_gates_GateHwi_Object__table__V                         
200053d8  ti_sysbios_knl_Task_Module_State_0_idleTask__A                    
200053dc  ti_sysbios_utils_Load_Module_State_0_runningTask__A               
200053e0  ti_sysbios_utils_Load_Module_State_0_taskStartTime__A             
200053e4  xdc_runtime_Memory_Module__state__V                               
200053e8  xdc_runtime_Error_Module__state__V                                
200053ea  imuReadSeq                                                        
200053ec  __stack                                                           
200057ec  __STACK_END                                                       
e000e000  ti_sysbios_family_arm_m3_Hwi_nvic                                 
ffffffff  __TI_pprof_out_hndl                                               
ffffffff  __TI_prof_data_size                                               
ffffffff  __TI_prof_data_start                                              
ffffffff  __binit__                                                         
ffffffff  __c_args__                                                        
ffffffff  binit                                                             

[920 symbols]
