******************************************************************************
                  TI ARM Linker PC v15.12.3                    
******************************************************************************
>> Linked Fri Nov 03 14:35:19 2017

OUTPUT FILE NAME:   <LineMouse_KS.out>
ENTRY POINT SYMBOL: "_c_int00"  address: 00009b59


MEMORY CONFIGURATION

         name            origin    length      used     unused   attr    fill
----------------------  --------  ---------  --------  --------  ----  --------
  FLASH                 00000000   00040000  0000f07a  00030f86  R  X
  SRAM                  20000000   00008000  00007f2e  000000d2  RW X


SEGMENT ALLOCATION MAP

run origin  load origin   length   init length attrs members
----------  ----------- ---------- ----------- ----- -------
00000000    00000000    0000f07c   0000f07c    r-x
  00000000    00000000    0000003c   0000003c    r-- .resetVecs
  0000003c    0000003c    00000004   00000004    r-- .init_array
  00000040    00000040    0000c77a   0000c77a    r-x .text
  0000c7bc    0000c7bc    000024ac   000024ac    r-- .const
  0000ec68    0000ec68    00000414   00000414    r-- .cinit
20000000    20000000    00007f30   00000000    rw-
  20000000    20000000    00000360   00000000    rw- .vecs
  20000360    20000360    00007222   00000000    rw- .bss
  20007584    20007584    000005ac   00000000    rw- .data
  20007b30    20007b30    00000400   00000000    rw- .stack


SECTION ALLOCATION MAP

 output                                  attributes/
section   page    origin      length       input sections
--------  ----  ----------  ----------   ----------------
.init_array 
*          0    0000003c    00000004     
                  0000003c    00000004     TskAction.obj (.init_array)

.text      0    00000040    0000c77a     
                  00000040    00001110     rtsv7M4_T_le_v4SPD16_eabi.lib : _printfi.obj (.text)
                  00001150    00000430     sysbios.aem4f : BIOS.obj (.text:ti_sysbios_family_arm_m3_Hwi_excDumpRegs__I)
                  00001580    000003b4     TskMotor.obj (.text:_ZN8TskMotor4taskEjj)
                  00001934    0000034c     ti.targets.arm.rtsarm.aem4f : System.oem4f (.text:xdc_runtime_System_doPrint__I)
                  00001c80    00000324     rtsv7M4_T_le_v4SPD16_eabi.lib : trgdrv.obj (.text)
                  00001fa4    00000004     driverlib.lib : i2c.obj (.text:I2CMasterControl)
                  00001fa8    000002ac     sysbios.aem4f : BIOS.obj (.text:ti_sysbios_knl_Semaphore_pend__E)
                  00002254    00000004     driverlib.lib : i2c.obj (.text:I2CMasterDataGet)
                  00002258    00000274     sysbios.aem4f : BIOS.obj (.text:ti_sysbios_knl_Task_Instance_finalize__E)
                  000024cc    00000004     driverlib.lib : i2c.obj (.text:I2CMasterDataPut)
                  000024d0    00000254     sysbios.aem4f : BIOS.obj (.text:ti_sysbios_heaps_HeapMem_free__E)
                  00002724    00000004     driverlib.lib : uart.obj (.text:UARTIntClear)
                  00002728    00000248     sysbios.aem4f : BIOS.obj (.text:ti_sysbios_heaps_HeapMem_alloc__E)
                  00002970    0000021c                   : BIOS.obj (.text:ti_sysbios_family_arm_lm4_Timer_Instance_init__E)
                  00002b8c    00000210     TskAction.obj (.text:_ZN9TskAction12ActionSelectEPNS_7ActType6ActionEh)
                  00002d9c    0000020c     drivers_tivaware.aem4f : UARTTiva.oem4f (.text:UARTTiva_open)
                  00002fa8    000001fc     sysbios.aem4f : BIOS.obj (.text:ti_sysbios_family_arm_m3_Hwi_excHandlerMax__I)
                  000031a4    000001f4     WheelEnc.obj (.text:_Z12WheelEncInitv)
                  00003398    000001f4     rtsv7M4_T_le_v4SPD16_eabi.lib : ull_div_t2.obj (.text)
                  0000358c    00000004     empty_pem4f.oem4f (.text:ti_sysbios_BIOS_RtsGateProxy_enter__E)
                  00003590    000001f4     sysbios.aem4f : BIOS.obj (.text:ti_sysbios_knl_Task_Instance_init__E)
                  00003784    000001dc     TskAction.obj (.text:_ZN9TskAction12Enqueue_turnEfb)
                  00003960    000001d4     sysbios.aem4f : BIOS.obj (.text:ti_sysbios_knl_Task_sleep__E)
                  00003b34    000001d1     TskTop.obj (.text:_ZN6TskTop8modeNameENS_9MouseMode8ModeTypeEPc)
                  00003d05    00000001     --HOLE-- [fill = 0]
                  00003d06    00000002     rtsv7M4_T_le_v4SPD16_eabi.lib : i_div0.obj (.text)
                  00003d08    000001bc     TskIr.obj (.text:_ZN5TskIr9irDetInitEv)
                  00003ec4    000001b8     TskAction.obj (.text:_ZN9TskAction4BackEf)
                  0000407c    000001b6     rtsv7M4_T_le_v4SPD16_eabi.lib : fd_add_t2.obj (.text)
                  00004232    00000002                                   : newhandler.obj (.text)
                  00004234    000001a4     TskTop.obj (.text:_ZN6TskTop4taskEjj)
                  000043d8    00000174     sysbios.aem4f : BIOS.obj (.text:ti_sysbios_family_arm_m3_Hwi_excBusFault__I)
                  0000454c    00000004     empty_pem4f.oem4f (.text:ti_sysbios_BIOS_RtsGateProxy_leave__E)
                  00004550    00000164     sysbios.aem4f : BIOS.obj (.text:ti_sysbios_family_arm_m3_Hwi_excUsageFault__I)
                  000046b4    00000160     TskAction.obj (.text:_ZN9TskAction7ForwardEffbbb)
                  00004814    00000004     sysbios.aem4f : BIOS.obj (.text:ti_sysbios_family_arm_lm4_Timer_masterEnable__I)
                  00004818    00000160                   : BIOS.obj (.text:ti_sysbios_knl_Mailbox_Instance_init__E)
                  00004978    00000154     Pid.obj (.text:_ZN3Pid4TickEf)
                  00004acc    00000150     drivers_tivaware.aem4f : GPIOTiva.oem4f (.text:GPIO_setConfig)
                  00004c1c    00000004     empty_pem4f.oem4f (.text:ti_sysbios_family_arm_m3_Hwi_delete)
                  00004c20    00000148     sysbios.aem4f : BIOS.obj (.text:ti_sysbios_family_arm_m3_Hwi_excMemFault__I)
                  00004d68    00000144     TskIr.obj (.text:_ZN5TskIr4taskEjj)
                  00004eac    00000140     TskTop.obj (.text:_ZN6TskTop12unit_rsptestEv)
                  00004fec    00000004     empty_pem4f.oem4f (.text:ti_sysbios_family_arm_m3_Hwi_destruct)
                  00004ff0    0000013c     sysbios.aem4f : BIOS.obj (.text:ti_sysbios_heaps_HeapMem_Instance_init__E)
                  0000512c    00000138     TskTop.obj (.text:_ZN6TskTop9irMonitorEv)
                  00005264    00000136     rtsv7M4_T_le_v4SPD16_eabi.lib : fd_div_t2.obj (.text)
                  0000539a    00000130     driverlib.lib : gpio.obj (.text:GPIOPadConfigSet)
                  000054ca    00000006                   : gpio.obj (.text:GPIOIntClear)
                  000054d0    0000011c     sysbios.aem4f : BIOS.obj (.text:ti_sysbios_knl_Clock_Instance_init__E)
                  000055ec    00000118     ti.targets.arm.rtsarm.aem4f : Error.oem4f (.text:xdc_runtime_Error_policyDefault__E)
                  00005704    00000114     TskAction.obj (.text:_ZN9TskAction5StartEfffb)
                  00005818    0000010c     MotorPwm.obj (.text:_Z12MotorPwmInitv)
                  00005924    0000010c     TskAction.obj (.text:_ZN9TskAction11Enqueue_accEffff)
                  00005a30    00000108     sysbios.aem4f : BIOS.obj (.text:ti_sysbios_family_arm_lm4_Timer_start__E)
                  00005b38    00000100     Boot.aem4f : Boot_sysctl.oem4f (.text:ti_catalog_arm_cortexm4_tiva_ce_Boot_sysCtlClockSetI__I)
                  00005c38    00000100     ti.targets.arm.rtsarm.aem4f : Core-mem.oem4f (.text:xdc_runtime_Core_createObject__I)
                  00005d38    000000fc     rtsv7M4_T_le_v4SPD16_eabi.lib : fd_mul_t2.obj (.text)
                  00005e34    000000fc                                   : s_scalbn.obj (.text)
                  00005f30    000000f8     sysbios.aem4f : BIOS.obj (.text:ti_sysbios_utils_Load_updateThreadContexts__E)
                  00006028    000000f8     ti.targets.arm.rtsarm.aem4f : Startup.oem4f (.text:xdc_runtime_Startup_startMods__I)
                  00006120    000000f8     empty_pem4f.oem4f (.text:xdc_runtime_System_printfExtend__I)
                  00006218    000000f4     TskTop.obj (.text:_ZN6TskTop13encImuMonitorEv)
                  0000630c    000000f4     sysbios.aem4f : m3_Hwi_asm.obj (.text:ti_sysbios_family_arm_m3_Hwi_dispatch__I)
                  00006400    000000ec                   : BIOS.obj (.text:ti_sysbios_knl_Semaphore_post__E)
                  000064ec    00000004     empty_pem4f.oem4f (.text:ti_sysbios_family_arm_m3_TaskSupport_Module__startupDone__S)
                  000064f0    000000ec     sysbios.aem4f : BIOS.obj (.text:ti_sysbios_knl_Task_postInit__I)
                  000065dc    000000e8     TskAction.obj (.text:_ZN9TskAction11ForwardBackEffbbb)
                  000066c4    000000e0     drivers_tivaware.aem4f : I2CTiva.oem4f (.text:I2CTiva_open)
                  000067a4    000000d8     WheelEnc.obj (.text:_Z14WheelEncGetVelRVfS0_RViS2_)
                  0000687c    00000004     empty_pem4f.oem4f (.text:ti_sysbios_hal_Hwi_HwiProxy_delete)
                  00006880    000000d8     sysbios.aem4f : BIOS.obj (.text:ti_sysbios_family_arm_lm4_TimestampProvider_get32__E)
                  00006958    000000d6     drivers_tivaware.aem4f : I2CTiva.oem4f (.text:I2CTiva_hwiFxn)
                  00006a2e    00000002     empty_pem4f.oem4f (.text:ti_sysbios_BIOS_nullFunc__I)
                  00006a30    000000d0     TskSolver.obj (.text:_ZN9TskSolver4taskEjj)
                  00006b00    000000cc     DbgUart.obj (.text:_Z11InitDbgUartv)
                  00006bcc    000000cc     ti.targets.arm.rtsarm.aem4f : Core-smem.oem4f (.text:xdc_runtime_Core_constructObject__I)
                  00006c98    000000bc     sysbios.aem4f : BIOS.obj (.text:ti_sysbios_family_arm_m3_Hwi_excDebugMon__I)
                  00006d54    00000004     empty_pem4f.oem4f (.text:ti_sysbios_hal_Timer_TimerProxy_delete)
                  00006d58    000000bc     sysbios.aem4f : BIOS.obj (.text:ti_sysbios_family_arm_m3_Hwi_excHardFault__I)
                  00006e14    000000b4     TskAction.obj (.text:_ZN9TskAction7Turn180Effbb)
                  00006ec8    000000b4     sysbios.aem4f : BIOS.obj (.text:ti_sysbios_gates_GateMutex_enter__E)
                  00006f7c    00000004     empty_pem4f.oem4f (.text:ti_sysbios_hal_Timer_TimerProxy_start__E)
                  00006f80    000000b4     sysbios.aem4f : BIOS.obj (.text:ti_sysbios_knl_Task_checkStacks__E)
                  00007034    000000b0     TskMotor.obj (.text:_ZN8TskMotor4InitEv)
                  000070e4    00000004     empty_pem4f.oem4f (.text:ti_sysbios_heaps_HeapMem_Module_GateProxy_enter__E)
                  000070e8    000000b0     sysbios.aem4f : BIOS.obj (.text:ti_sysbios_utils_Load_idleFxn__E)
                  00007198    000000ac     TskIr.obj (.text:_ZN5TskIr7irCalcsEv)
                  00007244    000000ac     drivers_tivaware.aem4f : UARTTiva.oem4f (.text:readTaskBlocking)
                  000072f0    000000ac     sysbios.aem4f : BIOS.obj (.text:ti_sysbios_family_arm_lm4_Timer_enableTiva__I)
                  0000739c    000000a8     TskAction.obj (.text:_ZN9TskAction4taskEjj)
                  00007444    000000a4     MotorPwm.obj (.text:_Z15MotorPwmSetDutyss)
                  000074e8    000000a4     sysbios.aem4f : BIOS.obj (.text:ti_sysbios_knl_Clock_Instance_finalize__E)
                  0000758c    000000a0     TskAction.obj (.text:_ZN9TskAction4InitEv)
                  0000762c    000000a0     auto_init.aem4f : auto_init.oem4f (.text)
                  000076cc    000000a0     ti.targets.arm.rtsarm.aem4f : Text.oem4f (.text:xdc_runtime_Text_putMod__E)
                  0000776c    0000009c     TskAction.obj (.text:_ZN9TskAction6Turn90Effbb)
                  00007808    0000009c     rtsv7M4_T_le_v4SPD16_eabi.lib : memcpy_t2.obj (.text)
                  000078a4    00000004     empty_pem4f.oem4f (.text:ti_sysbios_heaps_HeapMem_Module_GateProxy_leave__E)
                  000078a8    0000009c     sysbios.aem4f : BIOS.obj (.text:ti_sysbios_knl_Semaphore_Instance_init__E)
                  00007944    00000004     empty_pem4f.oem4f (.text:ti_sysbios_knl_Clock_TimerProxy_getMaxTicks__E)
                  00007948    0000009c     sysbios.aem4f : BIOS.obj (.text:ti_sysbios_knl_Task_schedule__I)
                  000079e4    0000009a     ti.targets.arm.rtsarm.aem4f : Text.oem4f (.text:xdc_runtime_Text_putSite__E)
                  00007a7e    00000098     drivers_tivaware.aem4f : UARTTiva.oem4f (.text:UARTTiva_readPolling)
                  00007b16    00000002     empty_pem4f.oem4f (.text:xdc_runtime_Startup_reset__I)
                  00007b18    00000098     Boot.aem4f : Boot.oem4f (.text:ti_catalog_arm_cortexm4_tiva_ce_Boot_sysCtlClockSet__E)
                  00007bb0    00000094     drivers_tivaware.aem4f : UARTTiva.oem4f (.text:UARTTiva_write)
                  00007c44    00000094     TskTop.obj (.text:_ZN6TskTop7SetLedsENS_8LedColor4TypeES1_)
                  00007cd8    00000094     sysbios.aem4f : BIOS.obj (.text:ti_sysbios_family_arm_m3_Hwi_Instance_init__E)
                  00007d6c    00000004     empty_pem4f.oem4f (.text:ti_sysbios_knl_Clock_TimerProxy_getPeriod__E)
                  00007d70    00000094     sysbios.aem4f : BIOS.obj (.text:ti_sysbios_family_arm_m3_Hwi_initNVIC__E)
                  00007e04    00000090     Pid.obj (.text:_ZN3PidC1Efffffff)
                  00007e94    00000090     TskSolver.obj (.text:_ZN9TskSolver4InitEv)
                  00007f24    00000004     empty_pem4f.oem4f (.text:ti_sysbios_knl_Clock_destruct)
                  00007f28    00000090     sysbios.aem4f : BIOS.obj (.text:ti_sysbios_knl_Task_Module_startup__E)
                  00007fb8    00000090                   : BIOS.obj (.text:ti_sysbios_knl_Task_exit__E)
                  00008048    00000090                   : BIOS.obj (.text:ti_sysbios_knl_Task_startCore__E)
                  000080d8    00000090                   : BIOS.obj (.text:ti_sysbios_utils_Load_startup__E)
                  00008168    0000008c     drivers_tivaware.aem4f : GPIOTiva.oem4f (.text:GPIO_init)
                  000081f4    0000008c                            : UARTTiva.oem4f (.text:UARTTiva_control)
                  00008280    0000008c     sysbios.aem4f : BIOS.obj (.text:ti_sysbios_family_arm_lm4_Timer_enableTimers__I)
                  0000830c    0000008c                   : m3_TaskSupport_asm.obj (.text:ti_sysbios_family_arm_m3_TaskSupport_buildTaskStack)
                  00008398    0000008c                   : BIOS.obj (.text:ti_sysbios_knl_Mailbox_pend__E)
                  00008424    0000008a     drivers_tivaware.aem4f : UARTTiva.oem4f (.text:readIsrTextBlocking)
                  000084ae    00000002     --HOLE-- [fill = 0]
                  000084b0    00000088     sysbios.aem4f : BIOS.obj (.text:ti_sysbios_knl_Mailbox_post__E)
                  00008538    00000086     rtsv7M4_T_le_v4SPD16_eabi.lib : fd_cmp_t2.obj (.text:__aeabi_cdcmple)
                  000085be    00000086                                   : fd_cmp_t2.obj (.text:__aeabi_cdrcmple)
                  00008644    00000004     empty_pem4f.oem4f (.text:ti_sysbios_knl_Queue_destruct)
                  00008648    00000084     sysbios.aem4f : BIOS.obj (.text:ti_sysbios_family_arm_m3_Hwi_postInit__I)
                  000086cc    00000004     empty_pem4f.oem4f (.text:ti_sysbios_knl_Semaphore_destruct)
                  000086d0    00000084     sysbios.aem4f : BIOS.obj (.text:ti_sysbios_utils_Load_updateLoads__E)
                  00008754    00000082     drivers_tivaware.aem4f : UARTTiva.oem4f (.text:readIsrTextCallback)
                  000087d6    00000002     --HOLE-- [fill = 0]
                  000087d8    00000080     rtsv7M4_T_le_v4SPD16_eabi.lib : s_floorf.obj (.text)
                  00008858    00000080     sysbios.aem4f : BIOS.obj (.text:ti_sysbios_family_arm_lm4_Timer_disableTiva__I)
                  000088d8    0000007e     drivers_tivaware.aem4f : I2CTiva.oem4f (.text:I2CTiva_transfer)
                  00008956    00000002     --HOLE-- [fill = 0]
                  00008958    0000007c     TskAction.obj (.text:_ZN9TskAction11Enqueue_uniEff)
                  000089d4    0000007a     drivers_tivaware.aem4f : UARTTiva.oem4f (.text:readTaskCallback)
                  00008a4e    0000007a     rtsv7M4_T_le_v4SPD16_eabi.lib : memset_t2.obj (.text)
                  00008ac8    00000074     sysbios.aem4f : BIOS.obj (.text:ti_sysbios_knl_Clock_start__E)
                  00008b3c    00000070     DbgUart.obj (.text:_Z14DbgUartPutLinePcb)
                  00008bac    00000070     TskIr.obj (.text:_ZN5TskIr13irTimerHookerEj)
                  00008c1c    00000004     ti.targets.arm.rtsarm.aem4f : Error.oem4f (.text:xdc_runtime_Error_getSite__E)
                  00008c20    00000070     sysbios.aem4f : BIOS.obj (.text:ti_sysbios_knl_Mailbox_Instance_finalize__E)
                  00008c90    0000006e     rtsv7M4_T_le_v4SPD16_eabi.lib : fd_tos_t2.obj (.text)
                  00008cfe    0000006e                                   : s_roundf.obj (.text)
                  00008d6c    0000006d     ti.targets.arm.rtsarm.aem4f : System.oem4f (.text:xdc_runtime_System_formatNum__I)
                  00008dd9    00000001     --HOLE-- [fill = 0]
                  00008dda    0000006c     TskAction.obj (.text:_ZN9TskAction11Go_for_ballEv)
                  00008e46    0000006c     TskAction.obj (.text:_ZN9TskAction14take_back_ballEv)
                  00008eb2    00000002     --HOLE-- [fill = 0]
                  00008eb4    0000006c     TskAction.obj (.text:_ZN9TskAction9wait4ballEv)
                  00008f20    0000006c     empty_pem4f.oem4f (.text:ti_sysbios_family_arm_lm4_Timer_Object__create__S)
                  00008f8c    0000006c     empty_pem4f.oem4f (.text:ti_sysbios_family_arm_m3_Hwi_Object__create__S)
                  00008ff8    0000006c     sysbios.aem4f : BIOS.obj (.text:ti_sysbios_knl_Clock_workFunc__E)
                  00009064    00000004     empty_pem4f.oem4f (.text:xdc_runtime_System_Module_GateProxy_enter__E)
                  00009068    0000006c     sysbios.aem4f : BIOS.obj (.text:ti_sysbios_knl_Swi_restoreHwi__E)
                  000090d4    00000004     empty_pem4f.oem4f (.text:xdc_runtime_System_Module_GateProxy_leave__E)
                  000090d8    0000006c     sysbios.aem4f : BIOS.obj (.text:ti_sysbios_utils_Load_taskCreateHook__E)
                  00009144    0000006c     drivers_tivaware.aem4f : UARTTiva.oem4f (.text:writeData)
                  000091b0    0000006c     ti.targets.arm.rtsarm.aem4f : Error.oem4f (.text:xdc_runtime_Error_print__E)
                  0000921c    0000006c                                 : Memory.oem4f (.text:xdc_runtime_Memory_alloc__E)
                  00009288    0000006a     rtsv7M4_T_le_v4SPD16_eabi.lib : copy_decompress_rle.obj (.text)
                  000092f2    00000002     --HOLE-- [fill = 0]
                  000092f4    00000068                                   : trgmsg.obj (.text)
                  0000935c    00000004     ti.targets.arm.rtsarm.aem4f : System.oem4f (.text:xdc_runtime_System_aprintf_va__F)
                  00009360    00000068     sysbios.aem4f : BIOS.obj (.text:ti_sysbios_utils_Load_addTask__E)
                  000093c8    00000066     ti.targets.arm.rtsarm.aem4f : Core-mem.oem4f (.text:xdc_runtime_Core_deleteObject__I)
                  0000942e    00000002     --HOLE-- [fill = 0]
                  00009430    00000064     drivers_tivaware.aem4f : GPIOTiva.oem4f (.text:GPIO_hwiIntFxn)
                  00009494    00000064     rtsv7M4_T_le_v4SPD16_eabi.lib : s_frexp.obj (.text)
                  000094f8    00000064     sysbios.aem4f : BIOS.obj (.text:ti_sysbios_family_arm_lm4_Timer_Module_startup__E)
                  0000955c    00000064     empty_pem4f.oem4f (.text:ti_sysbios_family_arm_m3_Hwi_create)
                  000095c0    00000064     empty_pem4f.oem4f (.text:ti_sysbios_hal_Hwi_create)
                  00009624    00000064     empty_pem4f.oem4f (.text:ti_sysbios_hal_Timer_create)
                  00009688    00000064     empty_pem4f.oem4f (.text:ti_sysbios_knl_Mailbox_create)
                  000096ec    00000062     drivers_tivaware.aem4f : I2CTiva.oem4f (.text:I2CTiva_primeTransfer)
                  0000974e    00000062     TskAction.obj (.text:_ZN5QueueIN8TskMotor8VelOmegaEE2EnERKS1_)
                  000097b0    00000060     rtsv7M4_T_le_v4SPD16_eabi.lib : sprintf.obj (.text)
                  00009810    00000060     sysbios.aem4f : BIOS.obj (.text:ti_sysbios_utils_Load_updateCurrentThreadTime__E)
                  00009870    0000005e     drivers_tivaware.aem4f : UARTTiva.oem4f (.text:readIsrBinaryBlocking)
                  000098ce    0000005c     TskMotor.obj (.text:_ZN5QueueIN8TskMotor8VelOmegaEE2DeERS1_)
                  0000992a    00000002     --HOLE-- [fill = 0]
                  0000992c    0000005c     TskTop.obj (.text:_ZN6TskTop7pwmtestEv)
                  00009988    0000005c     sysbios.aem4f : BIOS.obj (.text:ti_sysbios_knl_Swi_run__I)
                  000099e4    00000004     ti.targets.arm.rtsarm.aem4f : System.oem4f (.text:xdc_runtime_System_printf_va__F)
                  000099e8    0000005c     sysbios.aem4f : BIOS.obj (.text:ti_sysbios_knl_Swi_schedule__I)
                  00009a44    0000005c     empty_pem4f.oem4f (.text:ti_sysbios_knl_Task_create)
                  00009aa0    0000005c     sysbios.aem4f : BIOS.obj (.text:ti_sysbios_knl_Task_unblockI__E)
                  00009afc    0000005b     ti.targets.arm.rtsarm.aem4f : Text.oem4f (.text:xdc_runtime_Text_putLab__E)
                  00009b57    00000001     --HOLE-- [fill = 0]
                  00009b58    00000058     boot.aem4f : boot.oem4f (.text)
                  00009bb0    00000058     TskTop.obj (.text:_ZN6TskTop4InitEv)
                  00009c08    00000058     TskTop.obj (.text:_ZN6TskTop8run_initEv)
                  00009c60    00000058     TskAction.obj (.text:_ZN9TskAction13lay_down_ballEv)
                  00009cb8    00000058     sysbios.aem4f : BIOS.obj (.text:ti_sysbios_family_arm_lm4_Timer_Instance_finalize__E)
                  00009d10    00000058     empty_pem4f.oem4f (.text:ti_sysbios_family_arm_m3_Hwi_construct)
                  00009d68    00000058     sysbios.aem4f : m3_Hwi_asm_switch.obj (.text:ti_sysbios_family_arm_m3_Hwi_initStacks__E)
                  00009dc0    00000056     driverlib.lib : gpio.obj (.text:GPIOIntTypeSet)
                  00009e16    00000056     rtsv7M4_T_le_v4SPD16_eabi.lib : ltoa.obj (.text)
                  00009e6c    00000054     linemouse_chassis.obj (.text:DBMOUSE_initGPIO)
                  00009ec0    00000054     drivers_tivaware.aem4f : UARTTiva.oem4f (.text:readIsrBinaryCallback)
                  00009f14    00000054     rtsv7M4_T_le_v4SPD16_eabi.lib : exit.obj (.text)
                  00009f68    00000054     sysbios.aem4f : BIOS.obj (.text:ti_sysbios_family_arm_lm4_Timer_initDevice__I)
                  00009fbc    00000004     --HOLE-- [fill = 0]
                  00009fc0    00000054                   : BIOS.obj (.text:ti_sysbios_family_arm_m3_Hwi_dispatchC__I)
                  0000a014    00000004     --HOLE-- [fill = 0]
                  0000a018    00000054                   : BIOS.obj (.text:ti_sysbios_utils_Load_taskSwitchHook__E)
                  0000a06c    00000054     ti.targets.arm.rtsarm.aem4f : Assert.oem4f (.text:xdc_runtime_Assert_raise__I)
                  0000a0c0    00000050     drivers_tivaware.aem4f : GPIOTiva.oem4f (.text:GPIO_setCallback)
                  0000a110    00000050                            : GPIOTiva.oem4f (.text:GPIO_write)
                  0000a160    00000050                            : UARTTiva.oem4f (.text:UARTTiva_writeCancel)
                  0000a1b0    00000050     sysbios.aem4f : BIOS.obj (.text:ti_sysbios_family_arm_m3_Hwi_Module_startup__E)
                  0000a200    00000050                   : BIOS.obj (.text:ti_sysbios_utils_Load_logLoads__I)
                  0000a250    00000050     ti.targets.arm.rtsarm.aem4f : Startup.oem4f (.text:xdc_runtime_Startup_exec__E)
                  0000a2a0    00000050                                 : Text.oem4f (.text:xdc_runtime_Text_visitRope2__I)
                  0000a2f0    0000004c     drivers_tivaware.aem4f : UARTTiva.oem4f (.text:UARTTiva_close)
                  0000a33c    0000004c     TskIr.obj (.text:_ZN5TskIr10irCalcYawLEv)
                  0000a388    0000004c     TskIr.obj (.text:_ZN5TskIr10irCalcYawREv)
                  0000a3d4    0000004c     TskTop.obj (.text:_ZN6TskTop7SetLedLENS_8LedColor4TypeE)
                  0000a420    0000004c     TskTop.obj (.text:_ZN6TskTop7SetLedRENS_8LedColor4TypeE)
                  0000a46c    0000004c     TskAction.obj (.text:_ZN9TskAction4StopEff)
                  0000a4b8    0000004c     rtsv7M4_T_le_v4SPD16_eabi.lib : atoi.obj (.text)
                  0000a504    0000004c                                   : cpy_tbl.obj (.text)
                  0000a550    0000004c     sysbios.aem4f : BIOS.obj (.text:ti_sysbios_heaps_HeapMem_getStats__E)
                  0000a59c    00000004     --HOLE-- [fill = 0]
                  0000a5a0    0000004c                   : BIOS.obj (.text:ti_sysbios_knl_Swi_runLoop__I)
                  0000a5ec    00000004     --HOLE-- [fill = 0]
                  0000a5f0    0000004c                   : BIOS.obj (.text:ti_sysbios_knl_Task_allBlockedFunction__I)
                  0000a63c    00000048     driverlib.lib : gpio.obj (.text:GPIOPinConfigure)
                  0000a684    00000048                   : i2c.obj (.text:I2CMasterInitExpClk)
                  0000a6cc    00000048     TskMotor.obj (.text:_ZN8TskMotor8saturateEfff)
                  0000a714    00000048     rtsv7M4_T_le_v4SPD16_eabi.lib : fd_toi_t2.obj (.text)
                  0000a75c    00000004     --HOLE-- [fill = 0]
                  0000a760    00000048     sysbios.aem4f : BIOS.obj (.text:ti_sysbios_family_arm_m3_Hwi_disableInterrupt__E)
                  0000a7a8    00000048                   : BIOS.obj (.text:ti_sysbios_family_arm_m3_Hwi_enableInterrupt__E)
                  0000a7f0    00000048                   : BIOS.obj (.text:ti_sysbios_family_arm_m3_Hwi_excReserved__I)
                  0000a838    00000048                   : BIOS.obj (.text:ti_sysbios_knl_Mailbox_Module_startup__E)
                  0000a880    00000048                   : BIOS.obj (.text:ti_sysbios_utils_Load_taskDeleteHook__E)
                  0000a8c8    00000046     drivers_tivaware.aem4f : RingBuf.oem4f (.text:RingBuf_put)
                  0000a90e    00000046     ti.targets.arm.rtsarm.aem4f : Core-params.oem4f (.text:xdc_runtime_Core_assignParams__I)
                  0000a954    00000044     TskIr.obj (.text:_ZN5TskIr8irNoLineEv)
                  0000a998    00000044     sysbios.aem4f : BIOS.obj (.text:ti_sysbios_family_arm_lm4_Timer_isrStub__E)
                  0000a9dc    00000004     --HOLE-- [fill = 0]
                  0000a9e0    00000044                   : BIOS.obj (.text:ti_sysbios_family_arm_m3_Hwi_getStackInfo__E)
                  0000aa24    00000004     --HOLE-- [fill = 0]
                  0000aa28    00000044                   : BIOS.obj (.text:ti_sysbios_knl_Mailbox_postInit__I)
                  0000aa6c    00000004     --HOLE-- [fill = 0]
                  0000aa70    00000044                   : BIOS.obj (.text:ti_sysbios_knl_Swi_post__E)
                  0000aab4    00000004     --HOLE-- [fill = 0]
                  0000aab8    00000044                   : BIOS.obj (.text:ti_sysbios_utils_Load_removeTask__E)
                  0000aafc    00000044     ti.targets.arm.rtsarm.aem4f : Error.oem4f (.text:xdc_runtime_Error_setX__E)
                  0000ab40    00000044                                 : SysMin.oem4f (.text:xdc_runtime_SysMin_flush__E)
                  0000ab84    00000044                                 : Text.oem4f (.text:xdc_runtime_Text_xprintf__I)
                  0000abc8    00000042     driverlib.lib : uart.obj (.text:UARTConfigSetExpClk)
                  0000ac0a    00000042     drivers_tivaware.aem4f : UARTTiva.oem4f (.text:UARTTiva_hwiIntFxn)
                  0000ac4c    00000042                            : UARTTiva.oem4f (.text:UARTTiva_writePolling)
                  0000ac8e    00000002     --HOLE-- [fill = 0]
                  0000ac90    00000040     linemouse_chassis.obj (.text:DBMOUSE_initGeneral)
                  0000acd0    00000040     drivers_tivaware.aem4f : RingBuf.oem4f (.text:RingBuf_get)
                  0000ad10    00000040                            : UARTTiva.oem4f (.text:UARTTiva_read)
                  0000ad50    00000040     TskAction.obj (.text:_ZN5QueueIN8TskMotor8VelOmegaEE3LenEv)
                  0000ad90    00000040     rtsv7M4_T_le_v4SPD16_eabi.lib : u_divt2.obj (.text)
                  0000add0    00000040     sysbios.aem4f : BIOS.obj (.text:ti_sysbios_family_arm_lm4_Timer_startup__E)
                  0000ae10    0000003c     linemouse_chassis.obj (.text:DBMOUSE_initI2C)
                  0000ae4c    0000003c     WheelEnc.obj (.text:_Z6qeiISRj)
                  0000ae88    0000003c     sysbios.aem4f : BIOS.obj (.text:ti_sysbios_family_arm_m3_Hwi_excSvCall__I)
                  0000aec4    00000004     --HOLE-- [fill = 0]
                  0000aec8    0000003c                   : BIOS.obj (.text:ti_sysbios_heaps_HeapMem_init__I)
                  0000af04    00000004     --HOLE-- [fill = 0]
                  0000af08    0000003c                   : BIOS.obj (.text:ti_sysbios_knl_Swi_restore__E)
                  0000af44    0000003a     drivers_tivaware.aem4f : I2CTiva.oem4f (.text:I2CTiva_completeTransfer)
                  0000af7e    00000002     --HOLE-- [fill = 0]
                  0000af80    00000038                            : I2C.oem4f (.text:I2C_init)
                  0000afb8    00000038                            : UART.oem4f (.text:UART_init)
                  0000aff0    00000038     rtsv7M4_T_le_v4SPD16_eabi.lib : fs_tod_t2.obj (.text)
                  0000b028    00000038     sysbios.aem4f : BIOS.obj (.text:ti_sysbios_family_arm_m3_Hwi_excNoIsr__I)
                  0000b060    00000038                   : BIOS.obj (.text:ti_sysbios_knl_Task_processVitalTaskFlag__I)
                  0000b098    00000038     ti.targets.arm.rtsarm.aem4f : SysMin.oem4f (.text:xdc_runtime_SysMin_putch__E)
                  0000b0d0    00000038                                 : System.oem4f (.text:xdc_runtime_System_atexit__E)
                  0000b108    00000036     drivers_tivaware.aem4f : I2CTiva.oem4f (.text:I2CTiva_close)
                  0000b13e    00000036                            : UARTTiva.oem4f (.text:UARTTiva_readCancel)
                  0000b174    00000034     linemouse_chassis.obj (.text:DBMOUSE_initUART)
                  0000b1a8    00000034     driverlib.lib : sysctl.obj (.text:SysCtlPeripheralEnable)
                  0000b1dc    00000034     MotorPwm.obj (.text:_Z13MotorPwmCoastv)
                  0000b210    00000034     sysbios.aem4f : BIOS.obj (.text:ti_sysbios_family_arm_lm4_Timer_setPeriodMicroSecs__E)
                  0000b244    00000004     --HOLE-- [fill = 0]
                  0000b248    00000034                   : BIOS.obj (.text:ti_sysbios_family_arm_m3_Hwi_Instance_finalize__E)
                  0000b27c    00000004     --HOLE-- [fill = 0]
                  0000b280    00000034                   : BIOS.obj (.text:ti_sysbios_family_arm_m3_Hwi_excNmi__I)
                  0000b2b4    00000004     --HOLE-- [fill = 0]
                  0000b2b8    00000034                   : BIOS.obj (.text:ti_sysbios_hal_Hwi_checkStack)
                  0000b2ec    00000034     empty_pem4f.oem4f (.text:ti_sysbios_knl_Clock_construct)
                  0000b320    00000034     empty_pem4f.oem4f (.text:ti_sysbios_knl_Semaphore_create)
                  0000b354    00000034     ti.targets.arm.rtsarm.aem4f : Core-label.oem4f (.text:xdc_runtime_Core_assignLabel__I)
                  0000b388    00000033                                 : Text.oem4f (.text:xdc_runtime_Text_printVisFxn__I)
                  0000b3bb    00000005     --HOLE-- [fill = 0]
                  0000b3c0    00000032     sysbios.aem4f : BIOS.obj (.text:ti_sysbios_hal_Hwi_initStack)
                  0000b3f2    00000006     driverlib.lib : gpio.obj (.text:GPIOPinWrite)
                  0000b3f8    00000032     sysbios.aem4f : BIOS.obj (.text:ti_sysbios_knl_Semaphore_pendTimeout__I)
                  0000b42a    00000002     --HOLE-- [fill = 0]
                  0000b42c    00000030     drivers_tivaware.aem4f : UART.oem4f (.text:UART_open)
                  0000b45c    00000030     TskIr.obj (.text:_ZN5TskIr4InitEv)
                  0000b48c    00000030     rtsv7M4_T_le_v4SPD16_eabi.lib : new_.obj (.text)
                  0000b4bc    00000030     empty_pem4f.oem4f (.text:ti_sysbios_BIOS_atExitFunc__I)
                  0000b4ec    00000004     --HOLE-- [fill = 0]
                  0000b4f0    00000030     sysbios.aem4f : BIOS.obj (.text:ti_sysbios_family_arm_lm4_Timer_stop__E)
                  0000b520    00000030                   : BIOS.obj (.text:ti_sysbios_family_arm_m3_TaskSupport_start__E)
                  0000b550    00000030     empty_pem4f.oem4f (.text:ti_sysbios_gates_GateHwi_Object__create__S)
                  0000b580    00000030     empty_pem4f.oem4f (.text:ti_sysbios_gates_GateMutex_Object__create__S)
                  0000b5b0    00000030     empty_pem4f.oem4f (.text:ti_sysbios_heaps_HeapMem_Object__create__S)
                  0000b5e0    00000030     empty_pem4f.oem4f (.text:ti_sysbios_knl_Semaphore_construct)
                  0000b610    00000030     ti.targets.arm.rtsarm.aem4f : SysMin.oem4f (.text:xdc_runtime_SysMin_abort__E)
                  0000b640    00000030                                 : System.oem4f (.text:xdc_runtime_System_processAtExit__E)
                  0000b670    0000002e     empty_pem4f.oem4f (.text:malloc)
                  0000b69e    0000002e     rtsv7M4_T_le_v4SPD16_eabi.lib : i_tofd_t2.obj (.text)
                  0000b6cc    0000002c     empty_pem4f.oem4f (.text:ti_sysbios_knl_Clock_doTick__I)
                  0000b6f8    0000002c     empty_pem4f.oem4f (.text:ti_sysbios_knl_Queue_construct)
                  0000b724    00000004     --HOLE-- [fill = 0]
                  0000b728    0000002c     sysbios.aem4f : BIOS.obj (.text:ti_sysbios_knl_Task_restore__E)
                  0000b754    0000002c     ti.targets.arm.rtsarm.aem4f : Text.oem4f (.text:xdc_runtime_Text_cordText__E)
                  0000b780    0000002a     driverlib.lib : gpio.obj (.text:GPIODirModeSet)
                  0000b7aa    0000002a     ti.targets.arm.rtsarm.aem4f : System.oem4f (.text:xdc_runtime_System_putchar__I)
                  0000b7d4    00000028     MotorPwm.obj (.text:_Z15ServoPwmSetDutyi)
                  0000b7fc    00000028     TskMotor.obj (.text:_ZN5QueueIN8TskMotor8VelOmegaEEC1Ei)
                  0000b824    00000028     empty_pem4f.oem4f (.text:ti_sysbios_BIOS_startFunc__I)
                  0000b84c    00000004     --HOLE-- [fill = 0]
                  0000b850    00000028     sysbios.aem4f : BIOS.obj (.text:ti_sysbios_hal_Hwi_Instance_init__E)
                  0000b878    00000028                   : BIOS.obj (.text:ti_sysbios_hal_Timer_Instance_init__E)
                  0000b8a0    00000028                   : BIOS.obj (.text:ti_sysbios_knl_Swi_Module_startup__E)
                  0000b8c8    00000026                   : m3_Hwi_asm.obj (.text:ti_sysbios_family_arm_m3_Hwi_pendSV__I)
                  0000b8ee    00000026     ti.targets.arm.rtsarm.aem4f : System.oem4f (.text:xdc_runtime_System_avprintf__E)
                  0000b914    00000024     MotorPwm.obj (.text:_Z13ServoPwmResetv)
                  0000b938    00000024     TskAction.obj (.text:_ZN9TskAction10Wait4queueEv)
                  0000b95c    00000024     empty_pem4f.oem4f (.text:ti_sysbios_BIOS_errorRaiseHook__I)
                  0000b980    00000024     empty_pem4f.oem4f (.text:ti_sysbios_BIOS_registerRTSLock__I)
                  0000b9a4    00000024     empty_pem4f.oem4f (.text:ti_sysbios_BIOS_removeRTSLock__I)
                  0000b9c8    00000024     empty_pem4f.oem4f (.text:ti_sysbios_gates_GateMutex_Object__delete__S)
                  0000b9ec    00000004     --HOLE-- [fill = 0]
                  0000b9f0    00000024     sysbios.aem4f : BIOS.obj (.text:ti_sysbios_knl_Clock_Module_startup__E)
                  0000ba14    00000004     --HOLE-- [fill = 0]
                  0000ba18    00000024                   : BIOS.obj (.text:ti_sysbios_knl_Task_restoreHwi__E)
                  0000ba3c    00000024     ti.targets.arm.rtsarm.aem4f : System.oem4f (.text:xdc_runtime_System_vprintf__E)
                  0000ba60    00000022     sysbios.aem4f : BIOS.obj (.text:ti_sysbios_family_arm_lm4_Timer_write__I)
                  0000ba82    00000022     empty_pem4f.oem4f (.text:xdc_runtime_SysMin_output__I)
                  0000baa4    00000020     TskIr.obj (.text:_ZN5TskIr8adcStartEi)
                  0000bac4    00000020     TskTop.obj (.text:_ZN6TskTop14dbgPutModeNameENS_9MouseMode8ModeTypeE)
                  0000bae4    00000020     TskAction.obj (.text:_ZN8TskMotor8VelOmegaC1Eff)
                  0000bb04    00000020     TskAction.obj (.text:__sti___12_TskAction_cc_91f6dd66)
                  0000bb24    00000020     empty_pem4f.oem4f (.text:ti_sysbios_BIOS_rtsLock__I)
                  0000bb44    00000020     empty_pem4f.oem4f (.text:ti_sysbios_family_arm_lm4_Timer_Object__delete__S)
                  0000bb64    00000020     empty_pem4f.oem4f (.text:ti_sysbios_family_arm_m3_Hwi_Object__delete__S)
                  0000bb84    00000004     --HOLE-- [fill = 0]
                  0000bb88    00000020     sysbios.aem4f : BIOS.obj (.text:ti_sysbios_family_arm_m3_Hwi_clearInterrupt__E)
                  0000bba8    00000020                   : m3_Hwi_asm.obj (.text:ti_sysbios_family_arm_m3_Hwi_excHandlerAsm__I)
                  0000bbc8    00000020                   : BIOS.obj (.text:ti_sysbios_family_arm_m3_Hwi_excHandler__I)
                  0000bbe8    00000020     empty_pem4f.oem4f (.text:ti_sysbios_gates_GateHwi_Object__delete__S)
                  0000bc08    00000020     empty_pem4f.oem4f (.text:ti_sysbios_heaps_HeapMem_Object__delete__S)
                  0000bc28    00000020     empty_pem4f.oem4f (.text:ti_sysbios_knl_Clock_Object__destruct__S)
                  0000bc48    00000020     sysbios.aem4f : BIOS.obj (.text:ti_sysbios_knl_Idle_run__E)
                  0000bc68    00000020     empty_pem4f.oem4f (.text:ti_sysbios_knl_Semaphore_Object__destruct__S)
                  0000bc88    00000020     ti.targets.arm.rtsarm.aem4f : Registry.oem4f (.text:xdc_runtime_Registry_findById__E)
                  0000bca8    00000020                                 : SysMin.oem4f (.text:xdc_runtime_SysMin_Module_startup__E)
                  0000bcc8    0000001e     TskAction.obj (.text:_ZN5QueueIN8TskMotor8VelOmegaEE5ClearEv)
                  0000bce6    0000001e     linemouse.obj (.text:main)
                  0000bd04    0000001e     sysbios.aem4f : m3_Hwi_asm_switch.obj (.text:ti_sysbios_family_xxx_Hwi_switchAndRunFunc)
                  0000bd22    00000002     --HOLE-- [fill = 0]
                  0000bd24    0000001c     driverlib.lib : uart.obj (.text:UARTDisable)
                  0000bd40    0000001c     Pid.obj (.text:_ZN3Pid5ResetEv)
                  0000bd5c    0000001c     TskIr.obj (.text:_ZN5TskIr10irDetStartEv)
                  0000bd78    0000001c     drivers_tivaware.aem4f : GPIOTiva.oem4f (.text:getGpioIntIndex)
                  0000bd94    0000001c     rtsv7M4_T_le_v4SPD16_eabi.lib : memccpy.obj (.text)
                  0000bdb0    0000001c     empty_pem4f.oem4f (.text:ti_sysbios_family_arm_m3_Hwi_Object__destruct__S)
                  0000bdcc    00000004     --HOLE-- [fill = 0]
                  0000bdd0    0000001c     sysbios.aem4f : BIOS.obj (.text:ti_sysbios_gates_GateMutex_Instance_init__E)
                  0000bdec    0000001c     empty_pem4f.oem4f (.text:ti_sysbios_hal_Hwi_HwiProxy_create)
                  0000be08    0000001c     empty_pem4f.oem4f (.text:ti_sysbios_hal_Timer_TimerProxy_create)
                  0000be24    0000001c     empty_pem4f.oem4f (.text:ti_sysbios_knl_Queue_Object__destruct__S)
                  0000be40    0000001c     sysbios.aem4f : BIOS.obj (.text:ti_sysbios_knl_Queue_put__E)
                  0000be5c    00000004     --HOLE-- [fill = 0]
                  0000be60    0000001c                   : BIOS.obj (.text:ti_sysbios_knl_Task_enter__I)
                  0000be7c    0000001c     ti.targets.arm.rtsarm.aem4f : Error.oem4f (.text:xdc_runtime_Error_raiseX__E)
                  0000be98    0000001c                                 : Memory.oem4f (.text:xdc_runtime_Memory_valloc__E)
                  0000beb4    0000001c                                 : SysMin.oem4f (.text:xdc_runtime_SysMin_exit__E)
                  0000bed0    0000001c                                 : System.oem4f (.text:xdc_runtime_System_abort__E)
                  0000beec    0000001a     empty_pem4f.oem4f (.text:ti_sysbios_family_arm_m3_Hwi_Handle__label__S)
                  0000bf06    0000001a     empty_pem4f.oem4f (.text:ti_sysbios_gates_GateHwi_Handle__label__S)
                  0000bf20    0000001a     empty_pem4f.oem4f (.text:ti_sysbios_gates_GateMutex_Handle__label__S)
                  0000bf3a    0000001a     empty_pem4f.oem4f (.text:ti_sysbios_heaps_HeapMem_Handle__label__S)
                  0000bf54    0000001a     empty_pem4f.oem4f (.text:ti_sysbios_knl_Swi_Handle__label__S)
                  0000bf6e    0000001a     empty_pem4f.oem4f (.text:ti_sysbios_knl_Task_Handle__label__S)
                  0000bf88    0000001a     sysbios.aem4f : BIOS.obj (.text:ti_sysbios_knl_Task_sleepTimeout__I)
                  0000bfa2    0000001a     empty_pem4f.oem4f (.text:xdc_runtime_System_aprintf__E)
                  0000bfbc    0000001a     empty_pem4f.oem4f (.text:xdc_runtime_System_printf__E)
                  0000bfd6    00000002     --HOLE-- [fill = 0]
                  0000bfd8    00000018     drivers_tivaware.aem4f : UART.oem4f (.text:UART_Params_init)
                  0000bff0    00000018     DbgUart.obj (.text:_Z14dbgUartWriteCbP11UART_ConfigPvj)
                  0000c008    00000018     rtsv7M4_T_le_v4SPD16_eabi.lib : args_main.obj (.text)
                  0000c020    00000018     empty_pem4f.oem4f (.text:ti_sysbios_BIOS_rtsUnlock__I)
                  0000c038    00000018     empty_pem4f.oem4f (.text:ti_sysbios_family_arm_lm4_Timer_Module__startupDone__F)
                  0000c050    00000018     empty_pem4f.oem4f (.text:ti_sysbios_family_arm_m3_Hwi_Module__startupDone__F)
                  0000c068    00000018     sysbios.aem4f : m3_TaskSupport_asm.obj (.text:ti_sysbios_family_arm_m3_TaskSupport_swap__E)
                  0000c080    00000018                   : BIOS.obj (.text:ti_sysbios_gates_GateMutex_leave__E)
                  0000c098    00000018     ti.targets.arm.rtsarm.aem4f : Error.oem4f (.text:xdc_runtime_Error_check__E)
                  0000c0b0    00000018                                 : System.oem4f (.text:xdc_runtime_System_exit__E)
                  0000c0c8    00000018                                 : Text.oem4f (.text:xdc_runtime_Text_ropeText__E)
                  0000c0e0    00000016     driverlib.lib : i2c.obj (.text:I2CMasterErr)
                  0000c0f6    00000016     WheelEnc.obj (.text:_Z30ti_sysbios_hal_Hwi_Params_initP25ti_sysbios_hal_Hwi_Params)
                  0000c10c    00000016     TskAction.obj (.text:_Z31ti_sysbios_knl_Task_Params_initP26ti_sysbios_knl_Task_Params)
                  0000c122    00000016     TskIr.obj (.text:_Z31ti_sysbios_knl_Task_Params_initP26ti_sysbios_knl_Task_Params)
                  0000c138    00000016     TskMotor.obj (.text:_Z31ti_sysbios_knl_Task_Params_initP26ti_sysbios_knl_Task_Params)
                  0000c14e    00000016     TskSolver.obj (.text:_Z31ti_sysbios_knl_Task_Params_initP26ti_sysbios_knl_Task_Params)
                  0000c164    00000016     TskTop.obj (.text:_Z31ti_sysbios_knl_Task_Params_initP26ti_sysbios_knl_Task_Params)
                  0000c17a    00000016     TskIr.obj (.text:_Z32ti_sysbios_hal_Timer_Params_initP27ti_sysbios_hal_Timer_Params)
                  0000c190    00000016     DbgUart.obj (.text:_Z36ti_sysbios_knl_Semaphore_Params_initP31ti_sysbios_knl_Semaphore_Params)
                  0000c1a6    00000016     TskIr.obj (.text:_Z36ti_sysbios_knl_Semaphore_Params_initP31ti_sysbios_knl_Semaphore_Params)
                  0000c1bc    00000016     WheelEnc.obj (.text:_Z36ti_sysbios_knl_Semaphore_Params_initP31ti_sysbios_knl_Semaphore_Params)
                  0000c1d2    00000016     rtsv7M4_T_le_v4SPD16_eabi.lib : strchr.obj (.text)
                  0000c1e8    00000016     empty_pem4f.oem4f (.text:ti_sysbios_BIOS_exitFunc__I)
                  0000c1fe    00000014     driverlib.lib : uart.obj (.text:UARTEnable)
                  0000c212    00000002     --HOLE-- [fill = 0]
                  0000c214    00000014     rtsv7M4_T_le_v4SPD16_eabi.lib : _lock.obj (.text)
                  0000c228    00000014                                   : s_copysign.obj (.text)
                  0000c23c    00000014                                   : strcpy.obj (.text)
                  0000c250    00000014                                   : strlen.obj (.text)
                  0000c264    00000014     empty_pem4f.oem4f (.text:ti_sysbios_family_arm_m3_Hwi_Object__get__S)
                  0000c278    00000014     sysbios.aem4f : BIOS.obj (.text:ti_sysbios_family_arm_m3_Hwi_switchFromBootStack__E)
                  0000c28c    00000014     empty_pem4f.oem4f (.text:ti_sysbios_heaps_HeapMem_Object__get__S)
                  0000c2a0    00000014     empty_pem4f.oem4f (.text:ti_sysbios_knl_Swi_Object__get__S)
                  0000c2b4    00000012     driverlib.lib : gpio.obj (.text:GPIOPinTypeGPIOInput)
                  0000c2c6    00000012                   : gpio.obj (.text:GPIOPinTypeI2C)
                  0000c2d8    00000012                   : gpio.obj (.text:GPIOPinTypeI2CSCL)
                  0000c2ea    00000012                   : gpio.obj (.text:GPIOPinTypeUART)
                  0000c2fc    00000012     drivers_tivaware.aem4f : RingBuf.oem4f (.text:RingBuf_construct)
                  0000c30e    00000002     --HOLE-- [fill = 0]
                  0000c310    00000012     sysbios.aem4f : BIOS.obj (.text:ti_sysbios_hal_Hwi_Module_startup__E)
                  0000c322    00000006     driverlib.lib : i2c.obj (.text:I2CMasterIntDisable)
                  0000c328    00000012     sysbios.aem4f : BIOS.obj (.text:ti_sysbios_hal_Timer_Module_startup__E)
                  0000c33a    00000012     empty_pem4f.oem4f (.text:xdc_runtime_Startup_exec__I)
                  0000c34c    00000010     TskIr.obj (.text:_ZN5TskIr6irBallEv)
                  0000c35c    00000010     TskIr.obj (.text:_ZN5TskIr8irBorderEv)
                  0000c36c    00000010     TskAction.obj (.text:_ZN9TskAction10ClearQueueEv)
                  0000c37c    00000010     drivers_tivaware.aem4f : UARTTiva.oem4f (.text:readBlockingTimeout)
                  0000c38c    00000010     rtsv7M4_T_le_v4SPD16_eabi.lib : s_lroundf.obj (.text)
                  0000c39c    00000004     --HOLE-- [fill = 0]
                  0000c3a0    00000010     sysbios.aem4f : BIOS.obj (.text:ti_sysbios_BIOS_getCpuFreq__E)
                  0000c3b0    00000010                   : BIOS.obj (.text:ti_sysbios_BIOS_setThreadType__E)
                  0000c3c0    00000010                   : BIOS.obj (.text:ti_sysbios_BIOS_start__E)
                  0000c3d0    00000010                   : BIOS.obj (.text:ti_sysbios_family_arm_lm4_TimestampProvider_rolloverFunc__E)
                  0000c3e0    00000010                   : m3_TaskSupport_asm.obj (.text:ti_sysbios_family_arm_m3_TaskSupport_glue)
                  0000c3f0    00000010                   : BIOS.obj (.text:ti_sysbios_gates_GateMutex_Instance_finalize__E)
                  0000c400    00000010     empty_pem4f.oem4f (.text:ti_sysbios_hal_Hwi_HwiProxy_Object__create__S)
                  0000c410    00000010     empty_pem4f.oem4f (.text:ti_sysbios_hal_Timer_TimerProxy_Object__create__S)
                  0000c420    00000010     empty_pem4f.oem4f (.text:ti_sysbios_knl_Mailbox_Object__get__S)
                  0000c430    00000010     sysbios.aem4f : BIOS.obj (.text:ti_sysbios_knl_Semaphore_Instance_finalize__E)
                  0000c440    00000010                   : BIOS.obj (.text:ti_sysbios_knl_Swi_disable__E)
                  0000c450    00000010     empty_pem4f.oem4f (.text:ti_sysbios_knl_Task_Object__get__S)
                  0000c460    00000010     sysbios.aem4f : BIOS.obj (.text:ti_sysbios_knl_Task_disable__E)
                  0000c470    00000010     ti.targets.arm.rtsarm.aem4f : Gate.oem4f (.text:xdc_runtime_Gate_leaveSystem__E)
                  0000c480    00000010                                 : Memory.oem4f (.text:xdc_runtime_Memory_free__E)
                  0000c490    00000010                                 : SysMin.oem4f (.text:xdc_runtime_SysMin_ready__E)
                  0000c4a0    00000010                                 : System.oem4f (.text:xdc_runtime_System_vsnprintf__E)
                  0000c4b0    00000010     empty_pem4f.oem4f (.text:xdc_runtime_Text_visitRope__I)
                  0000c4c0    0000000e     driverlib.lib : gpio.obj (.text:GPIOIntStatus)
                  0000c4ce    0000000e                   : uart.obj (.text:UARTCharGetNonBlocking)
                  0000c4dc    0000000e                   : uart.obj (.text:UARTCharPutNonBlocking)
                  0000c4ea    0000000e     rtsv7M4_T_le_v4SPD16_eabi.lib : copy_decompress_none.obj (.text:decompress:none)
                  0000c4f8    0000000e     sysbios.aem4f : BIOS.obj (.text:ti_sysbios_knl_Idle_loop__E)
                  0000c506    00000002     --HOLE-- [fill = 0]
                  0000c508    0000000e                   : BIOS.obj (.text:ti_sysbios_knl_Queue_empty__E)
                  0000c516    00000002     --HOLE-- [fill = 0]
                  0000c518    0000000c     empty_pem4f.oem4f (.text:.bootCodeSection:ti_catalog_arm_cortexm4_tiva_ce_Boot_init__I)
                  0000c524    0000000c     drivers_tivaware.aem4f : RingBuf.oem4f (.text:RingBuf_peek)
                  0000c530    0000000c     driverlib.lib : uart.obj (.text:UARTFlowControlSet)
                  0000c53c    0000000c     drivers_tivaware.aem4f : UARTTiva.oem4f (.text:UARTTiva_init)
                  0000c548    0000000c     TskIr.obj (.text:_ZN5TskIr11adcReadCodeEv)
                  0000c554    00000004     --HOLE-- [fill = 0]
                  0000c558    0000000c     sysbios.aem4f : BIOS.obj (.text:ti_sysbios_family_arm_lm4_Timer_getMaxTicks__E)
                  0000c564    00000004     --HOLE-- [fill = 0]
                  0000c568    0000000c                   : BIOS.obj (.text:ti_sysbios_family_arm_lm4_TimestampProvider_startTimer__E)
                  0000c574    0000000c     empty_pem4f.oem4f (.text:ti_sysbios_family_arm_m3_Hwi_Params__init__S)
                  0000c580    0000000c     sysbios.aem4f : BIOS.obj (.text:ti_sysbios_family_arm_m3_Hwi_disableFxn__E)
                  0000c58c    00000004     --HOLE-- [fill = 0]
                  0000c590    0000000c                   : BIOS.obj (.text:ti_sysbios_family_arm_m3_TaskSupport_checkStack__E)
                  0000c59c    00000004     --HOLE-- [fill = 0]
                  0000c5a0    0000000c                   : BIOS.obj (.text:ti_sysbios_family_arm_m3_TaskSupport_getStackAlignment__E)
                  0000c5ac    00000004     --HOLE-- [fill = 0]
                  0000c5b0    0000000c                   : BIOS.obj (.text:ti_sysbios_gates_GateHwi_enter__E)
                  0000c5bc    0000000c     empty_pem4f.oem4f (.text:ti_sysbios_hal_Hwi_Params__init__S)
                  0000c5c8    0000000c     empty_pem4f.oem4f (.text:ti_sysbios_hal_Timer_Params__init__S)
                  0000c5d4    0000000c     empty_pem4f.oem4f (.text:ti_sysbios_knl_Clock_Params__init__S)
                  0000c5e0    0000000c     empty_pem4f.oem4f (.text:ti_sysbios_knl_Queue_Object__get__S)
                  0000c5ec    0000000c     empty_pem4f.oem4f (.text:ti_sysbios_knl_Semaphore_Params__init__S)
                  0000c5f8    0000000c     empty_pem4f.oem4f (.text:ti_sysbios_knl_Task_Params__init__S)
                  0000c604    00000004     --HOLE-- [fill = 0]
                  0000c608    0000000c     sysbios.aem4f : BIOS.obj (.text:ti_sysbios_utils_Load_taskRegHook__E)
                  0000c614    0000000c     ti.targets.arm.rtsarm.aem4f : Error.oem4f (.text:xdc_runtime_Error_init__E)
                  0000c620    0000000c                                 : Gate.oem4f (.text:xdc_runtime_Gate_enterSystem__E)
                  0000c62c    0000000c                                 : Memory.oem4f (.text:xdc_runtime_Memory_calloc__E)
                  0000c638    0000000c                                 : Memory.oem4f (.text:xdc_runtime_Memory_getMaxDefaultTypeAlign__E)
                  0000c644    0000000a     driverlib.lib : i2c.obj (.text:I2CMasterDisable)
                  0000c64e    0000000a                   : i2c.obj (.text:I2CMasterEnable)
                  0000c658    0000000a     drivers_tivaware.aem4f : I2CTiva.oem4f (.text:I2CTiva_init)
                  0000c662    0000000a     driverlib.lib : uart.obj (.text:UARTCharGet)
                  0000c66c    0000000a                   : uart.obj (.text:UARTCharPut)
                  0000c676    0000000a                   : uart.obj (.text:UARTIntDisable)
                  0000c680    0000000a                   : uart.obj (.text:UARTIntStatus)
                  0000c68a    0000000a     drivers_tivaware.aem4f : UART.oem4f (.text:UART_write)
                  0000c694    0000000a     TskAction.obj (.text:_ZN9TskAction4idleEv)
                  0000c69e    00000002     --HOLE-- [fill = 0]
                  0000c6a0    0000000a     sysbios.aem4f : BIOS.obj (.text:ti_sysbios_hal_Hwi_Instance_finalize__E)
                  0000c6aa    00000006     driverlib.lib : i2c.obj (.text:I2CMasterIntEnable)
                  0000c6b0    0000000a     sysbios.aem4f : BIOS.obj (.text:ti_sysbios_hal_Timer_Instance_finalize__E)
                  0000c6ba    0000000a     empty_pem4f.oem4f (.text:xdc_runtime_IHeap_alloc)
                  0000c6c4    0000000a     empty_pem4f.oem4f (.text:xdc_runtime_IHeap_free)
                  0000c6ce    00000008     driverlib.lib : i2c.obj (.text:I2CMasterIntClear)
                  0000c6d6    00000008                   : i2c.obj (.text:I2CMasterSlaveAddrSet)
                  0000c6de    00000008     drivers_tivaware.aem4f : I2CTiva.oem4f (.text:I2CTiva_blockingCallback)
                  0000c6e6    00000008     driverlib.lib : uart.obj (.text:UARTIntEnable)
                  0000c6ee    00000008                   : uart.obj (.text:UARTRxErrorGet)
                  0000c6f6    00000008     drivers_tivaware.aem4f : UARTTiva.oem4f (.text:readSemCallback)
                  0000c6fe    00000008     sysbios.aem4f : BIOS.obj (.text:ti_sysbios_family_arm_lm4_Timer_masterDisable__I)
                  0000c706    00000002     --HOLE-- [fill = 0]
                  0000c708    00000008                   : BIOS.obj (.text:ti_sysbios_family_arm_m3_Hwi_doSwiRestore__I)
                  0000c710    00000008                   : BIOS.obj (.text:ti_sysbios_family_arm_m3_Hwi_startup__E)
                  0000c718    00000008     drivers_tivaware.aem4f : UARTTiva.oem4f (.text:writeSemCallback)
                  0000c720    00000006                            : I2CTiva.oem4f (.text:I2CTiva_control)
                  0000c726    00000006     driverlib.lib : uart.obj (.text:UARTFIFOLevelSet)
                  0000c72c    00000006                   : uart.obj (.text:UARTRxErrorClear)
                  0000c732    00000006     rtsv7M4_T_le_v4SPD16_eabi.lib : copy_decompress_rle.obj (.text:decompress:rle24)
                  0000c738    00000006     Boot.aem4f : Boot_sysctl.oem4f (.text:ti_catalog_arm_cortexm4_tiva_ce_Boot_sysCtlDelayI__I)
                  0000c73e    00000002     --HOLE-- [fill = 0]
                  0000c740    00000006     sysbios.aem4f : BIOS.obj (.text:ti_sysbios_family_arm_lm4_TimestampProvider_Module_startup__E)
                  0000c746    00000002     --HOLE-- [fill = 0]
                  0000c748    00000006                   : BIOS.obj (.text:ti_sysbios_family_arm_m3_Hwi_doTaskRestore__I)
                  0000c74e    00000002     --HOLE-- [fill = 0]
                  0000c750    00000006                   : BIOS.obj (.text:ti_sysbios_family_arm_m3_Hwi_restoreFxn__E)
                  0000c756    00000002     --HOLE-- [fill = 0]
                  0000c758    00000006                   : BIOS.obj (.text:ti_sysbios_gates_GateHwi_leave__E)
                  0000c75e    00000002     --HOLE-- [fill = 0]
                  0000c760    00000006                   : BIOS.obj (.text:ti_sysbios_hal_Timer_start__E)
                  0000c766    00000002     --HOLE-- [fill = 0]
                  0000c768    00000006                   : BIOS.obj (.text:ti_sysbios_heaps_HeapMem_isBlocking__E)
                  0000c76e    00000002     --HOLE-- [fill = 0]
                  0000c770    00000006                   : BIOS.obj (.text:ti_sysbios_knl_Clock_stop__E)
                  0000c776    00000002     --HOLE-- [fill = 0]
                  0000c778    00000006                   : BIOS.obj (.text:ti_sysbios_knl_Queue_Instance_init__E)
                  0000c77e    00000002     --HOLE-- [fill = 0]
                  0000c780    00000006                   : BIOS.obj (.text:ti_sysbios_knl_Swi_startup__E)
                  0000c786    00000006     ti.targets.arm.rtsarm.aem4f : System.oem4f (.text:xdc_runtime_System_Module_startup__E)
                  0000c78c    00000004     --HOLE-- [fill = 0]
                  0000c790    00000004     sysbios.aem4f : BIOS.obj (.text:ti_sysbios_family_arm_lm4_Timer_getPeriod__E)
                  0000c794    00000004     --HOLE-- [fill = 0]
                  0000c798    00000004                   : BIOS.obj (.text:ti_sysbios_gates_GateHwi_query__E)
                  0000c79c    00000004     --HOLE-- [fill = 0]
                  0000c7a0    00000004                   : BIOS.obj (.text:ti_sysbios_gates_GateMutex_query__E)
                  0000c7a4    00000004     --HOLE-- [fill = 0]
                  0000c7a8    00000004                   : BIOS.obj (.text:ti_sysbios_knl_Task_startup__E)
                  0000c7ac    00000004     --HOLE-- [fill = 0]
                  0000c7b0    00000002                   : BIOS.obj (.text:ti_sysbios_gates_GateHwi_Instance_init__E)
                  0000c7b2    00000006     --HOLE-- [fill = 0]
                  0000c7b8    00000002                   : BIOS.obj (.text:ti_sysbios_knl_Clock_logTick__E)

.const     0    0000c7bc    000024ac     
                  0000c7bc    00001970     empty_pem4f.oem4f (.const:xdc_runtime_Text_charTab__A)
                  0000e12c    00000101     rtsv7M4_T_le_v4SPD16_eabi.lib : ctype.obj (.const:.string:_ctypes_)
                  0000e22d    00000001     empty_pem4f.oem4f (.const:xdc_runtime_Error_policy__C)
                  0000e22e    000000d8     empty_pem4f.oem4f (.const:xdc_runtime_Text_nodeTab__A)
                  0000e306    00000002     empty_pem4f.oem4f (.const:ti_catalog_arm_cortexm4_tiva_ce_Boot_Module__id__C)
                  0000e308    00000090     driverlib.lib : gpio.obj (.const:g_pui32GPIOBaseAddrs)
                  0000e398    00000054     drivers_tivaware.aem4f : GPIOTiva.oem4f (.const:.string)
                  0000e3ec    0000004c                            : UARTTiva.oem4f (.const)
                  0000e438    00000048     empty_pem4f.oem4f (.const:.string)
                  0000e480    00000048     drivers_tivaware.aem4f : GPIOTiva.oem4f (.const:gpioBaseAddresses)
                  0000e4c8    0000003c     empty_pem4f.oem4f (.const:ti_sysbios_family_arm_lm4_Timer_Object__PARAMS__C)
                  0000e504    0000003c     empty_pem4f.oem4f (.const:ti_sysbios_knl_Task_Object__PARAMS__C)
                  0000e540    00000034     empty_pem4f.oem4f (.const:ti_sysbios_knl_Mailbox_Object__PARAMS__C)
                  0000e574    00000030     empty_pem4f.oem4f (.const:ti_sysbios_family_arm_m3_Hwi_Object__PARAMS__C)
                  0000e5a4    00000030     empty_pem4f.oem4f (.const:ti_sysbios_hal_Timer_Object__PARAMS__C)
                  0000e5d4    0000002c     empty_pem4f.oem4f (.const:ti_sysbios_hal_Hwi_Object__PARAMS__C)
                  0000e600    0000002c     empty_pem4f.oem4f (.const:xdc_runtime_Startup_sfxnTab__A)
                  0000e62c    00000028     drivers_tivaware.aem4f : UARTTiva.oem4f (.const:UARTTiva_fxnTable)
                  0000e654    00000028     empty_pem4f.oem4f (.const:ti_sysbios_heaps_HeapMem_Module__FXNS__C)
                  0000e67c    00000024     drivers_tivaware.aem4f : UART.oem4f (.const:UART_defaultParams)
                  0000e6a0    00000024     empty_pem4f.oem4f (.const:ti_sysbios_gates_GateHwi_Module__FXNS__C)
                  0000e6c4    00000024     empty_pem4f.oem4f (.const:ti_sysbios_gates_GateMutex_Module__FXNS__C)
                  0000e6e8    00000024     empty_pem4f.oem4f (.const:ti_sysbios_heaps_HeapMem_Object__PARAMS__C)
                  0000e70c    00000024     empty_pem4f.oem4f (.const:ti_sysbios_knl_Clock_Object__PARAMS__C)
                  0000e730    00000024     empty_pem4f.oem4f (.const:ti_sysbios_knl_Semaphore_Object__PARAMS__C)
                  0000e754    00000020     empty_pem4f.oem4f (.const:ti_sysbios_family_arm_lm4_Timer_Object__DESC__C)
                  0000e774    00000020     empty_pem4f.oem4f (.const:ti_sysbios_family_arm_m3_Hwi_Object__DESC__C)
                  0000e794    00000020     empty_pem4f.oem4f (.const:ti_sysbios_gates_GateHwi_Object__DESC__C)
                  0000e7b4    00000020     empty_pem4f.oem4f (.const:ti_sysbios_gates_GateMutex_Object__DESC__C)
                  0000e7d4    00000020     empty_pem4f.oem4f (.const:ti_sysbios_hal_Hwi_Object__DESC__C)
                  0000e7f4    00000020     empty_pem4f.oem4f (.const:ti_sysbios_hal_Timer_Object__DESC__C)
                  0000e814    00000020     empty_pem4f.oem4f (.const:ti_sysbios_heaps_HeapMem_Object__DESC__C)
                  0000e834    00000020     empty_pem4f.oem4f (.const:ti_sysbios_knl_Clock_Object__DESC__C)
                  0000e854    00000020     empty_pem4f.oem4f (.const:ti_sysbios_knl_Mailbox_Object__DESC__C)
                  0000e874    00000020     empty_pem4f.oem4f (.const:ti_sysbios_knl_Queue_Object__DESC__C)
                  0000e894    00000020     empty_pem4f.oem4f (.const:ti_sysbios_knl_Semaphore_Object__DESC__C)
                  0000e8b4    00000020     empty_pem4f.oem4f (.const:ti_sysbios_knl_Task_Object__DESC__C)
                  0000e8d4    0000001c     drivers_tivaware.aem4f : I2CTiva.oem4f (.const)
                  0000e8f0    00000018     linemouse_chassis.obj (.const:I2C_config)
                  0000e908    00000018     linemouse_chassis.obj (.const:UART_config)
                  0000e920    00000018     TskIr.obj (.const:_ZN5TskIr5adcChE)
                  0000e938    00000018     empty_pem4f.oem4f (.const:ti_sysbios_gates_GateHwi_Object__PARAMS__C)
                  0000e950    00000018     empty_pem4f.oem4f (.const:ti_sysbios_gates_GateMutex_Object__PARAMS__C)
                  0000e968    00000018     empty_pem4f.oem4f (.const:ti_sysbios_knl_Queue_Object__PARAMS__C)
                  0000e980    00000018     empty_pem4f.oem4f (.const:ti_sysbios_knl_Task_hooks__A)
                  0000e998    00000018     linemouse_chassis.obj (.const:uartTivaHWAttrs)
                  0000e9b0    00000016     empty_pem4f.oem4f (.const:xdc_runtime_Startup_sfxnRts__A)
                  0000e9c6    00000002     empty_pem4f.oem4f (.const:ti_sysbios_family_arm_lm4_Timer_Module__id__C)
                  0000e9c8    00000014     linemouse_chassis.obj (.const:GPIOTiva_config)
                  0000e9dc    00000014     empty_pem4f.oem4f (.const:xdc_runtime_Startup_firstFxns__A)
                  0000e9f0    0000000c     linemouse_chassis.obj (.const:i2cTivaHWAttrs)
                  0000e9fc    00000008     empty_pem4f.oem4f (.const:ti_sysbios_family_arm_m3_Hwi_excHookFuncs__A)
                  0000ea04    00000008     empty_pem4f.oem4f (.const:ti_sysbios_knl_Idle_funcList__A)
                  0000ea0c    00000008     empty_pem4f.oem4f (.const:ti_sysbios_knl_Idle_funcList__C)
                  0000ea14    00000008     empty_pem4f.oem4f (.const:ti_sysbios_knl_Task_hooks__C)
                  0000ea1c    00000008     empty_pem4f.oem4f (.const:xdc_runtime_Startup_firstFxns__C)
                  0000ea24    00000008     empty_pem4f.oem4f (.const:xdc_runtime_Startup_lastFxns__C)
                  0000ea2c    00000004     empty_pem4f.oem4f (.const:ti_catalog_arm_cortexm4_tiva_ce_Boot_A_mustUseEnhancedClockMode__C)
                  0000ea30    00000004     empty_pem4f.oem4f (.const:ti_catalog_arm_cortexm4_tiva_ce_Boot_Module__diagsEnabled__C)
                  0000ea34    00000004     empty_pem4f.oem4f (.const:ti_catalog_arm_cortexm4_tiva_ce_Boot_Module__diagsIncluded__C)
                  0000ea38    00000004     empty_pem4f.oem4f (.const:ti_catalog_arm_cortexm4_tiva_ce_Boot_Module__diagsMask__C)
                  0000ea3c    00000004     empty_pem4f.oem4f (.const:ti_sysbios_family_arm_lm4_Timer_E_cannotSupport__C)
                  0000ea40    00000004     empty_pem4f.oem4f (.const:ti_sysbios_family_arm_lm4_Timer_E_invalidTimer__C)
                  0000ea44    00000004     empty_pem4f.oem4f (.const:ti_sysbios_family_arm_lm4_Timer_E_noaltclk__C)
                  0000ea48    00000004     empty_pem4f.oem4f (.const:ti_sysbios_family_arm_lm4_Timer_E_notAvailable__C)
                  0000ea4c    00000004     empty_pem4f.oem4f (.const:ti_sysbios_family_arm_lm4_Timer_anyMask__C)
                  0000ea50    00000004     empty_pem4f.oem4f (.const:ti_sysbios_family_arm_lm4_Timer_disableFunc__C)
                  0000ea54    00000004     empty_pem4f.oem4f (.const:ti_sysbios_family_arm_lm4_Timer_enableFunc__C)
                  0000ea58    00000004     empty_pem4f.oem4f (.const:ti_sysbios_family_arm_lm4_Timer_numTimerDevices__C)
                  0000ea5c    00000004     empty_pem4f.oem4f (.const:ti_sysbios_family_arm_lm4_Timer_startupNeeded__C)
                  0000ea60    00000004     empty_pem4f.oem4f (.const:ti_sysbios_family_arm_m3_Hwi_E_NMI__C)
                  0000ea64    00000004     empty_pem4f.oem4f (.const:ti_sysbios_family_arm_m3_Hwi_E_alreadyDefined__C)
                  0000ea68    00000004     empty_pem4f.oem4f (.const:ti_sysbios_family_arm_m3_Hwi_E_busFault__C)
                  0000ea6c    00000004     empty_pem4f.oem4f (.const:ti_sysbios_family_arm_m3_Hwi_E_debugMon__C)
                  0000ea70    00000004     empty_pem4f.oem4f (.const:ti_sysbios_family_arm_m3_Hwi_E_hardFault__C)
                  0000ea74    00000004     empty_pem4f.oem4f (.const:ti_sysbios_family_arm_m3_Hwi_E_memFault__C)
                  0000ea78    00000004     empty_pem4f.oem4f (.const:ti_sysbios_family_arm_m3_Hwi_E_noIsr__C)
                  0000ea7c    00000004     empty_pem4f.oem4f (.const:ti_sysbios_family_arm_m3_Hwi_E_reserved__C)
                  0000ea80    00000004     empty_pem4f.oem4f (.const:ti_sysbios_family_arm_m3_Hwi_E_svCall__C)
                  0000ea84    00000004     empty_pem4f.oem4f (.const:ti_sysbios_family_arm_m3_Hwi_E_usageFault__C)
                  0000ea88    00000004     empty_pem4f.oem4f (.const:ti_sysbios_family_arm_m3_Hwi_NUM_INTERRUPTS__C)
                  0000ea8c    00000004     empty_pem4f.oem4f (.const:ti_sysbios_family_arm_m3_Hwi_Object__count__C)
                  0000ea90    00000004     empty_pem4f.oem4f (.const:ti_sysbios_family_arm_m3_Hwi_ccr__C)
                  0000ea94    00000004     empty_pem4f.oem4f (.const:ti_sysbios_family_arm_m3_Hwi_excHandlerFunc__C)
                  0000ea98    00000004     empty_pem4f.oem4f (.const:ti_sysbios_family_arm_m3_Hwi_excHookFuncs__C)
                  0000ea9c    00000004     empty_pem4f.oem4f (.const:ti_sysbios_family_arm_m3_Hwi_nullIsrFunc__C)
                  0000eaa0    00000004     empty_pem4f.oem4f (.const:ti_sysbios_family_arm_m3_Hwi_priGroup__C)
                  0000eaa4    00000004     empty_pem4f.oem4f (.const:ti_sysbios_family_arm_m3_TaskSupport_stackAlignment__C)
                  0000eaa8    00000004     empty_pem4f.oem4f (.const:ti_sysbios_gates_GateMutex_A_badContext__C)
                  0000eaac    00000004     empty_pem4f.oem4f (.const:ti_sysbios_gates_GateMutex_Instance_State_sem__O)
                  0000eab0    00000004     empty_pem4f.oem4f (.const:ti_sysbios_gates_GateMutex_Module__diagsEnabled__C)
                  0000eab4    00000004     empty_pem4f.oem4f (.const:ti_sysbios_gates_GateMutex_Module__diagsIncluded__C)
                  0000eab8    00000004     empty_pem4f.oem4f (.const:ti_sysbios_gates_GateMutex_Module__diagsMask__C)
                  0000eabc    00000004     empty_pem4f.oem4f (.const:ti_sysbios_hal_Hwi_E_stackOverflow__C)
                  0000eac0    00000004     empty_pem4f.oem4f (.const:ti_sysbios_heaps_HeapMem_A_align__C)
                  0000eac4    00000004     empty_pem4f.oem4f (.const:ti_sysbios_heaps_HeapMem_A_heapSize__C)
                  0000eac8    00000004     empty_pem4f.oem4f (.const:ti_sysbios_heaps_HeapMem_A_invalidFree__C)
                  0000eacc    00000004     empty_pem4f.oem4f (.const:ti_sysbios_heaps_HeapMem_A_zeroBlock__C)
                  0000ead0    00000004     empty_pem4f.oem4f (.const:ti_sysbios_heaps_HeapMem_E_memory__C)
                  0000ead4    00000004     empty_pem4f.oem4f (.const:ti_sysbios_heaps_HeapMem_Module__diagsEnabled__C)
                  0000ead8    00000004     empty_pem4f.oem4f (.const:ti_sysbios_heaps_HeapMem_Module__diagsIncluded__C)
                  0000eadc    00000004     empty_pem4f.oem4f (.const:ti_sysbios_heaps_HeapMem_Module__diagsMask__C)
                  0000eae0    00000004     empty_pem4f.oem4f (.const:ti_sysbios_heaps_HeapMem_Module__gateObj__C)
                  0000eae4    00000004     empty_pem4f.oem4f (.const:ti_sysbios_heaps_HeapMem_Object__count__C)
                  0000eae8    00000004     empty_pem4f.oem4f (.const:ti_sysbios_heaps_HeapMem_reqAlign__C)
                  0000eaec    00000004     empty_pem4f.oem4f (.const:ti_sysbios_knl_Clock_A_badThreadType__C)
                  0000eaf0    00000004     empty_pem4f.oem4f (.const:ti_sysbios_knl_Clock_Module_State_clockQ__O)
                  0000eaf4    00000004     empty_pem4f.oem4f (.const:ti_sysbios_knl_Clock_Module__diagsEnabled__C)
                  0000eaf8    00000004     empty_pem4f.oem4f (.const:ti_sysbios_knl_Clock_Module__diagsIncluded__C)
                  0000eafc    00000004     empty_pem4f.oem4f (.const:ti_sysbios_knl_Clock_Module__diagsMask__C)
                  0000eb00    00000004     empty_pem4f.oem4f (.const:ti_sysbios_knl_Mailbox_A_invalidBufSize__C)
                  0000eb04    00000004     empty_pem4f.oem4f (.const:ti_sysbios_knl_Mailbox_Instance_State_dataQue__O)
                  0000eb08    00000004     empty_pem4f.oem4f (.const:ti_sysbios_knl_Mailbox_Instance_State_dataSem__O)
                  0000eb0c    00000004     empty_pem4f.oem4f (.const:ti_sysbios_knl_Mailbox_Instance_State_freeQue__O)
                  0000eb10    00000004     empty_pem4f.oem4f (.const:ti_sysbios_knl_Mailbox_Instance_State_freeSem__O)
                  0000eb14    00000004     empty_pem4f.oem4f (.const:ti_sysbios_knl_Mailbox_Module__diagsEnabled__C)
                  0000eb18    00000004     empty_pem4f.oem4f (.const:ti_sysbios_knl_Mailbox_Module__diagsIncluded__C)
                  0000eb1c    00000004     empty_pem4f.oem4f (.const:ti_sysbios_knl_Mailbox_Module__diagsMask__C)
                  0000eb20    00000004     empty_pem4f.oem4f (.const:ti_sysbios_knl_Mailbox_Object__count__C)
                  0000eb24    00000004     empty_pem4f.oem4f (.const:ti_sysbios_knl_Mailbox_maxTypeAlign__C)
                  0000eb28    00000004     empty_pem4f.oem4f (.const:ti_sysbios_knl_Semaphore_A_badContext__C)
                  0000eb2c    00000004     empty_pem4f.oem4f (.const:ti_sysbios_knl_Semaphore_A_noEvents__C)
                  0000eb30    00000004     empty_pem4f.oem4f (.const:ti_sysbios_knl_Semaphore_A_overflow__C)
                  0000eb34    00000004     empty_pem4f.oem4f (.const:ti_sysbios_knl_Semaphore_A_pendTaskDisabled__C)
                  0000eb38    00000004     empty_pem4f.oem4f (.const:ti_sysbios_knl_Semaphore_Instance_State_pendQ__O)
                  0000eb3c    00000004     empty_pem4f.oem4f (.const:ti_sysbios_knl_Semaphore_Module__diagsEnabled__C)
                  0000eb40    00000004     empty_pem4f.oem4f (.const:ti_sysbios_knl_Semaphore_Module__diagsIncluded__C)
                  0000eb44    00000004     empty_pem4f.oem4f (.const:ti_sysbios_knl_Semaphore_Module__diagsMask__C)
                  0000eb48    00000004     empty_pem4f.oem4f (.const:ti_sysbios_knl_Swi_Object__count__C)
                  0000eb4c    00000004     empty_pem4f.oem4f (.const:ti_sysbios_knl_Task_A_badPriority__C)
                  0000eb50    00000004     empty_pem4f.oem4f (.const:ti_sysbios_knl_Task_A_badTaskState__C)
                  0000eb54    00000004     empty_pem4f.oem4f (.const:ti_sysbios_knl_Task_A_badThreadType__C)
                  0000eb58    00000004     empty_pem4f.oem4f (.const:ti_sysbios_knl_Task_A_badTimeout__C)
                  0000eb5c    00000004     empty_pem4f.oem4f (.const:ti_sysbios_knl_Task_A_noPendElem__C)
                  0000eb60    00000004     empty_pem4f.oem4f (.const:ti_sysbios_knl_Task_A_sleepTaskDisabled__C)
                  0000eb64    00000004     empty_pem4f.oem4f (.const:ti_sysbios_knl_Task_E_spOutOfBounds__C)
                  0000eb68    00000004     empty_pem4f.oem4f (.const:ti_sysbios_knl_Task_E_stackOverflow__C)
                  0000eb6c    00000004     empty_pem4f.oem4f (.const:ti_sysbios_knl_Task_Module_State_inactiveQ__O)
                  0000eb70    00000004     empty_pem4f.oem4f (.const:ti_sysbios_knl_Task_Module__diagsEnabled__C)
                  0000eb74    00000004     empty_pem4f.oem4f (.const:ti_sysbios_knl_Task_Module__diagsIncluded__C)
                  0000eb78    00000004     empty_pem4f.oem4f (.const:ti_sysbios_knl_Task_Module__diagsMask__C)
                  0000eb7c    00000004     empty_pem4f.oem4f (.const:ti_sysbios_knl_Task_Object__count__C)
                  0000eb80    00000004     empty_pem4f.oem4f (.const:ti_sysbios_knl_Task_Object__heap__C)
                  0000eb84    00000004     empty_pem4f.oem4f (.const:ti_sysbios_knl_Task_allBlockedFunc__C)
                  0000eb88    00000004     empty_pem4f.oem4f (.const:ti_sysbios_knl_Task_defaultStackHeap__C)
                  0000eb8c    00000004     empty_pem4f.oem4f (.const:ti_sysbios_knl_Task_defaultStackSize__C)
                  0000eb90    00000004     empty_pem4f.oem4f (.const:ti_sysbios_knl_Task_numConstructedTasks__C)
                  0000eb94    00000004     empty_pem4f.oem4f (.const:ti_sysbios_utils_Load_Module_State_taskList__O)
                  0000eb98    00000004     empty_pem4f.oem4f (.const:ti_sysbios_utils_Load_Module__diagsEnabled__C)
                  0000eb9c    00000004     empty_pem4f.oem4f (.const:ti_sysbios_utils_Load_Module__diagsIncluded__C)
                  0000eba0    00000004     empty_pem4f.oem4f (.const:ti_sysbios_utils_Load_Module__diagsMask__C)
                  0000eba4    00000004     empty_pem4f.oem4f (.const:ti_sysbios_utils_Load_postUpdate__C)
                  0000eba8    00000004     empty_pem4f.oem4f (.const:ti_sysbios_utils_Load_windowInMs__C)
                  0000ebac    00000004     empty_pem4f.oem4f (.const:xdc_runtime_Assert_E_assertFailed__C)
                  0000ebb0    00000004     empty_pem4f.oem4f (.const:xdc_runtime_Core_A_initializedParams__C)
                  0000ebb4    00000004     empty_pem4f.oem4f (.const:xdc_runtime_Core_Module__diagsEnabled__C)
                  0000ebb8    00000004     empty_pem4f.oem4f (.const:xdc_runtime_Core_Module__diagsIncluded__C)
                  0000ebbc    00000004     empty_pem4f.oem4f (.const:xdc_runtime_Core_Module__diagsMask__C)
                  0000ebc0    00000004     empty_pem4f.oem4f (.const:xdc_runtime_Error_E_memory__C)
                  0000ebc4    00000004     empty_pem4f.oem4f (.const:xdc_runtime_Error_Module__diagsEnabled__C)
                  0000ebc8    00000004     empty_pem4f.oem4f (.const:xdc_runtime_Error_Module__diagsIncluded__C)
                  0000ebcc    00000004     empty_pem4f.oem4f (.const:xdc_runtime_Error_Module__diagsMask__C)
                  0000ebd0    00000004     empty_pem4f.oem4f (.const:xdc_runtime_Error_Module__loggerFxn8__C)
                  0000ebd4    00000004     empty_pem4f.oem4f (.const:xdc_runtime_Error_Module__loggerObj__C)
                  0000ebd8    00000004     empty_pem4f.oem4f (.const:xdc_runtime_Error_policyFxn__C)
                  0000ebdc    00000004     empty_pem4f.oem4f (.const:xdc_runtime_Error_raiseHook__C)
                  0000ebe0    00000004     empty_pem4f.oem4f (.const:xdc_runtime_IGateProvider_Interface__BASE__C)
                  0000ebe4    00000004     empty_pem4f.oem4f (.const:xdc_runtime_IHeap_Interface__BASE__C)
                  0000ebe8    00000004     empty_pem4f.oem4f (.const:xdc_runtime_IModule_Interface__BASE__C)
                  0000ebec    00000004     empty_pem4f.oem4f (.const:xdc_runtime_Log_L_error__C)
                  0000ebf0    00000004     empty_pem4f.oem4f (.const:xdc_runtime_Memory_defaultHeapInstance__C)
                  0000ebf4    00000004     empty_pem4f.oem4f (.const:xdc_runtime_Startup_execImpl__C)
                  0000ebf8    00000004     empty_pem4f.oem4f (.const:xdc_runtime_Startup_lastFxns__A)
                  0000ebfc    00000004     empty_pem4f.oem4f (.const:xdc_runtime_Startup_maxPasses__C)
                  0000ec00    00000004     empty_pem4f.oem4f (.const:xdc_runtime_Startup_sfxnRts__C)
                  0000ec04    00000004     empty_pem4f.oem4f (.const:xdc_runtime_Startup_sfxnTab__C)
                  0000ec08    00000004     empty_pem4f.oem4f (.const:xdc_runtime_SysMin_bufSize__C)
                  0000ec0c    00000004     empty_pem4f.oem4f (.const:xdc_runtime_SysMin_outputFunc__C)
                  0000ec10    00000004     empty_pem4f.oem4f (.const:xdc_runtime_System_Module__gateObj__C)
                  0000ec14    00000004     empty_pem4f.oem4f (.const:xdc_runtime_System_abortFxn__C)
                  0000ec18    00000004     empty_pem4f.oem4f (.const:xdc_runtime_System_exitFxn__C)
                  0000ec1c    00000004     empty_pem4f.oem4f (.const:xdc_runtime_System_extendFxn__C)
                  0000ec20    00000004     empty_pem4f.oem4f (.const:xdc_runtime_System_maxAtexitHandlers__C)
                  0000ec24    00000004     empty_pem4f.oem4f (.const:xdc_runtime_Text_charTab__C)
                  0000ec28    00000004     empty_pem4f.oem4f (.const:xdc_runtime_Text_nameEmpty__C)
                  0000ec2c    00000004     empty_pem4f.oem4f (.const:xdc_runtime_Text_nameStatic__C)
[...]
0000ea9c  ti_sysbios_family_arm_m3_Hwi_nullIsrFunc__C                       
0000eaa0  ti_sysbios_family_arm_m3_Hwi_priGroup__C                          
0000eaa4  ti_sysbios_family_arm_m3_TaskSupport_stackAlignment__C            
0000eaa8  ti_sysbios_gates_GateMutex_A_badContext__C                        
0000eaac  ti_sysbios_gates_GateMutex_Instance_State_sem__O                  
0000eab0  ti_sysbios_gates_GateMutex_Module__diagsEnabled__C                
0000eab4  ti_sysbios_gates_GateMutex_Module__diagsIncluded__C               
0000eab8  ti_sysbios_gates_GateMutex_Module__diagsMask__C                   
0000eabc  ti_sysbios_hal_Hwi_E_stackOverflow__C                             
0000eac0  ti_sysbios_heaps_HeapMem_A_align__C                               
0000eac4  ti_sysbios_heaps_HeapMem_A_heapSize__C                            
0000eac8  ti_sysbios_heaps_HeapMem_A_invalidFree__C                         
0000eacc  ti_sysbios_heaps_HeapMem_A_zeroBlock__C                           
0000ead0  ti_sysbios_heaps_HeapMem_E_memory__C                              
0000ead4  ti_sysbios_heaps_HeapMem_Module__diagsEnabled__C                  
0000ead8  ti_sysbios_heaps_HeapMem_Module__diagsIncluded__C                 
0000eadc  ti_sysbios_heaps_HeapMem_Module__diagsMask__C                     
0000eae0  ti_sysbios_heaps_HeapMem_Module__gateObj__C                       
0000eae4  ti_sysbios_heaps_HeapMem_Object__count__C                         
0000eae8  ti_sysbios_heaps_HeapMem_reqAlign__C                              
0000eaec  ti_sysbios_knl_Clock_A_badThreadType__C                           
0000eaf0  ti_sysbios_knl_Clock_Module_State_clockQ__O                       
0000eaf4  ti_sysbios_knl_Clock_Module__diagsEnabled__C                      
0000eaf8  ti_sysbios_knl_Clock_Module__diagsIncluded__C                     
0000eafc  ti_sysbios_knl_Clock_Module__diagsMask__C                         
0000eb00  ti_sysbios_knl_Mailbox_A_invalidBufSize__C                        
0000eb04  ti_sysbios_knl_Mailbox_Instance_State_dataQue__O                  
0000eb08  ti_sysbios_knl_Mailbox_Instance_State_dataSem__O                  
0000eb0c  ti_sysbios_knl_Mailbox_Instance_State_freeQue__O                  
0000eb10  ti_sysbios_knl_Mailbox_Instance_State_freeSem__O                  
0000eb14  ti_sysbios_knl_Mailbox_Module__diagsEnabled__C                    
0000eb18  ti_sysbios_knl_Mailbox_Module__diagsIncluded__C                   
0000eb1c  ti_sysbios_knl_Mailbox_Module__diagsMask__C                       
0000eb20  ti_sysbios_knl_Mailbox_Object__count__C                           
0000eb24  ti_sysbios_knl_Mailbox_maxTypeAlign__C                            
0000eb28  ti_sysbios_knl_Semaphore_A_badContext__C                          
0000eb2c  ti_sysbios_knl_Semaphore_A_noEvents__C                            
0000eb30  ti_sysbios_knl_Semaphore_A_overflow__C                            
0000eb34  ti_sysbios_knl_Semaphore_A_pendTaskDisabled__C                    
0000eb38  ti_sysbios_knl_Semaphore_Instance_State_pendQ__O                  
0000eb3c  ti_sysbios_knl_Semaphore_Module__diagsEnabled__C                  
0000eb40  ti_sysbios_knl_Semaphore_Module__diagsIncluded__C                 
0000eb44  ti_sysbios_knl_Semaphore_Module__diagsMask__C                     
0000eb48  ti_sysbios_knl_Swi_Object__count__C                               
0000eb4c  ti_sysbios_knl_Task_A_badPriority__C                              
0000eb50  ti_sysbios_knl_Task_A_badTaskState__C                             
0000eb54  ti_sysbios_knl_Task_A_badThreadType__C                            
0000eb58  ti_sysbios_knl_Task_A_badTimeout__C                               
0000eb5c  ti_sysbios_knl_Task_A_noPendElem__C                               
0000eb60  ti_sysbios_knl_Task_A_sleepTaskDisabled__C                        
0000eb64  ti_sysbios_knl_Task_E_spOutOfBounds__C                            
0000eb68  ti_sysbios_knl_Task_E_stackOverflow__C                            
0000eb6c  ti_sysbios_knl_Task_Module_State_inactiveQ__O                     
0000eb70  ti_sysbios_knl_Task_Module__diagsEnabled__C                       
0000eb74  ti_sysbios_knl_Task_Module__diagsIncluded__C                      
0000eb78  ti_sysbios_knl_Task_Module__diagsMask__C                          
0000eb7c  ti_sysbios_knl_Task_Object__count__C                              
0000eb80  ti_sysbios_knl_Task_Object__heap__C                               
0000eb84  ti_sysbios_knl_Task_allBlockedFunc__C                             
0000eb88  ti_sysbios_knl_Task_defaultStackHeap__C                           
0000eb8c  ti_sysbios_knl_Task_defaultStackSize__C                           
0000eb90  ti_sysbios_knl_Task_numConstructedTasks__C                        
0000eb94  ti_sysbios_utils_Load_Module_State_taskList__O                    
0000eb98  ti_sysbios_utils_Load_Module__diagsEnabled__C                     
0000eb9c  ti_sysbios_utils_Load_Module__diagsIncluded__C                    
0000eba0  ti_sysbios_utils_Load_Module__diagsMask__C                        
0000eba4  ti_sysbios_utils_Load_postUpdate__C                               
0000eba8  ti_sysbios_utils_Load_windowInMs__C                               
0000ebac  xdc_runtime_Assert_E_assertFailed__C                              
0000ebb0  xdc_runtime_Core_A_initializedParams__C                           
0000ebb4  xdc_runtime_Core_Module__diagsEnabled__C                          
0000ebb8  xdc_runtime_Core_Module__diagsIncluded__C                         
0000ebbc  xdc_runtime_Core_Module__diagsMask__C                             
0000ebc0  xdc_runtime_Error_E_memory__C                                     
0000ebc4  xdc_runtime_Error_Module__diagsEnabled__C                         
0000ebc8  xdc_runtime_Error_Module__diagsIncluded__C                        
0000ebcc  xdc_runtime_Error_Module__diagsMask__C                            
0000ebd0  xdc_runtime_Error_Module__loggerFxn8__C                           
0000ebd4  xdc_runtime_Error_Module__loggerObj__C                            
0000ebd8  xdc_runtime_Error_policyFxn__C                                    
0000ebdc  xdc_runtime_Error_raiseHook__C                                    
0000ebe0  xdc_runtime_IGateProvider_Interface__BASE__C                      
0000ebe4  xdc_runtime_IHeap_Interface__BASE__C                              
0000ebe8  xdc_runtime_IModule_Interface__BASE__C                            
0000ebec  xdc_runtime_Log_L_error__C                                        
0000ebf0  xdc_runtime_Memory_defaultHeapInstance__C                         
0000ebf4  xdc_runtime_Startup_execImpl__C                                   
0000ebf8  xdc_runtime_Startup_lastFxns__A                                   
0000ebfc  xdc_runtime_Startup_maxPasses__C                                  
0000ec00  xdc_runtime_Startup_sfxnRts__C                                    
0000ec04  xdc_runtime_Startup_sfxnTab__C                                    
0000ec08  xdc_runtime_SysMin_bufSize__C                                     
0000ec0c  xdc_runtime_SysMin_outputFunc__C                                  
0000ec10  xdc_runtime_System_Module__gateObj__C                             
0000ec14  xdc_runtime_System_abortFxn__C                                    
0000ec18  xdc_runtime_System_exitFxn__C                                     
0000ec1c  xdc_runtime_System_extendFxn__C                                   
0000ec20  xdc_runtime_System_maxAtexitHandlers__C                           
0000ec24  xdc_runtime_Text_charTab__C                                       
0000ec28  xdc_runtime_Text_nameEmpty__C                                     
0000ec2c  xdc_runtime_Text_nameStatic__C                                    
0000ec30  xdc_runtime_Text_nameUnknown__C                                   
0000ec34  xdc_runtime_Text_nodeTab__C                                       
0000ec38  xdc_runtime_Text_visitRopeFxn__C                                  
0000ec3c  ti_sysbios_family_arm_lm4_Timer_supportsAltclk__C                 
0000ec3e  ti_sysbios_family_arm_lm4_TimestampProvider_useClockTimer__C      
0000ec40  ti_sysbios_family_arm_m3_Hwi_Module__id__C                        
0000ec42  ti_sysbios_gates_GateMutex_Module__id__C                          
0000ec44  ti_sysbios_hal_Hwi_Module__id__C                                  
0000ec46  ti_sysbios_heaps_HeapMem_Module__id__C                            
0000ec48  ti_sysbios_knl_Clock_Module__id__C                                
0000ec4a  ti_sysbios_knl_Mailbox_Module__id__C                              
0000ec4c  ti_sysbios_knl_Semaphore_Module__id__C                            
0000ec4e  ti_sysbios_knl_Task_Module__id__C                                 
0000ec50  ti_sysbios_utils_Load_Module__id__C                               
0000ec52  ti_sysbios_utils_Load_autoAddTasks__C                             
0000ec54  ti_sysbios_utils_Load_updateInIdle__C                             
0000ec56  xdc_runtime_Core_Module__id__C                                    
0000ec58  xdc_runtime_Error_Module__loggerDefined__C                        
0000ec5a  xdc_runtime_Error_maxDepth__C                                     
0000ec5c  xdc_runtime_Memory_Module__id__C                                  
0000ec5e  xdc_runtime_SysMin_flushAtExit__C                                 
0000ec60  xdc_runtime_Text_charCnt__C                                       
0000ec62  xdc_runtime_Text_isLoaded__C                                      
0000ec64  xdc_runtime_Text_registryModsLastId__C                            
0000ec66  xdc_runtime_Text_unnamedModsLastId__C                             
0000ec68  __TI_static_base__                                                
0000f05c  __TI_Handler_Table_Base                                           
0000f064  __TI_CINIT_Base                                                   
0000f064  __TI_Handler_Table_Limit                                          
0000f07c  __TI_CINIT_Limit                                                  
20000000  ti_sysbios_family_arm_m3_Hwi_ramVectors                           
20000360  ti_sysbios_heaps_HeapMem_Instance_State_0_buf__A                  
20004360  _ZN6TskTop8databaseE                                              
20006a70  ti_sysbios_family_arm_m3_Hwi_dispatchTable                        
20006dd0  ti_sysbios_knl_Task_Instance_State_0_stack__A                     
20006fd0  __CIOBUF_                                                         
200070f0  uartTivaObjects                                                   
2000724c  i2cTivaObjects                                                    
200072cc  uartTivaRingBuffer                                                
2000734c  xdc_runtime_SysMin_Module_State_0_outbuf__A                       
200073cc  _ZN6TskTop6dbgStrE                                                
2000741c  _ZN6TskTop9tskParamsE                                             
20007458  _ZN9TskAction9tskParamsE                                          
20007494  _ZN5TskIr13irTimerParamsE                                         
200074c4  hwiQeiParams                                                      
200074f0  _ZN5TskIr8IrBinThsE                                               
20007508  _ZN9TskAction9desiresrcE                                          
20007518  _ZN5TskIr6IrBinsE                                                 
2000751e  _ZN5TskIr6IrBallE                                                 
2000751f  _ZN5TskIr8IrBorderE                                               
20007520  SemActTick                                                        
20007524  SemIrTick                                                         
20007528  SemMotTick                                                        
2000752c  _ZN5TskIr14SemIrAdcFinishE                                        
20007530  _ZN5TskIr3tskE                                                    
20007534  _ZN5TskIr6IrYawLE                                                 
20007538  _ZN5TskIr6IrYawRE                                                 
2000753c  _ZN5TskIr7irTimerE                                                
20007540  _ZN6TskTop3tskE                                                   
20007544  _ZN8TskMotor2AVE                                                  
20007548  _ZN8TskMotor2LVE                                                  
2000754c  _ZN8TskMotor3tskE                                                 
20007550  _ZN8TskMotor5MbCmdE                                               
20007554  _ZN8TskMotor6EncVelE                                              
20007558  _ZN8TskMotor6QMotorE                                              
2000755c  _ZN9TskAction3tskE                                                
20007560  _ZN9TskAction5MbCmdE                                              
20007564  _ZN9TskSolver3tskE                                                
20007568  _ZN9TskSolver5MbCmdE                                              
2000756c  dbgUart                                                           
20007574  hwiQeiHandle                                                      
20007578  semDbgUart                                                        
2000757c  ti_sysbios_knl_Task_Instance_State_0_hookEnv__A                   
20007580  _ZN5TskIr8IrNoLineE                                               
20007581  _ZN6TskTop4ModeE                                                  
20007584  ti_sysbios_utils_Load_Module__state__V                            
2000761c  ti_sysbios_family_arm_lm4_Timer_Object__table__V                  
2000769c  ti_sysbios_knl_Swi_Module_State_0_readyQ__A                       
2000771c  ti_sysbios_knl_Task_Module_State_0_readyQ__A                      
2000779c  ti_sysbios_knl_Task_Object__table__V                              
200077e8  ti_sysbios_knl_Task_Module__state__V                              
2000782c  ti_sysbios_gates_GateMutex_Object__table__V                       
20007864  ti_sysbios_family_arm_m3_Hwi_Module__state__V                     
20007898  ti_sysbios_family_arm_lm4_Timer_Module_State_0_device__A          
200078c8  ti_sysbios_family_arm_m3_Hwi_Object__table__V                     
200078f8  ti_sysbios_knl_Swi_Object__table__V                               
20007928  ti_sysbios_knl_Clock_Module__state__V                             
20007954  _ZN8TskMotor7EncRActE                                             
20007955  _ZN8TskMotor7EncLActE                                             
20007958  _ZN8TskMotor7EncRVelE                                             
2000795c  _ZN8TskMotor7EncLVelE                                             
20007960  _ZN8TskMotor11DistanceAccE                                        
20007964  _ZN8TskMotor12ServoPwmTestE                                       
20007968  _ZN8TskMotor12DistanceAccLE                                       
2000796c  _ZN8TskMotor12DistanceAccRE                                       
20007970  _ZN8TskMotor8CurrentVE                                            
20007974  _ZN8TskMotor6OmgAdjE                                              
20007978  _ZN8TskMotor11TemperatureE                                        
2000797c  _ZN8TskMotor12MotorEnabledE                                       
2000797d  _ZN8TskMotor13PwmtestEnableE                                      
2000797e  _ZN8TskMotor14Unit_rspEnableE                                     
20007980  ti_sysbios_BIOS_Module__state__V                                  
200079a4  ti_sysbios_knl_Swi_Module__state__V                               
200079c0  ti_sysbios_utils_Load_Module_State_0_taskEnv__A                   
200079dc  gpioPinConfigs                                                    
200079f4  ti_sysbios_family_arm_lm4_Timer_Module_State_0_handles__A         
20007a0c  ti_sysbios_heaps_HeapMem_Object__table__V                         
20007a24  __TI_cleanup_ptr                                                  
20007a28  __TI_dtors_ptr                                                    
20007a2c  __TI_enable_exit_profile_output                                   
20007a30  _ZN5TskIr6IrIntsE                                                 
20007a3c  ti_sysbios_family_arm_lm4_Timer_Module__state__V                  
20007a48  xdc_runtime_SysMin_Module__state__V                               
20007a54  _lock                                                             
20007a58  _unlock                                                           
20007a5c  gpioCallbackFunctions                                             
20007a64  ti_sysbios_family_arm_lm4_Timer_Module__root__V                   
20007a6c  ti_sysbios_family_arm_lm4_TimestampProvider_Module__state__V      
20007a74  ti_sysbios_family_arm_m3_Hwi_Module__root__V                      
20007a7c  ti_sysbios_gates_GateHwi_Module__root__V                          
20007a84  ti_sysbios_gates_GateMutex_Module__root__V                        
20007a8c  ti_sysbios_hal_Hwi_Module__root__V                                
20007a94  ti_sysbios_hal_Timer_Module__root__V                              
20007a9c  ti_sysbios_heaps_HeapMem_Module__root__V                          
20007aa4  ti_sysbios_knl_Clock_Module__root__V                              
20007aac  ti_sysbios_knl_Mailbox_Module__root__V                            
20007ab4  ti_sysbios_knl_Queue_Module__root__V                              
20007abc  ti_sysbios_knl_Semaphore_Module__root__V                          
20007ac4  ti_sysbios_knl_Task_Module__root__V                               
20007acc  xdc_runtime_Registry_Module__state__V                             
20007ad4  xdc_runtime_Startup_Module__state__V                              
20007adc  xdc_runtime_System_Module_State_0_atexitHandlers__A               
20007ae4  xdc_runtime_System_Module__state__V                               
20007aec  _ZN6TskTop7secreadE                                               
20007af0  _ZN6TskTop6LvtestE                                                
20007af1  _ZN6TskTop7ExecuteE                                               
20007af2  ti_sysbios_family_arm_m3_Hwi_Module_State_0_excActive__A          
20007afa  xdc_runtime_Error_Module__state__V                                
20007afc  _ZN5TskIr2chE                                                     
20007b08  errno                                                             
20007b0c  main_func_sp                                                      
20007b10  _new_handler                                                      
20007b14  ti_sysbios_family_arm_m3_Hwi_Module_State_0_excContext__A         
20007b18  ti_sysbios_family_arm_m3_Hwi_Module_State_0_excStack__A           
20007b1c  ti_sysbios_gates_GateHwi_Object__table__V                         
20007b20  ti_sysbios_knl_Task_Module_State_0_idleTask__A                    
20007b24  ti_sysbios_utils_Load_Module_State_0_runningTask__A               
20007b28  ti_sysbios_utils_Load_Module_State_0_taskStartTime__A             
20007b2c  xdc_runtime_Memory_Module__state__V                               
20007b30  __stack                                                           
20007f30  __STACK_END                                                       
e000e000  ti_sysbios_family_arm_m3_Hwi_nvic                                 
ffffffff  __TI_pprof_out_hndl                                               
ffffffff  __TI_prof_data_size                                               
ffffffff  __TI_prof_data_start                                              
ffffffff  __binit__                                                         
ffffffff  __c_args__                                                        
ffffffff  binit                                                             

[906 symbols]
