******************************************************************************
                  TI ARM Linker PC v15.12.3                    
******************************************************************************
>> Linked Thu Nov 02 23:53:57 2017

OUTPUT FILE NAME:   <LineMouse_KS.out>
ENTRY POINT SYMBOL: "_c_int00"  address: 00009b29


MEMORY CONFIGURATION

         name            origin    length      used     unused   attr    fill
----------------------  --------  ---------  --------  --------  ----  --------
  FLASH                 00000000   00040000  0000f072  00030f8e  R  X
  SRAM                  20000000   00008000  00007f2e  000000d2  RW X


SEGMENT ALLOCATION MAP

run origin  load origin   length   init length attrs members
----------  ----------- ---------- ----------- ----- -------
00000000    00000000    0000f074   0000f074    r-x
  00000000    00000000    0000003c   0000003c    r-- .resetVecs
  0000003c    0000003c    00000004   00000004    r-- .init_array
  00000040    00000040    0000c772   0000c772    r-x .text
  0000c7b4    0000c7b4    000024ac   000024ac    r-- .const
  0000ec60    0000ec60    00000414   00000414    r-- .cinit
20000000    20000000    00007f30   00000000    rw-
  20000000    20000000    00000360   00000000    rw- .vecs
  20000360    20000360    00007222   00000000    rw- .bss
  20007584    20007584    000005ac   00000000    rw- .data
  20007b30    20007b30    00000400   00000000    rw- .stack


SECTION ALLOCATION MAP

 output                                  attributes/
section   page    origin      length       input sections
--------  ----  ----------  ----------   ----------------
.init_array 
*          0    0000003c    00000004     
                  0000003c    00000004     TskAction.obj (.init_array)

.text      0    00000040    0000c772     
                  00000040    00001110     rtsv7M4_T_le_v4SPD16_eabi.lib : _printfi.obj (.text)
                  00001150    00000430     sysbios.aem4f : BIOS.obj (.text:ti_sysbios_family_arm_m3_Hwi_excDumpRegs__I)
                  00001580    000003b4     TskMotor.obj (.text:_ZN8TskMotor4taskEjj)
                  00001934    0000034c     ti.targets.arm.rtsarm.aem4f : System.oem4f (.text:xdc_runtime_System_doPrint__I)
                  00001c80    00000324     rtsv7M4_T_le_v4SPD16_eabi.lib : trgdrv.obj (.text)
                  00001fa4    00000004     driverlib.lib : i2c.obj (.text:I2CMasterControl)
                  00001fa8    000002ac     sysbios.aem4f : BIOS.obj (.text:ti_sysbios_knl_Semaphore_pend__E)
                  00002254    00000004     driverlib.lib : i2c.obj (.text:I2CMasterDataGet)
                  00002258    00000274     sysbios.aem4f : BIOS.obj (.text:ti_sysbios_knl_Task_Instance_finalize__E)
                  000024cc    00000004     driverlib.lib : i2c.obj (.text:I2CMasterDataPut)
                  000024d0    00000254     sysbios.aem4f : BIOS.obj (.text:ti_sysbios_heaps_HeapMem_free__E)
                  00002724    00000004     driverlib.lib : uart.obj (.text:UARTIntClear)
                  00002728    00000248     sysbios.aem4f : BIOS.obj (.text:ti_sysbios_heaps_HeapMem_alloc__E)
                  00002970    0000021c                   : BIOS.obj (.text:ti_sysbios_family_arm_lm4_Timer_Instance_init__E)
                  00002b8c    00000210     TskAction.obj (.text:_ZN9TskAction12ActionSelectEPNS_7ActType6ActionEh)
                  00002d9c    0000020c     drivers_tivaware.aem4f : UARTTiva.oem4f (.text:UARTTiva_open)
                  00002fa8    000001fc     sysbios.aem4f : BIOS.obj (.text:ti_sysbios_family_arm_m3_Hwi_excHandlerMax__I)
                  000031a4    000001f4     WheelEnc.obj (.text:_Z12WheelEncInitv)
                  00003398    000001f4     rtsv7M4_T_le_v4SPD16_eabi.lib : ull_div_t2.obj (.text)
                  0000358c    00000004     empty_pem4f.oem4f (.text:ti_sysbios_BIOS_RtsGateProxy_enter__E)
                  00003590    000001f4     sysbios.aem4f : BIOS.obj (.text:ti_sysbios_knl_Task_Instance_init__E)
                  00003784    00000004     empty_pem4f.oem4f (.text:ti_sysbios_BIOS_RtsGateProxy_leave__E)
                  00003788    000001d4     sysbios.aem4f : BIOS.obj (.text:ti_sysbios_knl_Task_sleep__E)
                  0000395c    000001d1     TskTop.obj (.text:_ZN6TskTop8modeNameENS_9MouseMode8ModeTypeEPc)
                  00003b2d    00000001     --HOLE-- [fill = 0]
                  00003b2e    00000002     rtsv7M4_T_le_v4SPD16_eabi.lib : i_div0.obj (.text)
                  00003b30    000001bc     TskIr.obj (.text:_ZN5TskIr9irDetInitEv)
                  00003cec    000001b6     rtsv7M4_T_le_v4SPD16_eabi.lib : fd_add_t2.obj (.text)
                  00003ea2    00000002                                   : newhandler.obj (.text)
                  00003ea4    000001a4     TskTop.obj (.text:_ZN6TskTop4taskEjj)
                  00004048    00000190     TskAction.obj (.text:_ZN9TskAction4BackEf)
                  000041d8    00000174     sysbios.aem4f : BIOS.obj (.text:ti_sysbios_family_arm_m3_Hwi_excBusFault__I)
                  0000434c    00000168     TskAction.obj (.text:_ZN9TskAction12Enqueue_turnEfb)
                  000044b4    00000164     TskAction.obj (.text:_ZN9TskAction7ForwardEffbbb)
                  00004618    00000164     sysbios.aem4f : BIOS.obj (.text:ti_sysbios_family_arm_m3_Hwi_excUsageFault__I)
                  0000477c    00000004                   : BIOS.obj (.text:ti_sysbios_family_arm_lm4_Timer_masterEnable__I)
                  00004780    00000160                   : BIOS.obj (.text:ti_sysbios_knl_Mailbox_Instance_init__E)
                  000048e0    00000154     Pid.obj (.text:_ZN3Pid4TickEf)
                  00004a34    00000150     drivers_tivaware.aem4f : GPIOTiva.oem4f (.text:GPIO_setConfig)
                  00004b84    00000004     empty_pem4f.oem4f (.text:ti_sysbios_family_arm_m3_Hwi_delete)
                  00004b88    00000148     sysbios.aem4f : BIOS.obj (.text:ti_sysbios_family_arm_m3_Hwi_excMemFault__I)
                  00004cd0    00000144     TskIr.obj (.text:_ZN5TskIr4taskEjj)
                  00004e14    00000140     TskTop.obj (.text:_ZN6TskTop12unit_rsptestEv)
                  00004f54    00000004     empty_pem4f.oem4f (.text:ti_sysbios_family_arm_m3_Hwi_destruct)
                  00004f58    0000013c     sysbios.aem4f : BIOS.obj (.text:ti_sysbios_heaps_HeapMem_Instance_init__E)
                  00005094    00000138     TskTop.obj (.text:_ZN6TskTop9irMonitorEv)
                  000051cc    00000136     rtsv7M4_T_le_v4SPD16_eabi.lib : fd_div_t2.obj (.text)
                  00005302    00000130     driverlib.lib : gpio.obj (.text:GPIOPadConfigSet)
                  00005432    00000006                   : gpio.obj (.text:GPIOIntClear)
                  00005438    0000011c     sysbios.aem4f : BIOS.obj (.text:ti_sysbios_knl_Clock_Instance_init__E)
                  00005554    00000118     ti.targets.arm.rtsarm.aem4f : Error.oem4f (.text:xdc_runtime_Error_policyDefault__E)
                  0000566c    00000114     TskAction.obj (.text:_ZN9TskAction5StartEfffb)
                  00005780    0000010c     MotorPwm.obj (.text:_Z12MotorPwmInitv)
                  0000588c    0000010c     TskAction.obj (.text:_ZN9TskAction11Enqueue_accEffff)
                  00005998    00000108     sysbios.aem4f : BIOS.obj (.text:ti_sysbios_family_arm_lm4_Timer_start__E)
                  00005aa0    00000100     Boot.aem4f : Boot_sysctl.oem4f (.text:ti_catalog_arm_cortexm4_tiva_ce_Boot_sysCtlClockSetI__I)
                  00005ba0    00000100     ti.targets.arm.rtsarm.aem4f : Core-mem.oem4f (.text:xdc_runtime_Core_createObject__I)
                  00005ca0    000000fc     rtsv7M4_T_le_v4SPD16_eabi.lib : fd_mul_t2.obj (.text)
                  00005d9c    000000fc                                   : s_scalbn.obj (.text)
                  00005e98    000000f8     sysbios.aem4f : BIOS.obj (.text:ti_sysbios_utils_Load_updateThreadContexts__E)
                  00005f90    000000f8     ti.targets.arm.rtsarm.aem4f : Startup.oem4f (.text:xdc_runtime_Startup_startMods__I)
                  00006088    000000f8     empty_pem4f.oem4f (.text:xdc_runtime_System_printfExtend__I)
                  00006180    000000f4     TskTop.obj (.text:_ZN6TskTop13encImuMonitorEv)
                  00006274    000000f4     sysbios.aem4f : m3_Hwi_asm.obj (.text:ti_sysbios_family_arm_m3_Hwi_dispatch__I)
                  00006368    000000f0     TskAction.obj (.text:_ZN9TskAction11ForwardBackEffbbb)
                  00006458    000000ec     sysbios.aem4f : BIOS.obj (.text:ti_sysbios_knl_Semaphore_post__E)
                  00006544    00000004     empty_pem4f.oem4f (.text:ti_sysbios_family_arm_m3_TaskSupport_Module__startupDone__S)
                  00006548    000000ec     sysbios.aem4f : BIOS.obj (.text:ti_sysbios_knl_Task_postInit__I)
                  00006634    000000e0     drivers_tivaware.aem4f : I2CTiva.oem4f (.text:I2CTiva_open)
                  00006714    00000004     empty_pem4f.oem4f (.text:ti_sysbios_hal_Hwi_HwiProxy_delete)
                  00006718    000000d8     sysbios.aem4f : BIOS.obj (.text:ti_sysbios_family_arm_lm4_TimestampProvider_get32__E)
                  000067f0    000000d6     drivers_tivaware.aem4f : I2CTiva.oem4f (.text:I2CTiva_hwiFxn)
                  000068c6    00000002     empty_pem4f.oem4f (.text:ti_sysbios_BIOS_nullFunc__I)
                  000068c8    000000d4     WheelEnc.obj (.text:_Z14WheelEncGetVelRVfS0_RViS2_)
                  0000699c    000000d2     TskAction.obj (.text:_ZN9TskAction11Go_for_ballEv)
                  00006a6e    000000d2     TskAction.obj (.text:_ZN9TskAction14take_back_ballEv)
                  00006b40    000000d0     TskSolver.obj (.text:_ZN9TskSolver4taskEjj)
                  00006c10    000000cc     DbgUart.obj (.text:_Z11InitDbgUartv)
                  00006cdc    000000cc     ti.targets.arm.rtsarm.aem4f : Core-smem.oem4f (.text:xdc_runtime_Core_constructObject__I)
                  00006da8    000000bc     sysbios.aem4f : BIOS.obj (.text:ti_sysbios_family_arm_m3_Hwi_excDebugMon__I)
                  00006e64    00000004     empty_pem4f.oem4f (.text:ti_sysbios_hal_Timer_TimerProxy_delete)
                  00006e68    000000bc     sysbios.aem4f : BIOS.obj (.text:ti_sysbios_family_arm_m3_Hwi_excHardFault__I)
                  00006f24    000000b4     TskAction.obj (.text:_ZN9TskAction7Turn180Effbb)
                  00006fd8    000000b4     sysbios.aem4f : BIOS.obj (.text:ti_sysbios_gates_GateMutex_enter__E)
                  0000708c    00000004     empty_pem4f.oem4f (.text:ti_sysbios_hal_Timer_TimerProxy_start__E)
                  00007090    000000b4     sysbios.aem4f : BIOS.obj (.text:ti_sysbios_knl_Task_checkStacks__E)
                  00007144    000000b0     TskMotor.obj (.text:_ZN8TskMotor4InitEv)
                  000071f4    00000004     empty_pem4f.oem4f (.text:ti_sysbios_heaps_HeapMem_Module_GateProxy_enter__E)
                  000071f8    000000b0     sysbios.aem4f : BIOS.obj (.text:ti_sysbios_utils_Load_idleFxn__E)
                  000072a8    000000ac     TskIr.obj (.text:_ZN5TskIr7irCalcsEv)
                  00007354    000000ac     drivers_tivaware.aem4f : UARTTiva.oem4f (.text:readTaskBlocking)
                  00007400    000000ac     sysbios.aem4f : BIOS.obj (.text:ti_sysbios_family_arm_lm4_Timer_enableTiva__I)
                  000074ac    000000a8     TskAction.obj (.text:_ZN9TskAction4taskEjj)
                  00007554    000000a4     MotorPwm.obj (.text:_Z15MotorPwmSetDutyss)
                  000075f8    000000a4     sysbios.aem4f : BIOS.obj (.text:ti_sysbios_knl_Clock_Instance_finalize__E)
                  0000769c    000000a0     TskAction.obj (.text:_ZN9TskAction4InitEv)
                  0000773c    000000a0     auto_init.aem4f : auto_init.oem4f (.text)
                  000077dc    000000a0     ti.targets.arm.rtsarm.aem4f : Text.oem4f (.text:xdc_runtime_Text_putMod__E)
                  0000787c    0000009c     TskAction.obj (.text:_ZN9TskAction6Turn90Effbb)
                  00007918    0000009c     rtsv7M4_T_le_v4SPD16_eabi.lib : memcpy_t2.obj (.text)
                  000079b4    00000004     empty_pem4f.oem4f (.text:ti_sysbios_heaps_HeapMem_Module_GateProxy_leave__E)
                  000079b8    0000009c     sysbios.aem4f : BIOS.obj (.text:ti_sysbios_knl_Semaphore_Instance_init__E)
                  00007a54    00000004     empty_pem4f.oem4f (.text:ti_sysbios_knl_Clock_TimerProxy_getMaxTicks__E)
                  00007a58    0000009c     sysbios.aem4f : BIOS.obj (.text:ti_sysbios_knl_Task_schedule__I)
                  00007af4    0000009a     ti.targets.arm.rtsarm.aem4f : Text.oem4f (.text:xdc_runtime_Text_putSite__E)
                  00007b8e    00000098     drivers_tivaware.aem4f : UARTTiva.oem4f (.text:UARTTiva_readPolling)
                  00007c26    00000002     empty_pem4f.oem4f (.text:xdc_runtime_Startup_reset__I)
                  00007c28    00000098     Boot.aem4f : Boot.oem4f (.text:ti_catalog_arm_cortexm4_tiva_ce_Boot_sysCtlClockSet__E)
                  00007cc0    00000094     drivers_tivaware.aem4f : UARTTiva.oem4f (.text:UARTTiva_write)
                  00007d54    00000094     TskTop.obj (.text:_ZN6TskTop7SetLedsENS_8LedColor4TypeES1_)
                  00007de8    00000094     sysbios.aem4f : BIOS.obj (.text:ti_sysbios_family_arm_m3_Hwi_Instance_init__E)
                  00007e7c    00000004     empty_pem4f.oem4f (.text:ti_sysbios_knl_Clock_TimerProxy_getPeriod__E)
                  00007e80    00000094     sysbios.aem4f : BIOS.obj (.text:ti_sysbios_family_arm_m3_Hwi_initNVIC__E)
                  00007f14    00000090     Pid.obj (.text:_ZN3PidC1Efffffff)
                  00007fa4    00000090     TskSolver.obj (.text:_ZN9TskSolver4InitEv)
                  00008034    00000004     empty_pem4f.oem4f (.text:ti_sysbios_knl_Clock_destruct)
                  00008038    00000090     sysbios.aem4f : BIOS.obj (.text:ti_sysbios_knl_Task_Module_startup__E)
                  000080c8    00000090                   : BIOS.obj (.text:ti_sysbios_knl_Task_exit__E)
                  00008158    00000090                   : BIOS.obj (.text:ti_sysbios_knl_Task_startCore__E)
                  000081e8    00000090                   : BIOS.obj (.text:ti_sysbios_utils_Load_startup__E)
                  00008278    0000008c     drivers_tivaware.aem4f : GPIOTiva.oem4f (.text:GPIO_init)
                  00008304    0000008c                            : UARTTiva.oem4f (.text:UARTTiva_control)
                  00008390    0000008c     sysbios.aem4f : BIOS.obj (.text:ti_sysbios_family_arm_lm4_Timer_enableTimers__I)
                  0000841c    0000008c                   : m3_TaskSupport_asm.obj (.text:ti_sysbios_family_arm_m3_TaskSupport_buildTaskStack)
                  000084a8    0000008c                   : BIOS.obj (.text:ti_sysbios_knl_Mailbox_pend__E)
                  00008534    0000008a     drivers_tivaware.aem4f : UARTTiva.oem4f (.text:readIsrTextBlocking)
                  000085be    00000002     --HOLE-- [fill = 0]
                  000085c0    00000088     sysbios.aem4f : BIOS.obj (.text:ti_sysbios_knl_Mailbox_post__E)
                  00008648    00000086     rtsv7M4_T_le_v4SPD16_eabi.lib : fd_cmp_t2.obj (.text:__aeabi_cdcmple)
                  000086ce    00000086                                   : fd_cmp_t2.obj (.text:__aeabi_cdrcmple)
                  00008754    00000004     empty_pem4f.oem4f (.text:ti_sysbios_knl_Queue_destruct)
                  00008758    00000084     sysbios.aem4f : BIOS.obj (.text:ti_sysbios_family_arm_m3_Hwi_postInit__I)
                  000087dc    00000004     empty_pem4f.oem4f (.text:ti_sysbios_knl_Semaphore_destruct)
                  000087e0    00000084     sysbios.aem4f : BIOS.obj (.text:ti_sysbios_utils_Load_updateLoads__E)
                  00008864    00000082     drivers_tivaware.aem4f : UARTTiva.oem4f (.text:readIsrTextCallback)
                  000088e6    00000002     --HOLE-- [fill = 0]
                  000088e8    00000080     rtsv7M4_T_le_v4SPD16_eabi.lib : s_floorf.obj (.text)
                  00008968    00000080     sysbios.aem4f : BIOS.obj (.text:ti_sysbios_family_arm_lm4_Timer_disableTiva__I)
                  000089e8    0000007e     drivers_tivaware.aem4f : I2CTiva.oem4f (.text:I2CTiva_transfer)
                  00008a66    00000002     --HOLE-- [fill = 0]
                  00008a68    0000007c     TskAction.obj (.text:_ZN9TskAction11Enqueue_uniEff)
                  00008ae4    0000007a     drivers_tivaware.aem4f : UARTTiva.oem4f (.text:readTaskCallback)
                  00008b5e    0000007a     rtsv7M4_T_le_v4SPD16_eabi.lib : memset_t2.obj (.text)
                  00008bd8    00000074     sysbios.aem4f : BIOS.obj (.text:ti_sysbios_knl_Clock_start__E)
                  00008c4c    00000070     DbgUart.obj (.text:_Z14DbgUartPutLinePcb)
                  00008cbc    00000070     TskIr.obj (.text:_ZN5TskIr13irTimerHookerEj)
                  00008d2c    00000004     ti.targets.arm.rtsarm.aem4f : Error.oem4f (.text:xdc_runtime_Error_getSite__E)
                  00008d30    00000070     sysbios.aem4f : BIOS.obj (.text:ti_sysbios_knl_Mailbox_Instance_finalize__E)
                  00008da0    0000006e     rtsv7M4_T_le_v4SPD16_eabi.lib : fd_tos_t2.obj (.text)
                  00008e0e    0000006e                                   : s_roundf.obj (.text)
                  00008e7c    0000006d     ti.targets.arm.rtsarm.aem4f : System.oem4f (.text:xdc_runtime_System_formatNum__I)
                  00008ee9    00000003     --HOLE-- [fill = 0]
                  00008eec    0000006c     empty_pem4f.oem4f (.text:ti_sysbios_family_arm_lm4_Timer_Object__create__S)
                  00008f58    0000006c     empty_pem4f.oem4f (.text:ti_sysbios_family_arm_m3_Hwi_Object__create__S)
                  00008fc4    00000004     empty_pem4f.oem4f (.text:xdc_runtime_System_Module_GateProxy_enter__E)
                  00008fc8    0000006c     sysbios.aem4f : BIOS.obj (.text:ti_sysbios_knl_Clock_workFunc__E)
                  00009034    00000004     empty_pem4f.oem4f (.text:xdc_runtime_System_Module_GateProxy_leave__E)
                  00009038    0000006c     sysbios.aem4f : BIOS.obj (.text:ti_sysbios_knl_Swi_restoreHwi__E)
                  000090a4    00000004     ti.targets.arm.rtsarm.aem4f : System.oem4f (.text:xdc_runtime_System_aprintf_va__F)
                  000090a8    0000006c     sysbios.aem4f : BIOS.obj (.text:ti_sysbios_utils_Load_taskCreateHook__E)
                  00009114    0000006c     drivers_tivaware.aem4f : UARTTiva.oem4f (.text:writeData)
                  00009180    0000006c     ti.targets.arm.rtsarm.aem4f : Error.oem4f (.text:xdc_runtime_Error_print__E)
                  000091ec    0000006c                                 : Memory.oem4f (.text:xdc_runtime_Memory_alloc__E)
                  00009258    0000006a     rtsv7M4_T_le_v4SPD16_eabi.lib : copy_decompress_rle.obj (.text)
                  000092c2    00000002     --HOLE-- [fill = 0]
                  000092c4    00000068                                   : trgmsg.obj (.text)
                  0000932c    00000004     ti.targets.arm.rtsarm.aem4f : System.oem4f (.text:xdc_runtime_System_printf_va__F)
                  00009330    00000068     sysbios.aem4f : BIOS.obj (.text:ti_sysbios_utils_Load_addTask__E)
                  00009398    00000066     ti.targets.arm.rtsarm.aem4f : Core-mem.oem4f (.text:xdc_runtime_Core_deleteObject__I)
                  000093fe    00000002     --HOLE-- [fill = 0]
                  00009400    00000064     drivers_tivaware.aem4f : GPIOTiva.oem4f (.text:GPIO_hwiIntFxn)
                  00009464    00000064     rtsv7M4_T_le_v4SPD16_eabi.lib : s_frexp.obj (.text)
                  000094c8    00000064     sysbios.aem4f : BIOS.obj (.text:ti_sysbios_family_arm_lm4_Timer_Module_startup__E)
                  0000952c    00000064     empty_pem4f.oem4f (.text:ti_sysbios_family_arm_m3_Hwi_create)
                  00009590    00000064     empty_pem4f.oem4f (.text:ti_sysbios_hal_Hwi_create)
                  000095f4    00000064     empty_pem4f.oem4f (.text:ti_sysbios_hal_Timer_create)
                  00009658    00000064     empty_pem4f.oem4f (.text:ti_sysbios_knl_Mailbox_create)
                  000096bc    00000062     drivers_tivaware.aem4f : I2CTiva.oem4f (.text:I2CTiva_primeTransfer)
                  0000971e    00000062     TskAction.obj (.text:_ZN5QueueIN8TskMotor8VelOmegaEE2EnERKS1_)
                  00009780    00000060     rtsv7M4_T_le_v4SPD16_eabi.lib : sprintf.obj (.text)
                  000097e0    00000060     sysbios.aem4f : BIOS.obj (.text:ti_sysbios_utils_Load_updateCurrentThreadTime__E)
                  00009840    0000005e     drivers_tivaware.aem4f : UARTTiva.oem4f (.text:readIsrBinaryBlocking)
                  0000989e    0000005c     TskMotor.obj (.text:_ZN5QueueIN8TskMotor8VelOmegaEE2DeERS1_)
                  000098fa    00000002     --HOLE-- [fill = 0]
                  000098fc    0000005c     TskTop.obj (.text:_ZN6TskTop7pwmtestEv)
                  00009958    0000005c     sysbios.aem4f : BIOS.obj (.text:ti_sysbios_knl_Swi_run__I)
                  000099b4    00000004     --HOLE-- [fill = 0]
                  000099b8    0000005c                   : BIOS.obj (.text:ti_sysbios_knl_Swi_schedule__I)
                  00009a14    0000005c     empty_pem4f.oem4f (.text:ti_sysbios_knl_Task_create)
                  00009a70    0000005c     sysbios.aem4f : BIOS.obj (.text:ti_sysbios_knl_Task_unblockI__E)
                  00009acc    0000005b     ti.targets.arm.rtsarm.aem4f : Text.oem4f (.text:xdc_runtime_Text_putLab__E)
                  00009b27    00000001     --HOLE-- [fill = 0]
                  00009b28    00000058     boot.aem4f : boot.oem4f (.text)
                  00009b80    00000058     TskTop.obj (.text:_ZN6TskTop4InitEv)
                  00009bd8    00000058     TskTop.obj (.text:_ZN6TskTop8run_initEv)
                  00009c30    00000058     sysbios.aem4f : BIOS.obj (.text:ti_sysbios_family_arm_lm4_Timer_Instance_finalize__E)
                  00009c88    00000058     empty_pem4f.oem4f (.text:ti_sysbios_family_arm_m3_Hwi_construct)
                  00009ce0    00000058     sysbios.aem4f : m3_Hwi_asm_switch.obj (.text:ti_sysbios_family_arm_m3_Hwi_initStacks__E)
                  00009d38    00000056     driverlib.lib : gpio.obj (.text:GPIOIntTypeSet)
                  00009d8e    00000056     rtsv7M4_T_le_v4SPD16_eabi.lib : ltoa.obj (.text)
                  00009de4    00000054     linemouse_chassis.obj (.text:DBMOUSE_initGPIO)
                  00009e38    00000054     drivers_tivaware.aem4f : UARTTiva.oem4f (.text:readIsrBinaryCallback)
                  00009e8c    00000054     rtsv7M4_T_le_v4SPD16_eabi.lib : exit.obj (.text)
                  00009ee0    00000054     sysbios.aem4f : BIOS.obj (.text:ti_sysbios_family_arm_lm4_Timer_initDevice__I)
                  00009f34    00000004     --HOLE-- [fill = 0]
                  00009f38    00000054                   : BIOS.obj (.text:ti_sysbios_family_arm_m3_Hwi_dispatchC__I)
                  00009f8c    00000004     --HOLE-- [fill = 0]
                  00009f90    00000054                   : BIOS.obj (.text:ti_sysbios_utils_Load_taskSwitchHook__E)
                  00009fe4    00000054     ti.targets.arm.rtsarm.aem4f : Assert.oem4f (.text:xdc_runtime_Assert_raise__I)
                  0000a038    00000050     drivers_tivaware.aem4f : GPIOTiva.oem4f (.text:GPIO_setCallback)
                  0000a088    00000050                            : GPIOTiva.oem4f (.text:GPIO_write)
                  0000a0d8    00000050                            : UARTTiva.oem4f (.text:UARTTiva_writeCancel)
                  0000a128    00000050     sysbios.aem4f : BIOS.obj (.text:ti_sysbios_family_arm_m3_Hwi_Module_startup__E)
                  0000a178    00000050                   : BIOS.obj (.text:ti_sysbios_utils_Load_logLoads__I)
                  0000a1c8    00000050     ti.targets.arm.rtsarm.aem4f : Startup.oem4f (.text:xdc_runtime_Startup_exec__E)
                  0000a218    00000050                                 : Text.oem4f (.text:xdc_runtime_Text_visitRope2__I)
                  0000a268    0000004c     drivers_tivaware.aem4f : UARTTiva.oem4f (.text:UARTTiva_close)
                  0000a2b4    0000004c     TskIr.obj (.text:_ZN5TskIr10irCalcYawLEv)
                  0000a300    0000004c     TskIr.obj (.text:_ZN5TskIr10irCalcYawREv)
                  0000a34c    0000004c     TskTop.obj (.text:_ZN6TskTop7SetLedLENS_8LedColor4TypeE)
                  0000a398    0000004c     TskTop.obj (.text:_ZN6TskTop7SetLedRENS_8LedColor4TypeE)
                  0000a3e4    0000004c     TskAction.obj (.text:_ZN9TskAction4StopEff)
                  0000a430    0000004c     rtsv7M4_T_le_v4SPD16_eabi.lib : atoi.obj (.text)
                  0000a47c    0000004c                                   : cpy_tbl.obj (.text)
                  0000a4c8    0000004c     sysbios.aem4f : BIOS.obj (.text:ti_sysbios_heaps_HeapMem_getStats__E)
                  0000a514    00000004     --HOLE-- [fill = 0]
                  0000a518    0000004c                   : BIOS.obj (.text:ti_sysbios_knl_Swi_runLoop__I)
                  0000a564    00000004     --HOLE-- [fill = 0]
                  0000a568    0000004c                   : BIOS.obj (.text:ti_sysbios_knl_Task_allBlockedFunction__I)
                  0000a5b4    00000048     driverlib.lib : gpio.obj (.text:GPIOPinConfigure)
                  0000a5fc    00000048                   : i2c.obj (.text:I2CMasterInitExpClk)
                  0000a644    00000048     TskMotor.obj (.text:_ZN8TskMotor8saturateEfff)
                  0000a68c    00000048     TskAction.obj (.text:_ZN9TskAction9wait4ballEv)
                  0000a6d4    00000048     rtsv7M4_T_le_v4SPD16_eabi.lib : fd_toi_t2.obj (.text)
                  0000a71c    00000004     --HOLE-- [fill = 0]
                  0000a720    00000048     sysbios.aem4f : BIOS.obj (.text:ti_sysbios_family_arm_m3_Hwi_disableInterrupt__E)
                  0000a768    00000048                   : BIOS.obj (.text:ti_sysbios_family_arm_m3_Hwi_enableInterrupt__E)
                  0000a7b0    00000048                   : BIOS.obj (.text:ti_sysbios_family_arm_m3_Hwi_excReserved__I)
                  0000a7f8    00000048                   : BIOS.obj (.text:ti_sysbios_knl_Mailbox_Module_startup__E)
                  0000a840    00000048                   : BIOS.obj (.text:ti_sysbios_utils_Load_taskDeleteHook__E)
                  0000a888    00000046     drivers_tivaware.aem4f : RingBuf.oem4f (.text:RingBuf_put)
                  0000a8ce    00000046     ti.targets.arm.rtsarm.aem4f : Core-params.oem4f (.text:xdc_runtime_Core_assignParams__I)
                  0000a914    00000044     TskIr.obj (.text:_ZN5TskIr8irNoLineEv)
                  0000a958    00000044     sysbios.aem4f : BIOS.obj (.text:ti_sysbios_family_arm_lm4_Timer_isrStub__E)
                  0000a99c    00000004     --HOLE-- [fill = 0]
                  0000a9a0    00000044                   : BIOS.obj (.text:ti_sysbios_family_arm_m3_Hwi_getStackInfo__E)
                  0000a9e4    00000004     --HOLE-- [fill = 0]
                  0000a9e8    00000044                   : BIOS.obj (.text:ti_sysbios_knl_Mailbox_postInit__I)
                  0000aa2c    00000004     --HOLE-- [fill = 0]
                  0000aa30    00000044                   : BIOS.obj (.text:ti_sysbios_knl_Swi_post__E)
                  0000aa74    00000004     --HOLE-- [fill = 0]
                  0000aa78    00000044                   : BIOS.obj (.text:ti_sysbios_utils_Load_removeTask__E)
                  0000aabc    00000044     ti.targets.arm.rtsarm.aem4f : Error.oem4f (.text:xdc_runtime_Error_setX__E)
                  0000ab00    00000044                                 : SysMin.oem4f (.text:xdc_runtime_SysMin_flush__E)
                  0000ab44    00000044                                 : Text.oem4f (.text:xdc_runtime_Text_xprintf__I)
                  0000ab88    00000042     driverlib.lib : uart.obj (.text:UARTConfigSetExpClk)
                  0000abca    00000042     drivers_tivaware.aem4f : UARTTiva.oem4f (.text:UARTTiva_hwiIntFxn)
                  0000ac0c    00000042                            : UARTTiva.oem4f (.text:UARTTiva_writePolling)
                  0000ac4e    00000002     --HOLE-- [fill = 0]
                  0000ac50    00000040     linemouse_chassis.obj (.text:DBMOUSE_initGeneral)
                  0000ac90    00000040     drivers_tivaware.aem4f : RingBuf.oem4f (.text:RingBuf_get)
                  0000acd0    00000040                            : UARTTiva.oem4f (.text:UARTTiva_read)
                  0000ad10    00000040     TskAction.obj (.text:_ZN5QueueIN8TskMotor8VelOmegaEE3LenEv)
                  0000ad50    00000040     rtsv7M4_T_le_v4SPD16_eabi.lib : u_divt2.obj (.text)
                  0000ad90    00000040     sysbios.aem4f : BIOS.obj (.text:ti_sysbios_family_arm_lm4_Timer_startup__E)
                  0000add0    0000003c     linemouse_chassis.obj (.text:DBMOUSE_initI2C)
                  0000ae0c    0000003c     WheelEnc.obj (.text:_Z6qeiISRj)
                  0000ae48    0000003c     sysbios.aem4f : BIOS.obj (.text:ti_sysbios_family_arm_m3_Hwi_excSvCall__I)
                  0000ae84    00000004     --HOLE-- [fill = 0]
                  0000ae88    0000003c                   : BIOS.obj (.text:ti_sysbios_heaps_HeapMem_init__I)
                  0000aec4    00000004     --HOLE-- [fill = 0]
                  0000aec8    0000003c                   : BIOS.obj (.text:ti_sysbios_knl_Swi_restore__E)
                  0000af04    0000003a     drivers_tivaware.aem4f : I2CTiva.oem4f (.text:I2CTiva_completeTransfer)
                  0000af3e    00000002     --HOLE-- [fill = 0]
                  0000af40    00000038                            : I2C.oem4f (.text:I2C_init)
                  0000af78    00000038                            : UART.oem4f (.text:UART_init)
                  0000afb0    00000038     rtsv7M4_T_le_v4SPD16_eabi.lib : fs_tod_t2.obj (.text)
                  0000afe8    00000038     sysbios.aem4f : BIOS.obj (.text:ti_sysbios_family_arm_m3_Hwi_excNoIsr__I)
                  0000b020    00000038                   : BIOS.obj (.text:ti_sysbios_knl_Task_processVitalTaskFlag__I)
                  0000b058    00000038     ti.targets.arm.rtsarm.aem4f : SysMin.oem4f (.text:xdc_runtime_SysMin_putch__E)
                  0000b090    00000038                                 : System.oem4f (.text:xdc_runtime_System_atexit__E)
                  0000b0c8    00000036     drivers_tivaware.aem4f : I2CTiva.oem4f (.text:I2CTiva_close)
                  0000b0fe    00000036                            : UARTTiva.oem4f (.text:UARTTiva_readCancel)
                  0000b134    00000034     linemouse_chassis.obj (.text:DBMOUSE_initUART)
                  0000b168    00000034     driverlib.lib : sysctl.obj (.text:SysCtlPeripheralEnable)
                  0000b19c    00000034     MotorPwm.obj (.text:_Z13MotorPwmCoastv)
                  0000b1d0    00000034     TskAction.obj (.text:_ZN9TskAction13lay_down_ballEv)
                  0000b204    00000004     --HOLE-- [fill = 0]
                  0000b208    00000034     sysbios.aem4f : BIOS.obj (.text:ti_sysbios_family_arm_lm4_Timer_setPeriodMicroSecs__E)
                  0000b23c    00000004     --HOLE-- [fill = 0]
                  0000b240    00000034                   : BIOS.obj (.text:ti_sysbios_family_arm_m3_Hwi_Instance_finalize__E)
                  0000b274    00000004     --HOLE-- [fill = 0]
                  0000b278    00000034                   : BIOS.obj (.text:ti_sysbios_family_arm_m3_Hwi_excNmi__I)
                  0000b2ac    00000004     --HOLE-- [fill = 0]
                  0000b2b0    00000034                   : BIOS.obj (.text:ti_sysbios_hal_Hwi_checkStack)
                  0000b2e4    00000034     empty_pem4f.oem4f (.text:ti_sysbios_knl_Clock_construct)
                  0000b318    00000034     empty_pem4f.oem4f (.text:ti_sysbios_knl_Semaphore_create)
                  0000b34c    00000034     ti.targets.arm.rtsarm.aem4f : Core-label.oem4f (.text:xdc_runtime_Core_assignLabel__I)
                  0000b380    00000033                                 : Text.oem4f (.text:xdc_runtime_Text_printVisFxn__I)
                  0000b3b3    00000005     --HOLE-- [fill = 0]
                  0000b3b8    00000032     sysbios.aem4f : BIOS.obj (.text:ti_sysbios_hal_Hwi_initStack)
                  0000b3ea    00000006     driverlib.lib : gpio.obj (.text:GPIOPinWrite)
                  0000b3f0    00000032     sysbios.aem4f : BIOS.obj (.text:ti_sysbios_knl_Semaphore_pendTimeout__I)
                  0000b422    00000002     --HOLE-- [fill = 0]
                  0000b424    00000030     drivers_tivaware.aem4f : UART.oem4f (.text:UART_open)
                  0000b454    00000030     TskIr.obj (.text:_ZN5TskIr4InitEv)
                  0000b484    00000030     rtsv7M4_T_le_v4SPD16_eabi.lib : new_.obj (.text)
                  0000b4b4    00000030     empty_pem4f.oem4f (.text:ti_sysbios_BIOS_atExitFunc__I)
                  0000b4e4    00000004     --HOLE-- [fill = 0]
                  0000b4e8    00000030     sysbios.aem4f : BIOS.obj (.text:ti_sysbios_family_arm_lm4_Timer_stop__E)
                  0000b518    00000030                   : BIOS.obj (.text:ti_sysbios_family_arm_m3_TaskSupport_start__E)
                  0000b548    00000030     empty_pem4f.oem4f (.text:ti_sysbios_gates_GateHwi_Object__create__S)
                  0000b578    00000030     empty_pem4f.oem4f (.text:ti_sysbios_gates_GateMutex_Object__create__S)
                  0000b5a8    00000030     empty_pem4f.oem4f (.text:ti_sysbios_heaps_HeapMem_Object__create__S)
                  0000b5d8    00000030     empty_pem4f.oem4f (.text:ti_sysbios_knl_Semaphore_construct)
                  0000b608    00000030     ti.targets.arm.rtsarm.aem4f : SysMin.oem4f (.text:xdc_runtime_SysMin_abort__E)
                  0000b638    00000030                                 : System.oem4f (.text:xdc_runtime_System_processAtExit__E)
                  0000b668    0000002e     empty_pem4f.oem4f (.text:malloc)
                  0000b696    0000002e     rtsv7M4_T_le_v4SPD16_eabi.lib : i_tofd_t2.obj (.text)
                  0000b6c4    0000002c     empty_pem4f.oem4f (.text:ti_sysbios_knl_Clock_doTick__I)
                  0000b6f0    0000002c     empty_pem4f.oem4f (.text:ti_sysbios_knl_Queue_construct)
                  0000b71c    00000004     --HOLE-- [fill = 0]
                  0000b720    0000002c     sysbios.aem4f : BIOS.obj (.text:ti_sysbios_knl_Task_restore__E)
                  0000b74c    0000002c     ti.targets.arm.rtsarm.aem4f : Text.oem4f (.text:xdc_runtime_Text_cordText__E)
                  0000b778    0000002a     driverlib.lib : gpio.obj (.text:GPIODirModeSet)
                  0000b7a2    0000002a     ti.targets.arm.rtsarm.aem4f : System.oem4f (.text:xdc_runtime_System_putchar__I)
                  0000b7cc    00000028     MotorPwm.obj (.text:_Z15ServoPwmSetDutyi)
                  0000b7f4    00000028     TskMotor.obj (.text:_ZN5QueueIN8TskMotor8VelOmegaEEC1Ei)
                  0000b81c    00000028     empty_pem4f.oem4f (.text:ti_sysbios_BIOS_startFunc__I)
                  0000b844    00000004     --HOLE-- [fill = 0]
                  0000b848    00000028     sysbios.aem4f : BIOS.obj (.text:ti_sysbios_hal_Hwi_Instance_init__E)
                  0000b870    00000028                   : BIOS.obj (.text:ti_sysbios_hal_Timer_Instance_init__E)
                  0000b898    00000028                   : BIOS.obj (.text:ti_sysbios_knl_Swi_Module_startup__E)
                  0000b8c0    00000026                   : m3_Hwi_asm.obj (.text:ti_sysbios_family_arm_m3_Hwi_pendSV__I)
                  0000b8e6    00000026     ti.targets.arm.rtsarm.aem4f : System.oem4f (.text:xdc_runtime_System_avprintf__E)
                  0000b90c    00000024     MotorPwm.obj (.text:_Z13ServoPwmResetv)
                  0000b930    00000024     TskAction.obj (.text:_ZN9TskAction10Wait4queueEv)
                  0000b954    00000024     empty_pem4f.oem4f (.text:ti_sysbios_BIOS_errorRaiseHook__I)
                  0000b978    00000024     empty_pem4f.oem4f (.text:ti_sysbios_BIOS_registerRTSLock__I)
                  0000b99c    00000024     empty_pem4f.oem4f (.text:ti_sysbios_BIOS_removeRTSLock__I)
                  0000b9c0    00000024     empty_pem4f.oem4f (.text:ti_sysbios_gates_GateMutex_Object__delete__S)
                  0000b9e4    00000004     --HOLE-- [fill = 0]
                  0000b9e8    00000024     sysbios.aem4f : BIOS.obj (.text:ti_sysbios_knl_Clock_Module_startup__E)
                  0000ba0c    00000004     --HOLE-- [fill = 0]
                  0000ba10    00000024                   : BIOS.obj (.text:ti_sysbios_knl_Task_restoreHwi__E)
                  0000ba34    00000024     ti.targets.arm.rtsarm.aem4f : System.oem4f (.text:xdc_runtime_System_vprintf__E)
                  0000ba58    00000022     sysbios.aem4f : BIOS.obj (.text:ti_sysbios_family_arm_lm4_Timer_write__I)
                  0000ba7a    00000022     empty_pem4f.oem4f (.text:xdc_runtime_SysMin_output__I)
                  0000ba9c    00000020     TskIr.obj (.text:_ZN5TskIr8adcStartEi)
                  0000babc    00000020     TskTop.obj (.text:_ZN6TskTop14dbgPutModeNameENS_9MouseMode8ModeTypeE)
                  0000badc    00000020     TskAction.obj (.text:_ZN8TskMotor8VelOmegaC1Eff)
                  0000bafc    00000020     TskAction.obj (.text:__sti___12_TskAction_cc_91f6dd66)
                  0000bb1c    00000020     empty_pem4f.oem4f (.text:ti_sysbios_BIOS_rtsLock__I)
                  0000bb3c    00000020     empty_pem4f.oem4f (.text:ti_sysbios_family_arm_lm4_Timer_Object__delete__S)
                  0000bb5c    00000020     empty_pem4f.oem4f (.text:ti_sysbios_family_arm_m3_Hwi_Object__delete__S)
                  0000bb7c    00000004     --HOLE-- [fill = 0]
                  0000bb80    00000020     sysbios.aem4f : BIOS.obj (.text:ti_sysbios_family_arm_m3_Hwi_clearInterrupt__E)
                  0000bba0    00000020                   : m3_Hwi_asm.obj (.text:ti_sysbios_family_arm_m3_Hwi_excHandlerAsm__I)
                  0000bbc0    00000020                   : BIOS.obj (.text:ti_sysbios_family_arm_m3_Hwi_excHandler__I)
                  0000bbe0    00000020     empty_pem4f.oem4f (.text:ti_sysbios_gates_GateHwi_Object__delete__S)
                  0000bc00    00000020     empty_pem4f.oem4f (.text:ti_sysbios_heaps_HeapMem_Object__delete__S)
                  0000bc20    00000020     empty_pem4f.oem4f (.text:ti_sysbios_knl_Clock_Object__destruct__S)
                  0000bc40    00000020     sysbios.aem4f : BIOS.obj (.text:ti_sysbios_knl_Idle_run__E)
                  0000bc60    00000020     empty_pem4f.oem4f (.text:ti_sysbios_knl_Semaphore_Object__destruct__S)
                  0000bc80    00000020     ti.targets.arm.rtsarm.aem4f : Registry.oem4f (.text:xdc_runtime_Registry_findById__E)
                  0000bca0    00000020                                 : SysMin.oem4f (.text:xdc_runtime_SysMin_Module_startup__E)
                  0000bcc0    0000001e     TskAction.obj (.text:_ZN5QueueIN8TskMotor8VelOmegaEE5ClearEv)
                  0000bcde    0000001e     linemouse.obj (.text:main)
                  0000bcfc    0000001e     sysbios.aem4f : m3_Hwi_asm_switch.obj (.text:ti_sysbios_family_xxx_Hwi_switchAndRunFunc)
                  0000bd1a    00000002     --HOLE-- [fill = 0]
                  0000bd1c    0000001c     driverlib.lib : uart.obj (.text:UARTDisable)
                  0000bd38    0000001c     Pid.obj (.text:_ZN3Pid5ResetEv)
                  0000bd54    0000001c     TskIr.obj (.text:_ZN5TskIr10irDetStartEv)
                  0000bd70    0000001c     drivers_tivaware.aem4f : GPIOTiva.oem4f (.text:getGpioIntIndex)
                  0000bd8c    0000001c     rtsv7M4_T_le_v4SPD16_eabi.lib : memccpy.obj (.text)
                  0000bda8    0000001c     empty_pem4f.oem4f (.text:ti_sysbios_family_arm_m3_Hwi_Object__destruct__S)
                  0000bdc4    00000004     --HOLE-- [fill = 0]
                  0000bdc8    0000001c     sysbios.aem4f : BIOS.obj (.text:ti_sysbios_gates_GateMutex_Instance_init__E)
                  0000bde4    0000001c     empty_pem4f.oem4f (.text:ti_sysbios_hal_Hwi_HwiProxy_create)
                  0000be00    0000001c     empty_pem4f.oem4f (.text:ti_sysbios_hal_Timer_TimerProxy_create)
                  0000be1c    0000001c     empty_pem4f.oem4f (.text:ti_sysbios_knl_Queue_Object__destruct__S)
                  0000be38    0000001c     sysbios.aem4f : BIOS.obj (.text:ti_sysbios_knl_Queue_put__E)
                  0000be54    00000004     --HOLE-- [fill = 0]
                  0000be58    0000001c                   : BIOS.obj (.text:ti_sysbios_knl_Task_enter__I)
                  0000be74    0000001c     ti.targets.arm.rtsarm.aem4f : Error.oem4f (.text:xdc_runtime_Error_raiseX__E)
                  0000be90    0000001c                                 : Memory.oem4f (.text:xdc_runtime_Memory_valloc__E)
                  0000beac    0000001c                                 : SysMin.oem4f (.text:xdc_runtime_SysMin_exit__E)
                  0000bec8    0000001c                                 : System.oem4f (.text:xdc_runtime_System_abort__E)
                  0000bee4    0000001a     empty_pem4f.oem4f (.text:ti_sysbios_family_arm_m3_Hwi_Handle__label__S)
                  0000befe    0000001a     empty_pem4f.oem4f (.text:ti_sysbios_gates_GateHwi_Handle__label__S)
                  0000bf18    0000001a     empty_pem4f.oem4f (.text:ti_sysbios_gates_GateMutex_Handle__label__S)
                  0000bf32    0000001a     empty_pem4f.oem4f (.text:ti_sysbios_heaps_HeapMem_Handle__label__S)
                  0000bf4c    0000001a     empty_pem4f.oem4f (.text:ti_sysbios_knl_Swi_Handle__label__S)
                  0000bf66    0000001a     empty_pem4f.oem4f (.text:ti_sysbios_knl_Task_Handle__label__S)
                  0000bf80    0000001a     sysbios.aem4f : BIOS.obj (.text:ti_sysbios_knl_Task_sleepTimeout__I)
                  0000bf9a    0000001a     empty_pem4f.oem4f (.text:xdc_runtime_System_aprintf__E)
                  0000bfb4    0000001a     empty_pem4f.oem4f (.text:xdc_runtime_System_printf__E)
                  0000bfce    00000002     --HOLE-- [fill = 0]
                  0000bfd0    00000018     drivers_tivaware.aem4f : UART.oem4f (.text:UART_Params_init)
                  0000bfe8    00000018     DbgUart.obj (.text:_Z14dbgUartWriteCbP11UART_ConfigPvj)
                  0000c000    00000018     rtsv7M4_T_le_v4SPD16_eabi.lib : args_main.obj (.text)
                  0000c018    00000018     empty_pem4f.oem4f (.text:ti_sysbios_BIOS_rtsUnlock__I)
                  0000c030    00000018     empty_pem4f.oem4f (.text:ti_sysbios_family_arm_lm4_Timer_Module__startupDone__F)
                  0000c048    00000018     empty_pem4f.oem4f (.text:ti_sysbios_family_arm_m3_Hwi_Module__startupDone__F)
                  0000c060    00000018     sysbios.aem4f : m3_TaskSupport_asm.obj (.text:ti_sysbios_family_arm_m3_TaskSupport_swap__E)
                  0000c078    00000018                   : BIOS.obj (.text:ti_sysbios_gates_GateMutex_leave__E)
                  0000c090    00000018     ti.targets.arm.rtsarm.aem4f : Error.oem4f (.text:xdc_runtime_Error_check__E)
                  0000c0a8    00000018                                 : System.oem4f (.text:xdc_runtime_System_exit__E)
                  0000c0c0    00000018                                 : Text.oem4f (.text:xdc_runtime_Text_ropeText__E)
                  0000c0d8    00000016     driverlib.lib : i2c.obj (.text:I2CMasterErr)
                  0000c0ee    00000016     WheelEnc.obj (.text:_Z30ti_sysbios_hal_Hwi_Params_initP25ti_sysbios_hal_Hwi_Params)
                  0000c104    00000016     TskAction.obj (.text:_Z31ti_sysbios_knl_Task_Params_initP26ti_sysbios_knl_Task_Params)
                  0000c11a    00000016     TskIr.obj (.text:_Z31ti_sysbios_knl_Task_Params_initP26ti_sysbios_knl_Task_Params)
                  0000c130    00000016     TskMotor.obj (.text:_Z31ti_sysbios_knl_Task_Params_initP26ti_sysbios_knl_Task_Params)
                  0000c146    00000016     TskSolver.obj (.text:_Z31ti_sysbios_knl_Task_Params_initP26ti_sysbios_knl_Task_Params)
                  0000c15c    00000016     TskTop.obj (.text:_Z31ti_sysbios_knl_Task_Params_initP26ti_sysbios_knl_Task_Params)
                  0000c172    00000016     TskIr.obj (.text:_Z32ti_sysbios_hal_Timer_Params_initP27ti_sysbios_hal_Timer_Params)
                  0000c188    00000016     DbgUart.obj (.text:_Z36ti_sysbios_knl_Semaphore_Params_initP31ti_sysbios_knl_Semaphore_Params)
                  0000c19e    00000016     TskIr.obj (.text:_Z36ti_sysbios_knl_Semaphore_Params_initP31ti_sysbios_knl_Semaphore_Params)
                  0000c1b4    00000016     WheelEnc.obj (.text:_Z36ti_sysbios_knl_Semaphore_Params_initP31ti_sysbios_knl_Semaphore_Params)
                  0000c1ca    00000016     rtsv7M4_T_le_v4SPD16_eabi.lib : strchr.obj (.text)
                  0000c1e0    00000016     empty_pem4f.oem4f (.text:ti_sysbios_BIOS_exitFunc__I)
                  0000c1f6    00000014     driverlib.lib : uart.obj (.text:UARTEnable)
                  0000c20a    00000002     --HOLE-- [fill = 0]
                  0000c20c    00000014     rtsv7M4_T_le_v4SPD16_eabi.lib : _lock.obj (.text)
                  0000c220    00000014                                   : s_copysign.obj (.text)
                  0000c234    00000014                                   : strcpy.obj (.text)
                  0000c248    00000014                                   : strlen.obj (.text)
                  0000c25c    00000014     empty_pem4f.oem4f (.text:ti_sysbios_family_arm_m3_Hwi_Object__get__S)
                  0000c270    00000014     sysbios.aem4f : BIOS.obj (.text:ti_sysbios_family_arm_m3_Hwi_switchFromBootStack__E)
                  0000c284    00000014     empty_pem4f.oem4f (.text:ti_sysbios_heaps_HeapMem_Object__get__S)
                  0000c298    00000014     empty_pem4f.oem4f (.text:ti_sysbios_knl_Swi_Object__get__S)
                  0000c2ac    00000012     driverlib.lib : gpio.obj (.text:GPIOPinTypeGPIOInput)
                  0000c2be    00000012                   : gpio.obj (.text:GPIOPinTypeI2C)
                  0000c2d0    00000012                   : gpio.obj (.text:GPIOPinTypeI2CSCL)
                  0000c2e2    00000012                   : gpio.obj (.text:GPIOPinTypeUART)
                  0000c2f4    00000012     drivers_tivaware.aem4f : RingBuf.oem4f (.text:RingBuf_construct)
                  0000c306    00000002     --HOLE-- [fill = 0]
                  0000c308    00000012     sysbios.aem4f : BIOS.obj (.text:ti_sysbios_hal_Hwi_Module_startup__E)
                  0000c31a    00000006     driverlib.lib : i2c.obj (.text:I2CMasterIntDisable)
                  0000c320    00000012     sysbios.aem4f : BIOS.obj (.text:ti_sysbios_hal_Timer_Module_startup__E)
                  0000c332    00000012     empty_pem4f.oem4f (.text:xdc_runtime_Startup_exec__I)
                  0000c344    00000010     TskIr.obj (.text:_ZN5TskIr6irBallEv)
                  0000c354    00000010     TskIr.obj (.text:_ZN5TskIr8irBorderEv)
                  0000c364    00000010     TskAction.obj (.text:_ZN9TskAction10ClearQueueEv)
                  0000c374    00000010     drivers_tivaware.aem4f : UARTTiva.oem4f (.text:readBlockingTimeout)
                  0000c384    00000010     rtsv7M4_T_le_v4SPD16_eabi.lib : s_lroundf.obj (.text)
                  0000c394    00000004     --HOLE-- [fill = 0]
                  0000c398    00000010     sysbios.aem4f : BIOS.obj (.text:ti_sysbios_BIOS_getCpuFreq__E)
                  0000c3a8    00000010                   : BIOS.obj (.text:ti_sysbios_BIOS_setThreadType__E)
                  0000c3b8    00000010                   : BIOS.obj (.text:ti_sysbios_BIOS_start__E)
                  0000c3c8    00000010                   : BIOS.obj (.text:ti_sysbios_family_arm_lm4_TimestampProvider_rolloverFunc__E)
                  0000c3d8    00000010                   : m3_TaskSupport_asm.obj (.text:ti_sysbios_family_arm_m3_TaskSupport_glue)
                  0000c3e8    00000010                   : BIOS.obj (.text:ti_sysbios_gates_GateMutex_Instance_finalize__E)
                  0000c3f8    00000010     empty_pem4f.oem4f (.text:ti_sysbios_hal_Hwi_HwiProxy_Object__create__S)
                  0000c408    00000010     empty_pem4f.oem4f (.text:ti_sysbios_hal_Timer_TimerProxy_Object__create__S)
                  0000c418    00000010     empty_pem4f.oem4f (.text:ti_sysbios_knl_Mailbox_Object__get__S)
                  0000c428    00000010     sysbios.aem4f : BIOS.obj (.text:ti_sysbios_knl_Semaphore_Instance_finalize__E)
                  0000c438    00000010                   : BIOS.obj (.text:ti_sysbios_knl_Swi_disable__E)
                  0000c448    00000010     empty_pem4f.oem4f (.text:ti_sysbios_knl_Task_Object__get__S)
                  0000c458    00000010     sysbios.aem4f : BIOS.obj (.text:ti_sysbios_knl_Task_disable__E)
                  0000c468    00000010     ti.targets.arm.rtsarm.aem4f : Gate.oem4f (.text:xdc_runtime_Gate_leaveSystem__E)
                  0000c478    00000010                                 : Memory.oem4f (.text:xdc_runtime_Memory_free__E)
                  0000c488    00000010                                 : SysMin.oem4f (.text:xdc_runtime_SysMin_ready__E)
                  0000c498    00000010                                 : System.oem4f (.text:xdc_runtime_System_vsnprintf__E)
                  0000c4a8    00000010     empty_pem4f.oem4f (.text:xdc_runtime_Text_visitRope__I)
                  0000c4b8    0000000e     driverlib.lib : gpio.obj (.text:GPIOIntStatus)
                  0000c4c6    0000000e                   : uart.obj (.text:UARTCharGetNonBlocking)
                  0000c4d4    0000000e                   : uart.obj (.text:UARTCharPutNonBlocking)
                  0000c4e2    0000000e     rtsv7M4_T_le_v4SPD16_eabi.lib : copy_decompress_none.obj (.text:decompress:none)
                  0000c4f0    0000000e     sysbios.aem4f : BIOS.obj (.text:ti_sysbios_knl_Idle_loop__E)
                  0000c4fe    00000002     --HOLE-- [fill = 0]
                  0000c500    0000000e                   : BIOS.obj (.text:ti_sysbios_knl_Queue_empty__E)
                  0000c50e    00000002     --HOLE-- [fill = 0]
                  0000c510    0000000c     empty_pem4f.oem4f (.text:.bootCodeSection:ti_catalog_arm_cortexm4_tiva_ce_Boot_init__I)
                  0000c51c    0000000c     drivers_tivaware.aem4f : RingBuf.oem4f (.text:RingBuf_peek)
                  0000c528    0000000c     driverlib.lib : uart.obj (.text:UARTFlowControlSet)
                  0000c534    0000000c     drivers_tivaware.aem4f : UARTTiva.oem4f (.text:UARTTiva_init)
                  0000c540    0000000c     TskIr.obj (.text:_ZN5TskIr11adcReadCodeEv)
                  0000c54c    00000004     --HOLE-- [fill = 0]
                  0000c550    0000000c     sysbios.aem4f : BIOS.obj (.text:ti_sysbios_family_arm_lm4_Timer_getMaxTicks__E)
                  0000c55c    00000004     --HOLE-- [fill = 0]
                  0000c560    0000000c                   : BIOS.obj (.text:ti_sysbios_family_arm_lm4_TimestampProvider_startTimer__E)
                  0000c56c    0000000c     empty_pem4f.oem4f (.text:ti_sysbios_family_arm_m3_Hwi_Params__init__S)
                  0000c578    0000000c     sysbios.aem4f : BIOS.obj (.text:ti_sysbios_family_arm_m3_Hwi_disableFxn__E)
                  0000c584    00000004     --HOLE-- [fill = 0]
                  0000c588    0000000c                   : BIOS.obj (.text:ti_sysbios_family_arm_m3_TaskSupport_checkStack__E)
                  0000c594    00000004     --HOLE-- [fill = 0]
                  0000c598    0000000c                   : BIOS.obj (.text:ti_sysbios_family_arm_m3_TaskSupport_getStackAlignment__E)
                  0000c5a4    00000004     --HOLE-- [fill = 0]
                  0000c5a8    0000000c                   : BIOS.obj (.text:ti_sysbios_gates_GateHwi_enter__E)
                  0000c5b4    0000000c     empty_pem4f.oem4f (.text:ti_sysbios_hal_Hwi_Params__init__S)
                  0000c5c0    0000000c     empty_pem4f.oem4f (.text:ti_sysbios_hal_Timer_Params__init__S)
                  0000c5cc    0000000c     empty_pem4f.oem4f (.text:ti_sysbios_knl_Clock_Params__init__S)
                  0000c5d8    0000000c     empty_pem4f.oem4f (.text:ti_sysbios_knl_Queue_Object__get__S)
                  0000c5e4    0000000c     empty_pem4f.oem4f (.text:ti_sysbios_knl_Semaphore_Params__init__S)
                  0000c5f0    0000000c     empty_pem4f.oem4f (.text:ti_sysbios_knl_Task_Params__init__S)
                  0000c5fc    00000004     --HOLE-- [fill = 0]
                  0000c600    0000000c     sysbios.aem4f : BIOS.obj (.text:ti_sysbios_utils_Load_taskRegHook__E)
                  0000c60c    0000000c     ti.targets.arm.rtsarm.aem4f : Error.oem4f (.text:xdc_runtime_Error_init__E)
                  0000c618    0000000c                                 : Gate.oem4f (.text:xdc_runtime_Gate_enterSystem__E)
                  0000c624    0000000c                                 : Memory.oem4f (.text:xdc_runtime_Memory_calloc__E)
                  0000c630    0000000c                                 : Memory.oem4f (.text:xdc_runtime_Memory_getMaxDefaultTypeAlign__E)
                  0000c63c    0000000a     driverlib.lib : i2c.obj (.text:I2CMasterDisable)
                  0000c646    0000000a                   : i2c.obj (.text:I2CMasterEnable)
                  0000c650    0000000a     drivers_tivaware.aem4f : I2CTiva.oem4f (.text:I2CTiva_init)
                  0000c65a    0000000a     driverlib.lib : uart.obj (.text:UARTCharGet)
                  0000c664    0000000a                   : uart.obj (.text:UARTCharPut)
                  0000c66e    0000000a                   : uart.obj (.text:UARTIntDisable)
                  0000c678    0000000a                   : uart.obj (.text:UARTIntStatus)
                  0000c682    0000000a     drivers_tivaware.aem4f : UART.oem4f (.text:UART_write)
                  0000c68c    0000000a     TskAction.obj (.text:_ZN9TskAction4idleEv)
                  0000c696    00000002     --HOLE-- [fill = 0]
                  0000c698    0000000a     sysbios.aem4f : BIOS.obj (.text:ti_sysbios_hal_Hwi_Instance_finalize__E)
                  0000c6a2    00000006     driverlib.lib : i2c.obj (.text:I2CMasterIntEnable)
                  0000c6a8    0000000a     sysbios.aem4f : BIOS.obj (.text:ti_sysbios_hal_Timer_Instance_finalize__E)
                  0000c6b2    0000000a     empty_pem4f.oem4f (.text:xdc_runtime_IHeap_alloc)
                  0000c6bc    0000000a     empty_pem4f.oem4f (.text:xdc_runtime_IHeap_free)
                  0000c6c6    00000008     driverlib.lib : i2c.obj (.text:I2CMasterIntClear)
                  0000c6ce    00000008                   : i2c.obj (.text:I2CMasterSlaveAddrSet)
                  0000c6d6    00000008     drivers_tivaware.aem4f : I2CTiva.oem4f (.text:I2CTiva_blockingCallback)
                  0000c6de    00000008     driverlib.lib : uart.obj (.text:UARTIntEnable)
                  0000c6e6    00000008                   : uart.obj (.text:UARTRxErrorGet)
                  0000c6ee    00000008     drivers_tivaware.aem4f : UARTTiva.oem4f (.text:readSemCallback)
                  0000c6f6    00000008     sysbios.aem4f : BIOS.obj (.text:ti_sysbios_family_arm_lm4_Timer_masterDisable__I)
                  0000c6fe    00000002     --HOLE-- [fill = 0]
                  0000c700    00000008                   : BIOS.obj (.text:ti_sysbios_family_arm_m3_Hwi_doSwiRestore__I)
                  0000c708    00000008                   : BIOS.obj (.text:ti_sysbios_family_arm_m3_Hwi_startup__E)
                  0000c710    00000008     drivers_tivaware.aem4f : UARTTiva.oem4f (.text:writeSemCallback)
                  0000c718    00000006                            : I2CTiva.oem4f (.text:I2CTiva_control)
                  0000c71e    00000006     driverlib.lib : uart.obj (.text:UARTFIFOLevelSet)
                  0000c724    00000006                   : uart.obj (.text:UARTRxErrorClear)
                  0000c72a    00000006     rtsv7M4_T_le_v4SPD16_eabi.lib : copy_decompress_rle.obj (.text:decompress:rle24)
                  0000c730    00000006     Boot.aem4f : Boot_sysctl.oem4f (.text:ti_catalog_arm_cortexm4_tiva_ce_Boot_sysCtlDelayI__I)
                  0000c736    00000002     --HOLE-- [fill = 0]
                  0000c738    00000006     sysbios.aem4f : BIOS.obj (.text:ti_sysbios_family_arm_lm4_TimestampProvider_Module_startup__E)
                  0000c73e    00000002     --HOLE-- [fill = 0]
                  0000c740    00000006                   : BIOS.obj (.text:ti_sysbios_family_arm_m3_Hwi_doTaskRestore__I)
                  0000c746    00000002     --HOLE-- [fill = 0]
                  0000c748    00000006                   : BIOS.obj (.text:ti_sysbios_family_arm_m3_Hwi_restoreFxn__E)
                  0000c74e    00000002     --HOLE-- [fill = 0]
                  0000c750    00000006                   : BIOS.obj (.text:ti_sysbios_gates_GateHwi_leave__E)
                  0000c756    00000002     --HOLE-- [fill = 0]
                  0000c758    00000006                   : BIOS.obj (.text:ti_sysbios_hal_Timer_start__E)
                  0000c75e    00000002     --HOLE-- [fill = 0]
                  0000c760    00000006                   : BIOS.obj (.text:ti_sysbios_heaps_HeapMem_isBlocking__E)
                  0000c766    00000002     --HOLE-- [fill = 0]
                  0000c768    00000006                   : BIOS.obj (.text:ti_sysbios_knl_Clock_stop__E)
                  0000c76e    00000002     --HOLE-- [fill = 0]
                  0000c770    00000006                   : BIOS.obj (.text:ti_sysbios_knl_Queue_Instance_init__E)
                  0000c776    00000002     --HOLE-- [fill = 0]
                  0000c778    00000006                   : BIOS.obj (.text:ti_sysbios_knl_Swi_startup__E)
                  0000c77e    00000006     ti.targets.arm.rtsarm.aem4f : System.oem4f (.text:xdc_runtime_System_Module_startup__E)
                  0000c784    00000004     --HOLE-- [fill = 0]
                  0000c788    00000004     sysbios.aem4f : BIOS.obj (.text:ti_sysbios_family_arm_lm4_Timer_getPeriod__E)
                  0000c78c    00000004     --HOLE-- [fill = 0]
                  0000c790    00000004                   : BIOS.obj (.text:ti_sysbios_gates_GateHwi_query__E)
                  0000c794    00000004     --HOLE-- [fill = 0]
                  0000c798    00000004                   : BIOS.obj (.text:ti_sysbios_gates_GateMutex_query__E)
                  0000c79c    00000004     --HOLE-- [fill = 0]
                  0000c7a0    00000004                   : BIOS.obj (.text:ti_sysbios_knl_Task_startup__E)
                  0000c7a4    00000004     --HOLE-- [fill = 0]
                  0000c7a8    00000002                   : BIOS.obj (.text:ti_sysbios_gates_GateHwi_Instance_init__E)
                  0000c7aa    00000006     --HOLE-- [fill = 0]
                  0000c7b0    00000002                   : BIOS.obj (.text:ti_sysbios_knl_Clock_logTick__E)

.const     0    0000c7b4    000024ac     
                  0000c7b4    00001970     empty_pem4f.oem4f (.const:xdc_runtime_Text_charTab__A)
                  0000e124    00000101     rtsv7M4_T_le_v4SPD16_eabi.lib : ctype.obj (.const:.string:_ctypes_)
                  0000e225    00000001     empty_pem4f.oem4f (.const:xdc_runtime_Error_policy__C)
                  0000e226    000000d8     empty_pem4f.oem4f (.const:xdc_runtime_Text_nodeTab__A)
                  0000e2fe    00000002     empty_pem4f.oem4f (.const:ti_catalog_arm_cortexm4_tiva_ce_Boot_Module__id__C)
                  0000e300    00000090     driverlib.lib : gpio.obj (.const:g_pui32GPIOBaseAddrs)
                  0000e390    00000054     drivers_tivaware.aem4f : GPIOTiva.oem4f (.const:.string)
                  0000e3e4    0000004c                            : UARTTiva.oem4f (.const)
                  0000e430    00000048     empty_pem4f.oem4f (.const:.string)
                  0000e478    00000048     drivers_tivaware.aem4f : GPIOTiva.oem4f (.const:gpioBaseAddresses)
                  0000e4c0    0000003c     empty_pem4f.oem4f (.const:ti_sysbios_family_arm_lm4_Timer_Object__PARAMS__C)
                  0000e4fc    0000003c     empty_pem4f.oem4f (.const:ti_sysbios_knl_Task_Object__PARAMS__C)
                  0000e538    00000034     empty_pem4f.oem4f (.const:ti_sysbios_knl_Mailbox_Object__PARAMS__C)
                  0000e56c    00000030     empty_pem4f.oem4f (.const:ti_sysbios_family_arm_m3_Hwi_Object__PARAMS__C)
                  0000e59c    00000030     empty_pem4f.oem4f (.const:ti_sysbios_hal_Timer_Object__PARAMS__C)
                  0000e5cc    0000002c     empty_pem4f.oem4f (.const:ti_sysbios_hal_Hwi_Object__PARAMS__C)
                  0000e5f8    0000002c     empty_pem4f.oem4f (.const:xdc_runtime_Startup_sfxnTab__A)
                  0000e624    00000028     drivers_tivaware.aem4f : UARTTiva.oem4f (.const:UARTTiva_fxnTable)
                  0000e64c    00000028     empty_pem4f.oem4f (.const:ti_sysbios_heaps_HeapMem_Module__FXNS__C)
                  0000e674    00000024     drivers_tivaware.aem4f : UART.oem4f (.const:UART_defaultParams)
                  0000e698    00000024     empty_pem4f.oem4f (.const:ti_sysbios_gates_GateHwi_Module__FXNS__C)
                  0000e6bc    00000024     empty_pem4f.oem4f (.const:ti_sysbios_gates_GateMutex_Module__FXNS__C)
                  0000e6e0    00000024     empty_pem4f.oem4f (.const:ti_sysbios_heaps_HeapMem_Object__PARAMS__C)
                  0000e704    00000024     empty_pem4f.oem4f (.const:ti_sysbios_knl_Clock_Object__PARAMS__C)
                  0000e728    00000024     empty_pem4f.oem4f (.const:ti_sysbios_knl_Semaphore_Object__PARAMS__C)
                  0000e74c    00000020     empty_pem4f.oem4f (.const:ti_sysbios_family_arm_lm4_Timer_Object__DESC__C)
                  0000e76c    00000020     empty_pem4f.oem4f (.const:ti_sysbios_family_arm_m3_Hwi_Object__DESC__C)
                  0000e78c    00000020     empty_pem4f.oem4f (.const:ti_sysbios_gates_GateHwi_Object__DESC__C)
                  0000e7ac    00000020     empty_pem4f.oem4f (.const:ti_sysbios_gates_GateMutex_Object__DESC__C)
                  0000e7cc    00000020     empty_pem4f.oem4f (.const:ti_sysbios_hal_Hwi_Object__DESC__C)
                  0000e7ec    00000020     empty_pem4f.oem4f (.const:ti_sysbios_hal_Timer_Object__DESC__C)
                  0000e80c    00000020     empty_pem4f.oem4f (.const:ti_sysbios_heaps_HeapMem_Object__DESC__C)
                  0000e82c    00000020     empty_pem4f.oem4f (.const:ti_sysbios_knl_Clock_Object__DESC__C)
                  0000e84c    00000020     empty_pem4f.oem4f (.const:ti_sysbios_knl_Mailbox_Object__DESC__C)
                  0000e86c    00000020     empty_pem4f.oem4f (.const:ti_sysbios_knl_Queue_Object__DESC__C)
                  0000e88c    00000020     empty_pem4f.oem4f (.const:ti_sysbios_knl_Semaphore_Object__DESC__C)
                  0000e8ac    00000020     empty_pem4f.oem4f (.const:ti_sysbios_knl_Task_Object__DESC__C)
                  0000e8cc    0000001c     drivers_tivaware.aem4f : I2CTiva.oem4f (.const)
                  0000e8e8    00000018     linemouse_chassis.obj (.const:I2C_config)
                  0000e900    00000018     linemouse_chassis.obj (.const:UART_config)
                  0000e918    00000018     TskIr.obj (.const:_ZN5TskIr5adcChE)
                  0000e930    00000018     empty_pem4f.oem4f (.const:ti_sysbios_gates_GateHwi_Object__PARAMS__C)
                  0000e948    00000018     empty_pem4f.oem4f (.const:ti_sysbios_gates_GateMutex_Object__PARAMS__C)
                  0000e960    00000018     empty_pem4f.oem4f (.const:ti_sysbios_knl_Queue_Object__PARAMS__C)
                  0000e978    00000018     empty_pem4f.oem4f (.const:ti_sysbios_knl_Task_hooks__A)
                  0000e990    00000018     linemouse_chassis.obj (.const:uartTivaHWAttrs)
                  0000e9a8    00000016     empty_pem4f.oem4f (.const:xdc_runtime_Startup_sfxnRts__A)
                  0000e9be    00000002     empty_pem4f.oem4f (.const:ti_sysbios_family_arm_lm4_Timer_Module__id__C)
                  0000e9c0    00000014     linemouse_chassis.obj (.const:GPIOTiva_config)
                  0000e9d4    00000014     empty_pem4f.oem4f (.const:xdc_runtime_Startup_firstFxns__A)
                  0000e9e8    0000000c     linemouse_chassis.obj (.const:i2cTivaHWAttrs)
                  0000e9f4    00000008     empty_pem4f.oem4f (.const:ti_sysbios_family_arm_m3_Hwi_excHookFuncs__A)
                  0000e9fc    00000008     empty_pem4f.oem4f (.const:ti_sysbios_knl_Idle_funcList__A)
                  0000ea04    00000008     empty_pem4f.oem4f (.const:ti_sysbios_knl_Idle_funcList__C)
                  0000ea0c    00000008     empty_pem4f.oem4f (.const:ti_sysbios_knl_Task_hooks__C)
                  0000ea14    00000008     empty_pem4f.oem4f (.const:xdc_runtime_Startup_firstFxns__C)
                  0000ea1c    00000008     empty_pem4f.oem4f (.const:xdc_runtime_Startup_lastFxns__C)
                  0000ea24    00000004     empty_pem4f.oem4f (.const:ti_catalog_arm_cortexm4_tiva_ce_Boot_A_mustUseEnhancedClockMode__C)
                  0000ea28    00000004     empty_pem4f.oem4f (.const:ti_catalog_arm_cortexm4_tiva_ce_Boot_Module__diagsEnabled__C)
                  0000ea2c    00000004     empty_pem4f.oem4f (.const:ti_catalog_arm_cortexm4_tiva_ce_Boot_Module__diagsIncluded__C)
                  0000ea30    00000004     empty_pem4f.oem4f (.const:ti_catalog_arm_cortexm4_tiva_ce_Boot_Module__diagsMask__C)
                  0000ea34    00000004     empty_pem4f.oem4f (.const:ti_sysbios_family_arm_lm4_Timer_E_cannotSupport__C)
                  0000ea38    00000004     empty_pem4f.oem4f (.const:ti_sysbios_family_arm_lm4_Timer_E_invalidTimer__C)
                  0000ea3c    00000004     empty_pem4f.oem4f (.const:ti_sysbios_family_arm_lm4_Timer_E_noaltclk__C)
                  0000ea40    00000004     empty_pem4f.oem4f (.const:ti_sysbios_family_arm_lm4_Timer_E_notAvailable__C)
                  0000ea44    00000004     empty_pem4f.oem4f (.const:ti_sysbios_family_arm_lm4_Timer_anyMask__C)
                  0000ea48    00000004     empty_pem4f.oem4f (.const:ti_sysbios_family_arm_lm4_Timer_disableFunc__C)
                  0000ea4c    00000004     empty_pem4f.oem4f (.const:ti_sysbios_family_arm_lm4_Timer_enableFunc__C)
                  0000ea50    00000004     empty_pem4f.oem4f (.const:ti_sysbios_family_arm_lm4_Timer_numTimerDevices__C)
                  0000ea54    00000004     empty_pem4f.oem4f (.const:ti_sysbios_family_arm_lm4_Timer_startupNeeded__C)
                  0000ea58    00000004     empty_pem4f.oem4f (.const:ti_sysbios_family_arm_m3_Hwi_E_NMI__C)
                  0000ea5c    00000004     empty_pem4f.oem4f (.const:ti_sysbios_family_arm_m3_Hwi_E_alreadyDefined__C)
                  0000ea60    00000004     empty_pem4f.oem4f (.const:ti_sysbios_family_arm_m3_Hwi_E_busFault__C)
                  0000ea64    00000004     empty_pem4f.oem4f (.const:ti_sysbios_family_arm_m3_Hwi_E_debugMon__C)
                  0000ea68    00000004     empty_pem4f.oem4f (.const:ti_sysbios_family_arm_m3_Hwi_E_hardFault__C)
                  0000ea6c    00000004     empty_pem4f.oem4f (.const:ti_sysbios_family_arm_m3_Hwi_E_memFault__C)
                  0000ea70    00000004     empty_pem4f.oem4f (.const:ti_sysbios_family_arm_m3_Hwi_E_noIsr__C)
                  0000ea74    00000004     empty_pem4f.oem4f (.const:ti_sysbios_family_arm_m3_Hwi_E_reserved__C)
                  0000ea78    00000004     empty_pem4f.oem4f (.const:ti_sysbios_family_arm_m3_Hwi_E_svCall__C)
                  0000ea7c    00000004     empty_pem4f.oem4f (.const:ti_sysbios_family_arm_m3_Hwi_E_usageFault__C)
                  0000ea80    00000004     empty_pem4f.oem4f (.const:ti_sysbios_family_arm_m3_Hwi_NUM_INTERRUPTS__C)
                  0000ea84    00000004     empty_pem4f.oem4f (.const:ti_sysbios_family_arm_m3_Hwi_Object__count__C)
                  0000ea88    00000004     empty_pem4f.oem4f (.const:ti_sysbios_family_arm_m3_Hwi_ccr__C)
                  0000ea8c    00000004     empty_pem4f.oem4f (.const:ti_sysbios_family_arm_m3_Hwi_excHandlerFunc__C)
                  0000ea90    00000004     empty_pem4f.oem4f (.const:ti_sysbios_family_arm_m3_Hwi_excHookFuncs__C)
                  0000ea94    00000004     empty_pem4f.oem4f (.const:ti_sysbios_family_arm_m3_Hwi_nullIsrFunc__C)
                  0000ea98    00000004     empty_pem4f.oem4f (.const:ti_sysbios_family_arm_m3_Hwi_priGroup__C)
                  0000ea9c    00000004     empty_pem4f.oem4f (.const:ti_sysbios_family_arm_m3_TaskSupport_stackAlignment__C)
                  0000eaa0    00000004     empty_pem4f.oem4f (.const:ti_sysbios_gates_GateMutex_A_badContext__C)
                  0000eaa4    00000004     empty_pem4f.oem4f (.const:ti_sysbios_gates_GateMutex_Instance_State_sem__O)
                  0000eaa8    00000004     empty_pem4f.oem4f (.const:ti_sysbios_gates_GateMutex_Module__diagsEnabled__C)
                  0000eaac    00000004     empty_pem4f.oem4f (.const:ti_sysbios_gates_GateMutex_Module__diagsIncluded__C)
                  0000eab0    00000004     empty_pem4f.oem4f (.const:ti_sysbios_gates_GateMutex_Module__diagsMask__C)
                  0000eab4    00000004     empty_pem4f.oem4f (.const:ti_sysbios_hal_Hwi_E_stackOverflow__C)
                  0000eab8    00000004     empty_pem4f.oem4f (.const:ti_sysbios_heaps_HeapMem_A_align__C)
                  0000eabc    00000004     empty_pem4f.oem4f (.const:ti_sysbios_heaps_HeapMem_A_heapSize__C)
                  0000eac0    00000004     empty_pem4f.oem4f (.const:ti_sysbios_heaps_HeapMem_A_invalidFree__C)
                  0000eac4    00000004     empty_pem4f.oem4f (.const:ti_sysbios_heaps_HeapMem_A_zeroBlock__C)
                  0000eac8    00000004     empty_pem4f.oem4f (.const:ti_sysbios_heaps_HeapMem_E_memory__C)
                  0000eacc    00000004     empty_pem4f.oem4f (.const:ti_sysbios_heaps_HeapMem_Module__diagsEnabled__C)
                  0000ead0    00000004     empty_pem4f.oem4f (.const:ti_sysbios_heaps_HeapMem_Module__diagsIncluded__C)
                  0000ead4    00000004     empty_pem4f.oem4f (.const:ti_sysbios_heaps_HeapMem_Module__diagsMask__C)
                  0000ead8    00000004     empty_pem4f.oem4f (.const:ti_sysbios_heaps_HeapMem_Module__gateObj__C)
                  0000eadc    00000004     empty_pem4f.oem4f (.const:ti_sysbios_heaps_HeapMem_Object__count__C)
                  0000eae0    00000004     empty_pem4f.oem4f (.const:ti_sysbios_heaps_HeapMem_reqAlign__C)
                  0000eae4    00000004     empty_pem4f.oem4f (.const:ti_sysbios_knl_Clock_A_badThreadType__C)
                  0000eae8    00000004     empty_pem4f.oem4f (.const:ti_sysbios_knl_Clock_Module_State_clockQ__O)
                  0000eaec    00000004     empty_pem4f.oem4f (.const:ti_sysbios_knl_Clock_Module__diagsEnabled__C)
                  0000eaf0    00000004     empty_pem4f.oem4f (.const:ti_sysbios_knl_Clock_Module__diagsIncluded__C)
                  0000eaf4    00000004     empty_pem4f.oem4f (.const:ti_sysbios_knl_Clock_Module__diagsMask__C)
                  0000eaf8    00000004     empty_pem4f.oem4f (.const:ti_sysbios_knl_Mailbox_A_invalidBufSize__C)
                  0000eafc    00000004     empty_pem4f.oem4f (.const:ti_sysbios_knl_Mailbox_Instance_State_dataQue__O)
                  0000eb00    00000004     empty_pem4f.oem4f (.const:ti_sysbios_knl_Mailbox_Instance_State_dataSem__O)
                  0000eb04    00000004     empty_pem4f.oem4f (.const:ti_sysbios_knl_Mailbox_Instance_State_freeQue__O)
                  0000eb08    00000004     empty_pem4f.oem4f (.const:ti_sysbios_knl_Mailbox_Instance_State_freeSem__O)
                  0000eb0c    00000004     empty_pem4f.oem4f (.const:ti_sysbios_knl_Mailbox_Module__diagsEnabled__C)
                  0000eb10    00000004     empty_pem4f.oem4f (.const:ti_sysbios_knl_Mailbox_Module__diagsIncluded__C)
                  0000eb14    00000004     empty_pem4f.oem4f (.const:ti_sysbios_knl_Mailbox_Module__diagsMask__C)
                  0000eb18    00000004     empty_pem4f.oem4f (.const:ti_sysbios_knl_Mailbox_Object__count__C)
                  0000eb1c    00000004     empty_pem4f.oem4f (.const:ti_sysbios_knl_Mailbox_maxTypeAlign__C)
                  0000eb20    00000004     empty_pem4f.oem4f (.const:ti_sysbios_knl_Semaphore_A_badContext__C)
                  0000eb24    00000004     empty_pem4f.oem4f (.const:ti_sysbios_knl_Semaphore_A_noEvents__C)
                  0000eb28    00000004     empty_pem4f.oem4f (.const:ti_sysbios_knl_Semaphore_A_overflow__C)
                  0000eb2c    00000004     empty_pem4f.oem4f (.const:ti_sysbios_knl_Semaphore_A_pendTaskDisabled__C)
                  0000eb30    00000004     empty_pem4f.oem4f (.const:ti_sysbios_knl_Semaphore_Instance_State_pendQ__O)
                  0000eb34    00000004     empty_pem4f.oem4f (.const:ti_sysbios_knl_Semaphore_Module__diagsEnabled__C)
                  0000eb38    00000004     empty_pem4f.oem4f (.const:ti_sysbios_knl_Semaphore_Module__diagsIncluded__C)
                  0000eb3c    00000004     empty_pem4f.oem4f (.const:ti_sysbios_knl_Semaphore_Module__diagsMask__C)
                  0000eb40    00000004     empty_pem4f.oem4f (.const:ti_sysbios_knl_Swi_Object__count__C)
                  0000eb44    00000004     empty_pem4f.oem4f (.const:ti_sysbios_knl_Task_A_badPriority__C)
                  0000eb48    00000004     empty_pem4f.oem4f (.const:ti_sysbios_knl_Task_A_badTaskState__C)
                  0000eb4c    00000004     empty_pem4f.oem4f (.const:ti_sysbios_knl_Task_A_badThreadType__C)
                  0000eb50    00000004     empty_pem4f.oem4f (.const:ti_sysbios_knl_Task_A_badTimeout__C)
                  0000eb54    00000004     empty_pem4f.oem4f (.const:ti_sysbios_knl_Task_A_noPendElem__C)
                  0000eb58    00000004     empty_pem4f.oem4f (.const:ti_sysbios_knl_Task_A_sleepTaskDisabled__C)
                  0000eb5c    00000004     empty_pem4f.oem4f (.const:ti_sysbios_knl_Task_E_spOutOfBounds__C)
                  0000eb60    00000004     empty_pem4f.oem4f (.const:ti_sysbios_knl_Task_E_stackOverflow__C)
                  0000eb64    00000004     empty_pem4f.oem4f (.const:ti_sysbios_knl_Task_Module_State_inactiveQ__O)
                  0000eb68    00000004     empty_pem4f.oem4f (.const:ti_sysbios_knl_Task_Module__diagsEnabled__C)
                  0000eb6c    00000004     empty_pem4f.oem4f (.const:ti_sysbios_knl_Task_Module__diagsIncluded__C)
                  0000eb70    00000004     empty_pem4f.oem4f (.const:ti_sysbios_knl_Task_Module__diagsMask__C)
                  0000eb74    00000004     empty_pem4f.oem4f (.const:ti_sysbios_knl_Task_Object__count__C)
                  0000eb78    00000004     empty_pem4f.oem4f (.const:ti_sysbios_knl_Task_Object__heap__C)
                  0000eb7c    00000004     empty_pem4f.oem4f (.const:ti_sysbios_knl_Task_allBlockedFunc__C)
                  0000eb80    00000004     empty_pem4f.oem4f (.const:ti_sysbios_knl_Task_defaultStackHeap__C)
                  0000eb84    00000004     empty_pem4f.oem4f (.const:ti_sysbios_knl_Task_defaultStackSize__C)
                  0000eb88    00000004     empty_pem4f.oem4f (.const:ti_sysbios_knl_Task_numConstructedTasks__C)
                  0000eb8c    00000004     empty_pem4f.oem4f (.const:ti_sysbios_utils_Load_Module_State_taskList__O)
                  0000eb90    00000004     empty_pem4f.oem4f (.const:ti_sysbios_utils_Load_Module__diagsEnabled__C)
                  0000eb94    00000004     empty_pem4f.oem4f (.const:ti_sysbios_utils_Load_Module__diagsIncluded__C)
                  0000eb98    00000004     empty_pem4f.oem4f (.const:ti_sysbios_utils_Load_Module__diagsMask__C)
                  0000eb9c    00000004     empty_pem4f.oem4f (.const:ti_sysbios_utils_Load_postUpdate__C)
                  0000eba0    00000004     empty_pem4f.oem4f (.const:ti_sysbios_utils_Load_windowInMs__C)
                  0000eba4    00000004     empty_pem4f.oem4f (.const:xdc_runtime_Assert_E_assertFailed__C)
                  0000eba8    00000004     empty_pem4f.oem4f (.const:xdc_runtime_Core_A_initializedParams__C)
                  0000ebac    00000004     empty_pem4f.oem4f (.const:xdc_runtime_Core_Module__diagsEnabled__C)
                  0000ebb0    00000004     empty_pem4f.oem4f (.const:xdc_runtime_Core_Module__diagsIncluded__C)
                  0000ebb4    00000004     empty_pem4f.oem4f (.const:xdc_runtime_Core_Module__diagsMask__C)
                  0000ebb8    00000004     empty_pem4f.oem4f (.const:xdc_runtime_Error_E_memory__C)
                  0000ebbc    00000004     empty_pem4f.oem4f (.const:xdc_runtime_Error_Module__diagsEnabled__C)
                  0000ebc0    00000004     empty_pem4f.oem4f (.const:xdc_runtime_Error_Module__diagsIncluded__C)
                  0000ebc4    00000004     empty_pem4f.oem4f (.const:xdc_runtime_Error_Module__diagsMask__C)
                  0000ebc8    00000004     empty_pem4f.oem4f (.const:xdc_runtime_Error_Module__loggerFxn8__C)
                  0000ebcc    00000004     empty_pem4f.oem4f (.const:xdc_runtime_Error_Module__loggerObj__C)
                  0000ebd0    00000004     empty_pem4f.oem4f (.const:xdc_runtime_Error_policyFxn__C)
                  0000ebd4    00000004     empty_pem4f.oem4f (.const:xdc_runtime_Error_raiseHook__C)
                  0000ebd8    00000004     empty_pem4f.oem4f (.const:xdc_runtime_IGateProvider_Interface__BASE__C)
                  0000ebdc    00000004     empty_pem4f.oem4f (.const:xdc_runtime_IHeap_Interface__BASE__C)
                  0000ebe0    00000004     empty_pem4f.oem4f (.const:xdc_runtime_IModule_Interface__BASE__C)
                  0000ebe4    00000004     empty_pem4f.oem4f (.const:xdc_runtime_Log_L_error__C)
                  0000ebe8    00000004     empty_pem4f.oem4f (.const:xdc_runtime_Memory_defaultHeapInstance__C)
                  0000ebec    00000004     empty_pem4f.oem4f (.const:xdc_runtime_Startup_execImpl__C)
                  0000ebf0    00000004     empty_pem4f.oem4f (.const:xdc_runtime_Startup_lastFxns__A)
                  0000ebf4    00000004     empty_pem4f.oem4f (.const:xdc_runtime_Startup_maxPasses__C)
                  0000ebf8    00000004     empty_pem4f.oem4f (.const:xdc_runtime_Startup_sfxnRts__C)
                  0000ebfc    00000004     empty_pem4f.oem4f (.const:xdc_runtime_Startup_sfxnTab__C)
                  0000ec00    00000004     empty_pem4f.oem4f (.const:xdc_runtime_SysMin_bufSize__C)
                  0000ec04    00000004     empty_pem4f.oem4f (.const:xdc_runtime_SysMin_outputFunc__C)
                  0000ec08    00000004     empty_pem4f.oem4f (.const:xdc_runtime_System_Module__gateObj__C)
                  0000ec0c    00000004     empty_pem4f.oem4f (.const:xdc_runtime_System_abortFxn__C)
                  0000ec10    00000004     empty_pem4f.oem4f (.const:xdc_runtime_System_exitFxn__C)
                  0000ec14    00000004     empty_pem4f.oem4f (.const:xdc_runtime_System_extendFxn__C)
                  0000ec18    00000004     empty_pem4f.oem4f (.const:xdc_runtime_System_maxAtexitHandlers__C)
                  0000ec1c    00000004     empty_pem4f.oem4f (.const:xdc_runtime_Text_charTab__C)
                  0000ec20    00000004     empty_pem4f.oem4f (.const:xdc_runtime_Text_nameEmpty__C)
[...]
0000ea94  ti_sysbios_family_arm_m3_Hwi_nullIsrFunc__C                       
0000ea98  ti_sysbios_family_arm_m3_Hwi_priGroup__C                          
0000ea9c  ti_sysbios_family_arm_m3_TaskSupport_stackAlignment__C            
0000eaa0  ti_sysbios_gates_GateMutex_A_badContext__C                        
0000eaa4  ti_sysbios_gates_GateMutex_Instance_State_sem__O                  
0000eaa8  ti_sysbios_gates_GateMutex_Module__diagsEnabled__C                
0000eaac  ti_sysbios_gates_GateMutex_Module__diagsIncluded__C               
0000eab0  ti_sysbios_gates_GateMutex_Module__diagsMask__C                   
0000eab4  ti_sysbios_hal_Hwi_E_stackOverflow__C                             
0000eab8  ti_sysbios_heaps_HeapMem_A_align__C                               
0000eabc  ti_sysbios_heaps_HeapMem_A_heapSize__C                            
0000eac0  ti_sysbios_heaps_HeapMem_A_invalidFree__C                         
0000eac4  ti_sysbios_heaps_HeapMem_A_zeroBlock__C                           
0000eac8  ti_sysbios_heaps_HeapMem_E_memory__C                              
0000eacc  ti_sysbios_heaps_HeapMem_Module__diagsEnabled__C                  
0000ead0  ti_sysbios_heaps_HeapMem_Module__diagsIncluded__C                 
0000ead4  ti_sysbios_heaps_HeapMem_Module__diagsMask__C                     
0000ead8  ti_sysbios_heaps_HeapMem_Module__gateObj__C                       
0000eadc  ti_sysbios_heaps_HeapMem_Object__count__C                         
0000eae0  ti_sysbios_heaps_HeapMem_reqAlign__C                              
0000eae4  ti_sysbios_knl_Clock_A_badThreadType__C                           
0000eae8  ti_sysbios_knl_Clock_Module_State_clockQ__O                       
0000eaec  ti_sysbios_knl_Clock_Module__diagsEnabled__C                      
0000eaf0  ti_sysbios_knl_Clock_Module__diagsIncluded__C                     
0000eaf4  ti_sysbios_knl_Clock_Module__diagsMask__C                         
0000eaf8  ti_sysbios_knl_Mailbox_A_invalidBufSize__C                        
0000eafc  ti_sysbios_knl_Mailbox_Instance_State_dataQue__O                  
0000eb00  ti_sysbios_knl_Mailbox_Instance_State_dataSem__O                  
0000eb04  ti_sysbios_knl_Mailbox_Instance_State_freeQue__O                  
0000eb08  ti_sysbios_knl_Mailbox_Instance_State_freeSem__O                  
0000eb0c  ti_sysbios_knl_Mailbox_Module__diagsEnabled__C                    
0000eb10  ti_sysbios_knl_Mailbox_Module__diagsIncluded__C                   
0000eb14  ti_sysbios_knl_Mailbox_Module__diagsMask__C                       
0000eb18  ti_sysbios_knl_Mailbox_Object__count__C                           
0000eb1c  ti_sysbios_knl_Mailbox_maxTypeAlign__C                            
0000eb20  ti_sysbios_knl_Semaphore_A_badContext__C                          
0000eb24  ti_sysbios_knl_Semaphore_A_noEvents__C                            
0000eb28  ti_sysbios_knl_Semaphore_A_overflow__C                            
0000eb2c  ti_sysbios_knl_Semaphore_A_pendTaskDisabled__C                    
0000eb30  ti_sysbios_knl_Semaphore_Instance_State_pendQ__O                  
0000eb34  ti_sysbios_knl_Semaphore_Module__diagsEnabled__C                  
0000eb38  ti_sysbios_knl_Semaphore_Module__diagsIncluded__C                 
0000eb3c  ti_sysbios_knl_Semaphore_Module__diagsMask__C                     
0000eb40  ti_sysbios_knl_Swi_Object__count__C                               
0000eb44  ti_sysbios_knl_Task_A_badPriority__C                              
0000eb48  ti_sysbios_knl_Task_A_badTaskState__C                             
0000eb4c  ti_sysbios_knl_Task_A_badThreadType__C                            
0000eb50  ti_sysbios_knl_Task_A_badTimeout__C                               
0000eb54  ti_sysbios_knl_Task_A_noPendElem__C                               
0000eb58  ti_sysbios_knl_Task_A_sleepTaskDisabled__C                        
0000eb5c  ti_sysbios_knl_Task_E_spOutOfBounds__C                            
0000eb60  ti_sysbios_knl_Task_E_stackOverflow__C                            
0000eb64  ti_sysbios_knl_Task_Module_State_inactiveQ__O                     
0000eb68  ti_sysbios_knl_Task_Module__diagsEnabled__C                       
0000eb6c  ti_sysbios_knl_Task_Module__diagsIncluded__C                      
0000eb70  ti_sysbios_knl_Task_Module__diagsMask__C                          
0000eb74  ti_sysbios_knl_Task_Object__count__C                              
0000eb78  ti_sysbios_knl_Task_Object__heap__C                               
0000eb7c  ti_sysbios_knl_Task_allBlockedFunc__C                             
0000eb80  ti_sysbios_knl_Task_defaultStackHeap__C                           
0000eb84  ti_sysbios_knl_Task_defaultStackSize__C                           
0000eb88  ti_sysbios_knl_Task_numConstructedTasks__C                        
0000eb8c  ti_sysbios_utils_Load_Module_State_taskList__O                    
0000eb90  ti_sysbios_utils_Load_Module__diagsEnabled__C                     
0000eb94  ti_sysbios_utils_Load_Module__diagsIncluded__C                    
0000eb98  ti_sysbios_utils_Load_Module__diagsMask__C                        
0000eb9c  ti_sysbios_utils_Load_postUpdate__C                               
0000eba0  ti_sysbios_utils_Load_windowInMs__C                               
0000eba4  xdc_runtime_Assert_E_assertFailed__C                              
0000eba8  xdc_runtime_Core_A_initializedParams__C                           
0000ebac  xdc_runtime_Core_Module__diagsEnabled__C                          
0000ebb0  xdc_runtime_Core_Module__diagsIncluded__C                         
0000ebb4  xdc_runtime_Core_Module__diagsMask__C                             
0000ebb8  xdc_runtime_Error_E_memory__C                                     
0000ebbc  xdc_runtime_Error_Module__diagsEnabled__C                         
0000ebc0  xdc_runtime_Error_Module__diagsIncluded__C                        
0000ebc4  xdc_runtime_Error_Module__diagsMask__C                            
0000ebc8  xdc_runtime_Error_Module__loggerFxn8__C                           
0000ebcc  xdc_runtime_Error_Module__loggerObj__C                            
0000ebd0  xdc_runtime_Error_policyFxn__C                                    
0000ebd4  xdc_runtime_Error_raiseHook__C                                    
0000ebd8  xdc_runtime_IGateProvider_Interface__BASE__C                      
0000ebdc  xdc_runtime_IHeap_Interface__BASE__C                              
0000ebe0  xdc_runtime_IModule_Interface__BASE__C                            
0000ebe4  xdc_runtime_Log_L_error__C                                        
0000ebe8  xdc_runtime_Memory_defaultHeapInstance__C                         
0000ebec  xdc_runtime_Startup_execImpl__C                                   
0000ebf0  xdc_runtime_Startup_lastFxns__A                                   
0000ebf4  xdc_runtime_Startup_maxPasses__C                                  
0000ebf8  xdc_runtime_Startup_sfxnRts__C                                    
0000ebfc  xdc_runtime_Startup_sfxnTab__C                                    
0000ec00  xdc_runtime_SysMin_bufSize__C                                     
0000ec04  xdc_runtime_SysMin_outputFunc__C                                  
0000ec08  xdc_runtime_System_Module__gateObj__C                             
0000ec0c  xdc_runtime_System_abortFxn__C                                    
0000ec10  xdc_runtime_System_exitFxn__C                                     
0000ec14  xdc_runtime_System_extendFxn__C                                   
0000ec18  xdc_runtime_System_maxAtexitHandlers__C                           
0000ec1c  xdc_runtime_Text_charTab__C                                       
0000ec20  xdc_runtime_Text_nameEmpty__C                                     
0000ec24  xdc_runtime_Text_nameStatic__C                                    
0000ec28  xdc_runtime_Text_nameUnknown__C                                   
0000ec2c  xdc_runtime_Text_nodeTab__C                                       
0000ec30  xdc_runtime_Text_visitRopeFxn__C                                  
0000ec34  ti_sysbios_family_arm_lm4_Timer_supportsAltclk__C                 
0000ec36  ti_sysbios_family_arm_lm4_TimestampProvider_useClockTimer__C      
0000ec38  ti_sysbios_family_arm_m3_Hwi_Module__id__C                        
0000ec3a  ti_sysbios_gates_GateMutex_Module__id__C                          
0000ec3c  ti_sysbios_hal_Hwi_Module__id__C                                  
0000ec3e  ti_sysbios_heaps_HeapMem_Module__id__C                            
0000ec40  ti_sysbios_knl_Clock_Module__id__C                                
0000ec42  ti_sysbios_knl_Mailbox_Module__id__C                              
0000ec44  ti_sysbios_knl_Semaphore_Module__id__C                            
0000ec46  ti_sysbios_knl_Task_Module__id__C                                 
0000ec48  ti_sysbios_utils_Load_Module__id__C                               
0000ec4a  ti_sysbios_utils_Load_autoAddTasks__C                             
0000ec4c  ti_sysbios_utils_Load_updateInIdle__C                             
0000ec4e  xdc_runtime_Core_Module__id__C                                    
0000ec50  xdc_runtime_Error_Module__loggerDefined__C                        
0000ec52  xdc_runtime_Error_maxDepth__C                                     
0000ec54  xdc_runtime_Memory_Module__id__C                                  
0000ec56  xdc_runtime_SysMin_flushAtExit__C                                 
0000ec58  xdc_runtime_Text_charCnt__C                                       
0000ec5a  xdc_runtime_Text_isLoaded__C                                      
0000ec5c  xdc_runtime_Text_registryModsLastId__C                            
0000ec5e  xdc_runtime_Text_unnamedModsLastId__C                             
0000ec60  __TI_static_base__                                                
0000f054  __TI_Handler_Table_Base                                           
0000f05c  __TI_CINIT_Base                                                   
0000f05c  __TI_Handler_Table_Limit                                          
0000f074  __TI_CINIT_Limit                                                  
20000000  ti_sysbios_family_arm_m3_Hwi_ramVectors                           
20000360  ti_sysbios_heaps_HeapMem_Instance_State_0_buf__A                  
20004360  _ZN6TskTop8databaseE                                              
20006a70  ti_sysbios_family_arm_m3_Hwi_dispatchTable                        
20006dd0  ti_sysbios_knl_Task_Instance_State_0_stack__A                     
20006fd0  __CIOBUF_                                                         
200070f0  uartTivaObjects                                                   
2000724c  i2cTivaObjects                                                    
200072cc  uartTivaRingBuffer                                                
2000734c  xdc_runtime_SysMin_Module_State_0_outbuf__A                       
200073cc  _ZN6TskTop6dbgStrE                                                
2000741c  _ZN6TskTop9tskParamsE                                             
20007458  _ZN9TskAction9tskParamsE                                          
20007494  _ZN5TskIr13irTimerParamsE                                         
200074c4  hwiQeiParams                                                      
200074f0  _ZN5TskIr8IrBinThsE                                               
20007508  _ZN9TskAction9desiresrcE                                          
20007518  _ZN5TskIr6IrBinsE                                                 
2000751e  _ZN5TskIr6IrBallE                                                 
2000751f  _ZN5TskIr8IrBorderE                                               
20007520  SemActTick                                                        
20007524  SemIrTick                                                         
20007528  SemMotTick                                                        
2000752c  _ZN5TskIr14SemIrAdcFinishE                                        
20007530  _ZN5TskIr3tskE                                                    
20007534  _ZN5TskIr6IrYawLE                                                 
20007538  _ZN5TskIr6IrYawRE                                                 
2000753c  _ZN5TskIr7irTimerE                                                
20007540  _ZN6TskTop3tskE                                                   
20007544  _ZN8TskMotor2AVE                                                  
20007548  _ZN8TskMotor2LVE                                                  
2000754c  _ZN8TskMotor3tskE                                                 
20007550  _ZN8TskMotor5MbCmdE                                               
20007554  _ZN8TskMotor6EncVelE                                              
20007558  _ZN8TskMotor6QMotorE                                              
2000755c  _ZN9TskAction3tskE                                                
20007560  _ZN9TskAction5MbCmdE                                              
20007564  _ZN9TskSolver3tskE                                                
20007568  _ZN9TskSolver5MbCmdE                                              
2000756c  dbgUart                                                           
20007574  hwiQeiHandle                                                      
20007578  semDbgUart                                                        
2000757c  ti_sysbios_knl_Task_Instance_State_0_hookEnv__A                   
20007580  _ZN5TskIr8IrNoLineE                                               
20007581  _ZN6TskTop4ModeE                                                  
20007584  ti_sysbios_utils_Load_Module__state__V                            
2000761c  ti_sysbios_family_arm_lm4_Timer_Object__table__V                  
2000769c  ti_sysbios_knl_Swi_Module_State_0_readyQ__A                       
2000771c  ti_sysbios_knl_Task_Module_State_0_readyQ__A                      
2000779c  ti_sysbios_knl_Task_Object__table__V                              
200077e8  ti_sysbios_knl_Task_Module__state__V                              
2000782c  ti_sysbios_gates_GateMutex_Object__table__V                       
20007864  ti_sysbios_family_arm_m3_Hwi_Module__state__V                     
20007898  ti_sysbios_family_arm_lm4_Timer_Module_State_0_device__A          
200078c8  ti_sysbios_family_arm_m3_Hwi_Object__table__V                     
200078f8  ti_sysbios_knl_Swi_Object__table__V                               
20007928  ti_sysbios_knl_Clock_Module__state__V                             
20007954  _ZN8TskMotor7EncRActE                                             
20007955  _ZN8TskMotor7EncLActE                                             
20007958  _ZN8TskMotor7EncRVelE                                             
2000795c  _ZN8TskMotor7EncLVelE                                             
20007960  _ZN8TskMotor11DistanceAccE                                        
20007964  _ZN8TskMotor12ServoPwmTestE                                       
20007968  _ZN8TskMotor12DistanceAccLE                                       
2000796c  _ZN8TskMotor12DistanceAccRE                                       
20007970  _ZN8TskMotor8CurrentVE                                            
20007974  _ZN8TskMotor6OmgAdjE                                              
20007978  _ZN8TskMotor11TemperatureE                                        
2000797c  _ZN8TskMotor12MotorEnabledE                                       
2000797d  _ZN8TskMotor13PwmtestEnableE                                      
2000797e  _ZN8TskMotor14Unit_rspEnableE                                     
20007980  ti_sysbios_BIOS_Module__state__V                                  
200079a4  ti_sysbios_knl_Swi_Module__state__V                               
200079c0  ti_sysbios_utils_Load_Module_State_0_taskEnv__A                   
200079dc  gpioPinConfigs                                                    
200079f4  ti_sysbios_family_arm_lm4_Timer_Module_State_0_handles__A         
20007a0c  ti_sysbios_heaps_HeapMem_Object__table__V                         
20007a24  __TI_cleanup_ptr                                                  
20007a28  __TI_dtors_ptr                                                    
20007a2c  __TI_enable_exit_profile_output                                   
20007a30  _ZN5TskIr6IrIntsE                                                 
20007a3c  ti_sysbios_family_arm_lm4_Timer_Module__state__V                  
20007a48  xdc_runtime_SysMin_Module__state__V                               
20007a54  _lock                                                             
20007a58  _unlock                                                           
20007a5c  gpioCallbackFunctions                                             
20007a64  ti_sysbios_family_arm_lm4_Timer_Module__root__V                   
20007a6c  ti_sysbios_family_arm_lm4_TimestampProvider_Module__state__V      
20007a74  ti_sysbios_family_arm_m3_Hwi_Module__root__V                      
20007a7c  ti_sysbios_gates_GateHwi_Module__root__V                          
20007a84  ti_sysbios_gates_GateMutex_Module__root__V                        
20007a8c  ti_sysbios_hal_Hwi_Module__root__V                                
20007a94  ti_sysbios_hal_Timer_Module__root__V                              
20007a9c  ti_sysbios_heaps_HeapMem_Module__root__V                          
20007aa4  ti_sysbios_knl_Clock_Module__root__V                              
20007aac  ti_sysbios_knl_Mailbox_Module__root__V                            
20007ab4  ti_sysbios_knl_Queue_Module__root__V                              
20007abc  ti_sysbios_knl_Semaphore_Module__root__V                          
20007ac4  ti_sysbios_knl_Task_Module__root__V                               
20007acc  xdc_runtime_Registry_Module__state__V                             
20007ad4  xdc_runtime_Startup_Module__state__V                              
20007adc  xdc_runtime_System_Module_State_0_atexitHandlers__A               
20007ae4  xdc_runtime_System_Module__state__V                               
20007aec  _ZN6TskTop7secreadE                                               
20007af0  _ZN6TskTop6LvtestE                                                
20007af1  _ZN6TskTop7ExecuteE                                               
20007af2  ti_sysbios_family_arm_m3_Hwi_Module_State_0_excActive__A          
20007afa  xdc_runtime_Error_Module__state__V                                
20007afc  _ZN5TskIr2chE                                                     
20007b08  errno                                                             
20007b0c  main_func_sp                                                      
20007b10  _new_handler                                                      
20007b14  ti_sysbios_family_arm_m3_Hwi_Module_State_0_excContext__A         
20007b18  ti_sysbios_family_arm_m3_Hwi_Module_State_0_excStack__A           
20007b1c  ti_sysbios_gates_GateHwi_Object__table__V                         
20007b20  ti_sysbios_knl_Task_Module_State_0_idleTask__A                    
20007b24  ti_sysbios_utils_Load_Module_State_0_runningTask__A               
20007b28  ti_sysbios_utils_Load_Module_State_0_taskStartTime__A             
20007b2c  xdc_runtime_Memory_Module__state__V                               
20007b30  __stack                                                           
20007f30  __STACK_END                                                       
e000e000  ti_sysbios_family_arm_m3_Hwi_nvic                                 
ffffffff  __TI_pprof_out_hndl                                               
ffffffff  __TI_prof_data_size                                               
ffffffff  __TI_prof_data_start                                              
ffffffff  __binit__                                                         
ffffffff  __c_args__                                                        
ffffffff  binit                                                             

[906 symbols]
